Archive member included to satisfy reference by file (symbol)

C:/ST/STM32CubeIDE_2.2.0/STM32CubeIDE/plugins/com.st.stm32cube.ide.mcu.externaltools.gnu-tools-for-stm32.14.3.rel1.win32_1.0.100.202602081740/tools/bin/../lib/gcc/arm-none-eabi/14.3.1/../../../../arm-none-eabi/lib/thumb/v7-m/nofp\libc_nano.a(libc_a-exit.o)
                              C:/ST/STM32CubeIDE_2.2.0/STM32CubeIDE/plugins/com.st.stm32cube.ide.mcu.externaltools.gnu-tools-for-stm32.14.3.rel1.win32_1.0.100.202602081740/tools/bin/../lib/gcc/arm-none-eabi/14.3.1/../../../../arm-none-eabi/lib/thumb/v7-m/nofp/crt0.o (exit)
C:/ST/STM32CubeIDE_2.2.0/STM32CubeIDE/plugins/com.st.stm32cube.ide.mcu.externaltools.gnu-tools-for-stm32.14.3.rel1.win32_1.0.100.202602081740/tools/bin/../lib/gcc/arm-none-eabi/14.3.1/../../../../arm-none-eabi/lib/thumb/v7-m/nofp\libc_nano.a(libc_a-findfp.o)
                              C:/ST/STM32CubeIDE_2.2.0/STM32CubeIDE/plugins/com.st.stm32cube.ide.mcu.externaltools.gnu-tools-for-stm32.14.3.rel1.win32_1.0.100.202602081740/tools/bin/../lib/gcc/arm-none-eabi/14.3.1/../../../../arm-none-eabi/lib/thumb/v7-m/nofp\libc_nano.a(libc_a-exit.o) (__stdio_exit_handler)
C:/ST/STM32CubeIDE_2.2.0/STM32CubeIDE/plugins/com.st.stm32cube.ide.mcu.externaltools.gnu-tools-for-stm32.14.3.rel1.win32_1.0.100.202602081740/tools/bin/../lib/gcc/arm-none-eabi/14.3.1/../../../../arm-none-eabi/lib/thumb/v7-m/nofp\libc_nano.a(libc_a-fwalk.o)
                              C:/ST/STM32CubeIDE_2.2.0/STM32CubeIDE/plugins/com.st.stm32cube.ide.mcu.externaltools.gnu-tools-for-stm32.14.3.rel1.win32_1.0.100.202602081740/tools/bin/../lib/gcc/arm-none-eabi/14.3.1/../../../../arm-none-eabi/lib/thumb/v7-m/nofp\libc_nano.a(libc_a-findfp.o) (_fwalk_sglue)
C:/ST/STM32CubeIDE_2.2.0/STM32CubeIDE/plugins/com.st.stm32cube.ide.mcu.externaltools.gnu-tools-for-stm32.14.3.rel1.win32_1.0.100.202602081740/tools/bin/../lib/gcc/arm-none-eabi/14.3.1/../../../../arm-none-eabi/lib/thumb/v7-m/nofp\libc_nano.a(libc_a-stdio.o)
                              C:/ST/STM32CubeIDE_2.2.0/STM32CubeIDE/plugins/com.st.stm32cube.ide.mcu.externaltools.gnu-tools-for-stm32.14.3.rel1.win32_1.0.100.202602081740/tools/bin/../lib/gcc/arm-none-eabi/14.3.1/../../../../arm-none-eabi/lib/thumb/v7-m/nofp\libc_nano.a(libc_a-findfp.o) (__sread)
C:/ST/STM32CubeIDE_2.2.0/STM32CubeIDE/plugins/com.st.stm32cube.ide.mcu.externaltools.gnu-tools-for-stm32.14.3.rel1.win32_1.0.100.202602081740/tools/bin/../lib/gcc/arm-none-eabi/14.3.1/../../../../arm-none-eabi/lib/thumb/v7-m/nofp\libc_nano.a(libc_a-memmove.o)
                              ./Core/Src/main.o (memmove)
C:/ST/STM32CubeIDE_2.2.0/STM32CubeIDE/plugins/com.st.stm32cube.ide.mcu.externaltools.gnu-tools-for-stm32.14.3.rel1.win32_1.0.100.202602081740/tools/bin/../lib/gcc/arm-none-eabi/14.3.1/../../../../arm-none-eabi/lib/thumb/v7-m/nofp\libc_nano.a(libc_a-memset.o)
                              C:/ST/STM32CubeIDE_2.2.0/STM32CubeIDE/plugins/com.st.stm32cube.ide.mcu.externaltools.gnu-tools-for-stm32.14.3.rel1.win32_1.0.100.202602081740/tools/bin/../lib/gcc/arm-none-eabi/14.3.1/../../../../arm-none-eabi/lib/thumb/v7-m/nofp/crt0.o (memset)
C:/ST/STM32CubeIDE_2.2.0/STM32CubeIDE/plugins/com.st.stm32cube.ide.mcu.externaltools.gnu-tools-for-stm32.14.3.rel1.win32_1.0.100.202602081740/tools/bin/../lib/gcc/arm-none-eabi/14.3.1/../../../../arm-none-eabi/lib/thumb/v7-m/nofp\libc_nano.a(libc_a-closer.o)
                              C:/ST/STM32CubeIDE_2.2.0/STM32CubeIDE/plugins/com.st.stm32cube.ide.mcu.externaltools.gnu-tools-for-stm32.14.3.rel1.win32_1.0.100.202602081740/tools/bin/../lib/gcc/arm-none-eabi/14.3.1/../../../../arm-none-eabi/lib/thumb/v7-m/nofp\libc_nano.a(libc_a-stdio.o) (_close_r)
C:/ST/STM32CubeIDE_2.2.0/STM32CubeIDE/plugins/com.st.stm32cube.ide.mcu.externaltools.gnu-tools-for-stm32.14.3.rel1.win32_1.0.100.202602081740/tools/bin/../lib/gcc/arm-none-eabi/14.3.1/../../../../arm-none-eabi/lib/thumb/v7-m/nofp\libc_nano.a(libc_a-reent.o)
                              C:/ST/STM32CubeIDE_2.2.0/STM32CubeIDE/plugins/com.st.stm32cube.ide.mcu.externaltools.gnu-tools-for-stm32.14.3.rel1.win32_1.0.100.202602081740/tools/bin/../lib/gcc/arm-none-eabi/14.3.1/../../../../arm-none-eabi/lib/thumb/v7-m/nofp\libc_nano.a(libc_a-closer.o) (errno)
C:/ST/STM32CubeIDE_2.2.0/STM32CubeIDE/plugins/com.st.stm32cube.ide.mcu.externaltools.gnu-tools-for-stm32.14.3.rel1.win32_1.0.100.202602081740/tools/bin/../lib/gcc/arm-none-eabi/14.3.1/../../../../arm-none-eabi/lib/thumb/v7-m/nofp\libc_nano.a(libc_a-impure.o)
                              C:/ST/STM32CubeIDE_2.2.0/STM32CubeIDE/plugins/com.st.stm32cube.ide.mcu.externaltools.gnu-tools-for-stm32.14.3.rel1.win32_1.0.100.202602081740/tools/bin/../lib/gcc/arm-none-eabi/14.3.1/../../../../arm-none-eabi/lib/thumb/v7-m/nofp\libc_nano.a(libc_a-reent.o) (_impure_ptr)
[...]
Memory Configuration

Name             Origin             Length             Attributes
RAM              0x20000000         0x00005000         xrw
FLASH            0x08000000         0x00010000         xr
*default*        0x00000000         0xffffffff

Linker script and memory map

LOAD C:/ST/STM32CubeIDE_2.2.0/STM32CubeIDE/plugins/com.st.stm32cube.ide.mcu.externaltools.gnu-tools-for-stm32.14.3.rel1.win32_1.0.100.202602081740/tools/bin/../lib/gcc/arm-none-eabi/14.3.1/thumb/v7-m/nofp/crti.o
LOAD C:/ST/STM32CubeIDE_2.2.0/STM32CubeIDE/plugins/com.st.stm32cube.ide.mcu.externaltools.gnu-tools-for-stm32.14.3.rel1.win32_1.0.100.202602081740/tools/bin/../lib/gcc/arm-none-eabi/14.3.1/thumb/v7-m/nofp/crtbegin.o
LOAD C:/ST/STM32CubeIDE_2.2.0/STM32CubeIDE/plugins/com.st.stm32cube.ide.mcu.externaltools.gnu-tools-for-stm32.14.3.rel1.win32_1.0.100.202602081740/tools/bin/../lib/gcc/arm-none-eabi/14.3.1/../../../../arm-none-eabi/lib/thumb/v7-m/nofp/crt0.o
LOAD ./Core/Src/main.o
LOAD ./Core/Src/stm32f1xx_hal_msp.o
LOAD ./Core/Src/stm32f1xx_it.o
LOAD ./Core/Src/syscalls.o
LOAD ./Core/Src/sysmem.o
LOAD ./Core/Src/system_stm32f1xx.o
LOAD ./Core/Startup/startup_stm32f103c8tx.o
LOAD ./Drivers/STM32F1xx_HAL_Driver/Src/stm32f1xx_hal.o
LOAD ./Drivers/STM32F1xx_HAL_Driver/Src/stm32f1xx_hal_adc.o
LOAD ./Drivers/STM32F1xx_HAL_Driver/Src/stm32f1xx_hal_adc_ex.o
LOAD ./Drivers/STM32F1xx_HAL_Driver/Src/stm32f1xx_hal_cortex.o
LOAD ./Drivers/STM32F1xx_HAL_Driver/Src/stm32f1xx_hal_dma.o
LOAD ./Drivers/STM32F1xx_HAL_Driver/Src/stm32f1xx_hal_exti.o
LOAD ./Drivers/STM32F1xx_HAL_Driver/Src/stm32f1xx_hal_flash.o
LOAD ./Drivers/STM32F1xx_HAL_Driver/Src/stm32f1xx_hal_flash_ex.o
LOAD ./Drivers/STM32F1xx_HAL_Driver/Src/stm32f1xx_hal_gpio.o
LOAD ./Drivers/STM32F1xx_HAL_Driver/Src/stm32f1xx_hal_gpio_ex.o
LOAD ./Drivers/STM32F1xx_HAL_Driver/Src/stm32f1xx_hal_i2c.o
LOAD ./Drivers/STM32F1xx_HAL_Driver/Src/stm32f1xx_hal_pwr.o
LOAD ./Drivers/STM32F1xx_HAL_Driver/Src/stm32f1xx_hal_rcc.o
LOAD ./Drivers/STM32F1xx_HAL_Driver/Src/stm32f1xx_hal_rcc_ex.o
LOAD ./Drivers/STM32F1xx_HAL_Driver/Src/stm32f1xx_hal_tim.o
LOAD ./Drivers/STM32F1xx_HAL_Driver/Src/stm32f1xx_hal_tim_ex.o
LOAD ./Drivers/STM32F1xx_HAL_Driver/Src/stm32f1xx_hal_uart.o
START GROUP
LOAD C:/ST/STM32CubeIDE_2.2.0/STM32CubeIDE/plugins/com.st.stm32cube.ide.mcu.externaltools.gnu-tools-for-stm32.14.3.rel1.win32_1.0.100.202602081740/tools/bin/../lib/gcc/arm-none-eabi/14.3.1/../../../../arm-none-eabi/lib/thumb/v7-m/nofp\libc_nano.a
LOAD C:/ST/STM32CubeIDE_2.2.0/STM32CubeIDE/plugins/com.st.stm32cube.ide.mcu.externaltools.gnu-tools-for-stm32.14.3.rel1.win32_1.0.100.202602081740/tools/bin/../lib/gcc/arm-none-eabi/14.3.1/../../../../arm-none-eabi/lib/thumb/v7-m/nofp\libm.a
END GROUP
START GROUP
LOAD C:/ST/STM32CubeIDE_2.2.0/STM32CubeIDE/plugins/com.st.stm32cube.ide.mcu.externaltools.gnu-tools-for-stm32.14.3.rel1.win32_1.0.100.202602081740/tools/bin/../lib/gcc/arm-none-eabi/14.3.1/thumb/v7-m/nofp\libgcc.a
LOAD C:/ST/STM32CubeIDE_2.2.0/STM32CubeIDE/plugins/com.st.stm32cube.ide.mcu.externaltools.gnu-tools-for-stm32.14.3.rel1.win32_1.0.100.202602081740/tools/bin/../lib/gcc/arm-none-eabi/14.3.1/../../../../arm-none-eabi/lib/thumb/v7-m/nofp\libc_nano.a
END GROUP
START GROUP
LOAD C:/ST/STM32CubeIDE_2.2.0/STM32CubeIDE/plugins/com.st.stm32cube.ide.mcu.externaltools.gnu-tools-for-stm32.14.3.rel1.win32_1.0.100.202602081740/tools/bin/../lib/gcc/arm-none-eabi/14.3.1/thumb/v7-m/nofp\libgcc.a
LOAD C:/ST/STM32CubeIDE_2.2.0/STM32CubeIDE/plugins/com.st.stm32cube.ide.mcu.externaltools.gnu-tools-for-stm32.14.3.rel1.win32_1.0.100.202602081740/tools/bin/../lib/gcc/arm-none-eabi/14.3.1/../../../../arm-none-eabi/lib/thumb/v7-m/nofp\libc_nano.a
LOAD C:/ST/STM32CubeIDE_2.2.0/STM32CubeIDE/plugins/com.st.stm32cube.ide.mcu.externaltools.gnu-tools-for-stm32.14.3.rel1.win32_1.0.100.202602081740/tools/bin/../lib/gcc/arm-none-eabi/14.3.1/../../../../arm-none-eabi/lib/thumb/v7-m/nofp\libnosys.a
END GROUP
START GROUP
LOAD C:/ST/STM32CubeIDE_2.2.0/STM32CubeIDE/plugins/com.st.stm32cube.ide.mcu.externaltools.gnu-tools-for-stm32.14.3.rel1.win32_1.0.100.202602081740/tools/bin/../lib/gcc/arm-none-eabi/14.3.1/thumb/v7-m/nofp\libgcc.a
LOAD C:/ST/STM32CubeIDE_2.2.0/STM32CubeIDE/plugins/com.st.stm32cube.ide.mcu.externaltools.gnu-tools-for-stm32.14.3.rel1.win32_1.0.100.202602081740/tools/bin/../lib/gcc/arm-none-eabi/14.3.1/../../../../arm-none-eabi/lib/thumb/v7-m/nofp\libc_nano.a
LOAD C:/ST/STM32CubeIDE_2.2.0/STM32CubeIDE/plugins/com.st.stm32cube.ide.mcu.externaltools.gnu-tools-for-stm32.14.3.rel1.win32_1.0.100.202602081740/tools/bin/../lib/gcc/arm-none-eabi/14.3.1/../../../../arm-none-eabi/lib/thumb/v7-m/nofp\libnosys.a
END GROUP
LOAD C:/ST/STM32CubeIDE_2.2.0/STM32CubeIDE/plugins/com.st.stm32cube.ide.mcu.externaltools.gnu-tools-for-stm32.14.3.rel1.win32_1.0.100.202602081740/tools/bin/../lib/gcc/arm-none-eabi/14.3.1/thumb/v7-m/nofp/crtend.o
LOAD C:/ST/STM32CubeIDE_2.2.0/STM32CubeIDE/plugins/com.st.stm32cube.ide.mcu.externaltools.gnu-tools-for-stm32.14.3.rel1.win32_1.0.100.202602081740/tools/bin/../lib/gcc/arm-none-eabi/14.3.1/thumb/v7-m/nofp/crtn.o
                0x20005000                        _estack = (ORIGIN (RAM) + LENGTH (RAM))
                0x00000200                        _Min_Heap_Size = 0x200
                0x00000400                        _Min_Stack_Size = 0x400

.isr_vector     0x08000000      0x10c
                0x08000000                        . = ALIGN (0x4)
 *(.isr_vector)
 .isr_vector    0x08000000      0x10c ./Core/Startup/startup_stm32f103c8tx.o
                0x08000000                g_pfnVectors
                0x0800010c                        . = ALIGN (0x4)

.text           0x0800010c     0x9290
                0x0800010c                        . = ALIGN (0x4)
 *(.text)
 .text          0x0800010c       0x40 C:/ST/STM32CubeIDE_2.2.0/STM32CubeIDE/plugins/com.st.stm32cube.ide.mcu.externaltools.gnu-tools-for-stm32.14.3.rel1.win32_1.0.100.202602081740/tools/bin/../lib/gcc/arm-none-eabi/14.3.1/thumb/v7-m/nofp/crtbegin.o
 .text          0x0800014c      0x21c C:/ST/STM32CubeIDE_2.2.0/STM32CubeIDE/plugins/com.st.stm32cube.ide.mcu.externaltools.gnu-tools-for-stm32.14.3.rel1.win32_1.0.100.202602081740/tools/bin/../lib/gcc/arm-none-eabi/14.3.1/thumb/v7-m/nofp\libgcc.a(_arm_addsubsf3.o)
                0x0800014c                __aeabi_frsub
                0x08000154                __subsf3
                0x08000154                __aeabi_fsub
                0x08000158                __aeabi_fadd
                0x08000158                __addsf3
                0x080002b8                __aeabi_ui2f
                0x080002b8                __floatunsisf
                0x080002c0                __aeabi_i2f
                0x080002c0                __floatsisf
                0x080002dc                __aeabi_ul2f
                0x080002dc                __floatundisf
                0x080002ec                __aeabi_l2f
                0x080002ec                __floatdisf
 .text          0x08000368      0x2a0 C:/ST/STM32CubeIDE_2.2.0/STM32CubeIDE/plugins/com.st.stm32cube.ide.mcu.externaltools.gnu-tools-for-stm32.14.3.rel1.win32_1.0.100.202602081740/tools/bin/../lib/gcc/arm-none-eabi/14.3.1/thumb/v7-m/nofp\libgcc.a(_arm_muldivsf3.o)
                0x08000368                __mulsf3
                0x08000368                __aeabi_fmul
                0x080004d0                __aeabi_fdiv
                0x080004d0                __divsf3
 .text          0x08000608       0xec C:/ST/STM32CubeIDE_2.2.0/STM32CubeIDE/plugins/com.st.stm32cube.ide.mcu.externaltools.gnu-tools-for-stm32.14.3.rel1.win32_1.0.100.202602081740/tools/bin/../lib/gcc/arm-none-eabi/14.3.1/thumb/v7-m/nofp\libgcc.a(_arm_cmpsf2.o)
                0x08000608                __gesf2
                0x08000608                __gtsf2
                0x08000610                __lesf2
                0x08000610                __ltsf2
                0x08000618                __nesf2
                0x08000618                __eqsf2
                0x08000618                __cmpsf2
                0x08000678                __aeabi_cfrcmple
                0x08000680                __aeabi_cfcmpeq
                0x08000680                __aeabi_cfcmple
                0x08000690                __aeabi_fcmpeq
                0x080006a4                __aeabi_fcmplt
                0x080006b8                __aeabi_fcmple
                0x080006cc                __aeabi_fcmpge
                0x080006e0                __aeabi_fcmpgt
 *(.text*)
 .text.dwin_tx_low_quiet
                0x080006f4       0x58 ./Core/Src/main.o
 .text.dwin_rx_queue_push
                0x0800074c       0x9c ./Core/Src/main.o
 .text.dwin_rx_queue_pop
                0x080007e8       0x94 ./Core/Src/main.o
 .text.dwin_rx_collect_packets
                0x0800087c       0xec ./Core/Src/main.o
 .text.HAL_UART_RxCpltCallback
                0x08000968       0x60 ./Core/Src/main.o
                0x08000968                HAL_UART_RxCpltCallback
 .text.HAL_GPIO_EXTI_Callback
                0x080009c8       0x50 ./Core/Src/main.o
                0x080009c8                HAL_GPIO_EXTI_Callback
 .text.dwin_uart_rx_start
                0x08000a18       0x44 ./Core/Src/main.o
                0x08000a18                dwin_uart_rx_start
 .text.dwin_rx_get_vp
                0x08000a5c      0x530 ./Core/Src/main.o
                0x08000a5c                dwin_rx_get_vp
 .text.low_apply_value
                0x08000f8c       0xdc ./Core/Src/main.o
 .text.low_vp1000_rx
                0x08001068       0x94 ./Core/Src/main.o
 .text.low_hold_service
                0x080010fc        0xc ./Core/Src/main.o
 .text.low_value_user_changed
                0x08001108       0x20 ./Core/Src/main.o
                0x08001108                low_value_user_changed
 .text.low_eeprom_flush
                0x08001128       0x48 ./Core/Src/main.o
 .text.low_handle_rx
                0x08001170       0x94 ./Core/Src/main.o
 .text.dwin_uart_send
                0x08001204       0x58 ./Core/Src/main.o
 .text.send_page_change
                0x0800125c       0x78 ./Core/Src/main.o
                0x0800125c                send_page_change
 .text.dwin_boot_to_page
                0x080012d4       0x28 ./Core/Src/main.o
                0x080012d4                dwin_boot_to_page
 .text.send_variable_data
                0x080012fc       0x9a ./Core/Src/main.o
                0x080012fc                send_variable_data
 *fill*         0x08001396        0x2 
 .text.dwin_set_var_icon
                0x08001398       0x38 ./Core/Src/main.o
                0x08001398                dwin_set_var_icon
 .text.send_var_icon_to_display
                0x080013d0       0x54 ./Core/Src/main.o
                0x080013d0                send_var_icon_to_display
 .text.send_var_icon_fast
                0x08001424       0x4c ./Core/Src/main.o
 .text.eeprom_save_current_page
                0x08001470       0x70 ./Core/Src/main.o
                0x08001470                eeprom_save_current_page
 .text.eeprom_parse_saved_page
                0x080014e0       0x5c ./Core/Src/main.o
 .text.var_icon_from_mode_key
                0x0800153c       0x58 ./Core/Src/main.o
 .text.var_icon_from_mode
                0x08001594       0x34 ./Core/Src/main.o
 .text.eeprom_read_var_icon
                0x080015c8       0xec ./Core/Src/main.o
                0x080015c8                eeprom_read_var_icon
 .text.eeprom_save_var_icon
                0x080016b4       0xa4 ./Core/Src/main.o
                0x080016b4                eeprom_save_var_icon
 .text.dwin_get_boot_page
                0x08001758       0x40 ./Core/Src/main.o
 .text.eeprom_read_saved_page
                0x08001798       0xac ./Core/Src/main.o
 .text.eeprom_read_low_value
                0x08001844       0xe0 ./Core/Src/main.o
                0x08001844                eeprom_read_low_value
 .text.eeprom_save_low_value
                0x08001924       0x78 ./Core/Src/main.o
                0x08001924                eeprom_save_low_value
 .text.i2c_eeprom_read16
                0x0800199c       0x68 ./Core/Src/main.o
 .text.eeprom_apply_brightness
                0x08001a04       0x58 ./Core/Src/main.o
 .text.eeprom_save_brightness
                0x08001a5c       0x48 ./Core/Src/main.o
 .text.eeprom_read_brightness
                0x08001aa4       0x80 ./Core/Src/main.o
                0x08001aa4                eeprom_read_brightness
 .text.dwin_send_brightness_quick
                0x08001b24       0x48 ./Core/Src/main.o
 .text.dwin_send_brightness
                0x08001b6c       0x68 ./Core/Src/main.o
                0x08001b6c                dwin_send_brightness
 .text.dwin_disable_backlight_standby
                0x08001bd4       0x28 ./Core/Src/main.o
 .text.brightness_user_changed
                0x08001bfc       0x5c ./Core/Src/main.o
 .text.brightness_handle_rx
                0x08001c58       0x30 ./Core/Src/main.o
 .text.dwin_poll_brightness
                0x08001c88       0x68 ./Core/Src/main.o
 .text.dwin_refresh_brightness
                0x08001cf0       0x44 ./Core/Src/main.o
                0x08001cf0                dwin_refresh_brightness
 .text.eeprom_read_vp3003_value
                0x08001d34      0x1a0 ./Core/Src/main.o
                0x08001d34                eeprom_read_vp3003_value
 .text.eeprom_save_vp3003_value
                0x08001ed4       0x64 ./Core/Src/main.o
                0x08001ed4                eeprom_save_vp3003_value
 .text.vp3003_is_page_default
                0x08001f38       0x58 ./Core/Src/main.o
 .text.vp3003_stop_push
                0x08001f90       0x20 ./Core/Src/main.o
 .text.vp3003_apply_mode_key
                0x08001fb0       0x98 ./Core/Src/main.o
 .text.var_icon_apply_return_key
                0x08002048      0x128 ./Core/Src/main.o
 .text.vp3003_handle_page1_rx
                0x08002170       0x70 ./Core/Src/main.o
 .text.vp3003_send_to_display
                0x080021e0       0x1c ./Core/Src/main.o
                0x080021e0                vp3003_send_to_display
 .text.vp3003_user_changed
                0x080021fc      0x158 ./Core/Src/main.o
                0x080021fc                vp3003_user_changed
 .text.low_sync_both_vps
                0x08002354       0x48 ./Core/Src/main.o
                0x08002354                low_sync_both_vps
 .text.dwin_arm_var_icon_timers
                0x0800239c       0x5c ./Core/Src/main.o
 .text.dwin_arm_page2_restore_timers
                0x080023f8       0x8c ./Core/Src/main.o
 .text.dwin_push_icon_from_eeprom
                0x08002484       0x10 ./Core/Src/main.o
 .text.dwin_icon_burst_fast
                0x08002494       0x26 ./Core/Src/main.o
 .text.dwin_icon_burst_from_eeprom
                0x080024ba       0x1e ./Core/Src/main.o
 .text.dwin_restore_var_icon_from_eeprom
                0x080024d8       0x2e ./Core/Src/main.o
 *fill*         0x08002506        0x2 
 .text.dwin_push_page2_from_eeprom
                0x08002508       0x2c ./Core/Src/main.o
 .text.dwin_restore_page_from_eeprom
                0x08002534       0x6c ./Core/Src/main.o
 .text.dwin_show_settings_page
                0x080025a0       0x90 ./Core/Src/main.o
 .text.dwin_refresh_page2_values
                0x08002630       0x1e ./Core/Src/main.o
                0x08002630                dwin_refresh_page2_values
 .text.dwin_refresh_page1_values
                0x0800264e       0x18 ./Core/Src/main.o
                0x0800264e                dwin_refresh_page1_values
 *fill*         0x08002666        0x2 
 .text.dwin_restore_saved_state
                0x08002668       0xb4 ./Core/Src/main.o
                0x08002668                dwin_restore_saved_state
 .text.dwin_open_page1
                0x0800271c        0xe ./Core/Src/main.o
                0x0800271c                dwin_open_page1
 .text.dwin_open_page2
                0x0800272a        0xe ./Core/Src/main.o
                0x0800272a                dwin_open_page2
 .text.main     0x08002738      0x63c ./Core/Src/main.o
                0x08002738                main
 .text.SystemClock_Config
                0x08002d74       0xe0 ./Core/Src/main.o
                0x08002d74                SystemClock_Config
 .text.MX_ADC1_Init
                0x08002e54       0x9c ./Core/Src/main.o
 .text.MX_I2C1_Init
                0x08002ef0       0x5c ./Core/Src/main.o
 .text.MX_TIM1_Init
                0x08002f4c      0x108 ./Core/Src/main.o
 .text.MX_TIM3_Init
                0x08003054       0xb4 ./Core/Src/main.o
 .text.MX_TIM4_Init
                0x08003108       0xb4 ./Core/Src/main.o
 .text.MX_USART3_UART_Init
                0x080031bc       0x54 ./Core/Src/main.o
 .text.MX_DMA_Init
                0x08003210       0x3c ./Core/Src/main.o
 .text.MX_GPIO_Init
                0x0800324c      0x110 ./Core/Src/main.o
 .text.var_icon_is_user_key
                0x0800335c       0x28 ./Core/Src/main.o
 .text.var_icon_user_changed
                0x08003384       0x4c ./Core/Src/main.o
 .text.save_reading
                0x080033d0      0x2b0 ./Core/Src/main.o
                0x080033d0                save_reading
 .text.send_loadings
                0x08003680       0x7c ./Core/Src/main.o
                0x08003680                send_loadings
 .text.debouncing
                0x080036fc       0x9c ./Core/Src/main.o
                0x080036fc                debouncing
 .text.hv_adc_reading
                0x08003798      0x114 ./Core/Src/main.o
                0x08003798                hv_adc_reading
 .text.bi_hi_pwm
                0x080038ac      0x220 ./Core/Src/main.o
                0x080038ac                bi_hi_pwm
 .text.lowfunction
                0x08003acc      0x98c ./Core/Src/main.o
                0x08003acc                lowfunction
 .text.Error_Handler
                0x08004458        0xc ./Core/Src/main.o
                0x08004458                Error_Handler
 .text.HAL_MspInit
                0x08004464       0x64 ./Core/Src/stm32f1xx_hal_msp.o
                0x08004464                HAL_MspInit
 .text.HAL_ADC_MspInit
                0x080044c8       0xd0 ./Core/Src/stm32f1xx_hal_msp.o
                0x080044c8                HAL_ADC_MspInit
 .text.HAL_I2C_MspInit
                0x08004598       0x7c ./Core/Src/stm32f1xx_hal_msp.o
                0x08004598                HAL_I2C_MspInit
 .text.HAL_TIM_PWM_MspInit
                0x08004614       0x8c ./Core/Src/stm32f1xx_hal_msp.o
                0x08004614                HAL_TIM_PWM_MspInit
 .text.HAL_TIM_MspPostInit
                0x080046a0       0xec ./Core/Src/stm32f1xx_hal_msp.o
                0x080046a0                HAL_TIM_MspPostInit
 .text.HAL_UART_MspInit
                0x0800478c       0xa8 ./Core/Src/stm32f1xx_hal_msp.o
                0x0800478c                HAL_UART_MspInit
 .text.NMI_Handler
                0x08004834        0x8 ./Core/Src/stm32f1xx_it.o
                0x08004834                NMI_Handler
 .text.HardFault_Handler
                0x0800483c        0x8 ./Core/Src/stm32f1xx_it.o
                0x0800483c                HardFault_Handler
 .text.MemManage_Handler
                0x08004844        0x8 ./Core/Src/stm32f1xx_it.o
                0x08004844                MemManage_Handler
 .text.BusFault_Handler
                0x0800484c        0x8 ./Core/Src/stm32f1xx_it.o
                0x0800484c                BusFault_Handler
 .text.UsageFault_Handler
                0x08004854        0x8 ./Core/Src/stm32f1xx_it.o
                0x08004854                UsageFault_Handler
 .text.SVC_Handler
                0x0800485c        0xc ./Core/Src/stm32f1xx_it.o
                0x0800485c                SVC_Handler
 .text.DebugMon_Handler
                0x08004868        0xc ./Core/Src/stm32f1xx_it.o
                0x08004868                DebugMon_Handler
 .text.PendSV_Handler
                0x08004874        0xc ./Core/Src/stm32f1xx_it.o
                0x08004874                PendSV_Handler
 .text.SysTick_Handler
                0x08004880        0xc ./Core/Src/stm32f1xx_it.o
                0x08004880                SysTick_Handler
 .text.EXTI0_IRQHandler
                0x0800488c        0xe ./Core/Src/stm32f1xx_it.o
                0x0800488c                EXTI0_IRQHandler
 *fill*         0x0800489a        0x2 
 .text.DMA1_Channel1_IRQHandler
                0x0800489c       0x14 ./Core/Src/stm32f1xx_it.o
                0x0800489c                DMA1_Channel1_IRQHandler
 .text.EXTI9_5_IRQHandler
                0x080048b0        0xe ./Core/Src/stm32f1xx_it.o
                0x080048b0                EXTI9_5_IRQHandler
 *fill*         0x080048be        0x2 
 .text.USART3_IRQHandler
                0x080048c0       0x14 ./Core/Src/stm32f1xx_it.o
                0x080048c0                USART3_IRQHandler
 .text.SystemInit
                0x080048d4        0xc ./Core/Src/system_stm32f1xx.o
                0x080048d4                SystemInit
 .text.Reset_Handler
                0x080048e0       0x48 ./Core/Startup/startup_stm32f103c8tx.o
                0x080048e0                Reset_Handler
 .text.Default_Handler
                0x08004928        0x2 ./Core/Startup/startup_stm32f103c8tx.o
                0x08004928                RTC_Alarm_IRQHandler
                0x08004928                EXTI2_IRQHandler
                0x08004928                TIM1_CC_IRQHandler
                0x08004928                PVD_IRQHandler
                0x08004928                EXTI3_IRQHandler
                0x08004928                I2C2_EV_IRQHandler
                0x08004928                ADC1_2_IRQHandler
                0x08004928                SPI1_IRQHandler
                0x08004928                TAMPER_IRQHandler
                0x08004928                DMA1_Channel4_IRQHandler
                0x08004928                RTC_IRQHandler
                0x08004928                DMA1_Channel7_IRQHandler
                0x08004928                CAN1_RX1_IRQHandler
                0x08004928                TIM4_IRQHandler
                0x08004928                I2C1_EV_IRQHandler
                0x08004928                DMA1_Channel6_IRQHandler
                0x08004928                TIM3_IRQHandler
                0x08004928                RCC_IRQHandler
                0x08004928                TIM1_TRG_COM_IRQHandler
                0x08004928                Default_Handler
                0x08004928                EXTI15_10_IRQHandler
                0x08004928                SPI2_IRQHandler
                0x08004928                DMA1_Channel5_IRQHandler
                0x08004928                EXTI4_IRQHandler
                0x08004928                USB_LP_CAN1_RX0_IRQHandler
                0x08004928                USB_HP_CAN1_TX_IRQHandler
                0x08004928                DMA1_Channel3_IRQHandler
                0x08004928                TIM1_UP_IRQHandler
                0x08004928                WWDG_IRQHandler
                0x08004928                TIM2_IRQHandler
                0x08004928                TIM1_BRK_IRQHandler
                0x08004928                EXTI1_IRQHandler
                0x08004928                USART2_IRQHandler
                0x08004928                I2C2_ER_IRQHandler
                0x08004928                DMA1_Channel2_IRQHandler
                0x08004928                CAN1_SCE_IRQHandler
                0x08004928                FLASH_IRQHandler
                0x08004928                USART1_IRQHandler
                0x08004928                I2C1_ER_IRQHandler
                0x08004928                USBWakeUp_IRQHandler
 *fill*         0x0800492a        0x2 
 .text.HAL_Init
                0x0800492c       0x2c ./Drivers/STM32F1xx_HAL_Driver/Src/stm32f1xx_hal.o
                0x0800492c                HAL_Init
 .text.HAL_InitTick
                0x08004958       0x60 ./Drivers/STM32F1xx_HAL_Driver/Src/stm32f1xx_hal.o
                0x08004958                HAL_InitTick
 .text.HAL_IncTick
                0x080049b8       0x24 ./Drivers/STM32F1xx_HAL_Driver/Src/stm32f1xx_hal.o
                0x080049b8                HAL_IncTick
 .text.HAL_GetTick
                0x080049dc       0x14 ./Drivers/STM32F1xx_HAL_Driver/Src/stm32f1xx_hal.o
                0x080049dc                HAL_GetTick
 .text.HAL_Delay
                0x080049f0       0x48 ./Drivers/STM32F1xx_HAL_Driver/Src/stm32f1xx_hal.o
                0x080049f0                HAL_Delay
 .text.HAL_ADC_Init
                0x08004a38      0x1b0 ./Drivers/STM32F1xx_HAL_Driver/Src/stm32f1xx_hal_adc.o
                0x08004a38                HAL_ADC_Init
 .text.HAL_ADC_Start_DMA
                0x08004be8      0x1bc ./Drivers/STM32F1xx_HAL_Driver/Src/stm32f1xx_hal_adc.o
                0x08004be8                HAL_ADC_Start_DMA
 .text.HAL_ADC_ConvCpltCallback
                0x08004da4       0x12 ./Drivers/STM32F1xx_HAL_Driver/Src/stm32f1xx_hal_adc.o
                0x08004da4                HAL_ADC_ConvCpltCallback
 .text.HAL_ADC_ConvHalfCpltCallback
                0x08004db6       0x12 ./Drivers/STM32F1xx_HAL_Driver/Src/stm32f1xx_hal_adc.o
                0x08004db6                HAL_ADC_ConvHalfCpltCallback
 .text.HAL_ADC_ErrorCallback
                0x08004dc8       0x12 ./Drivers/STM32F1xx_HAL_Driver/Src/stm32f1xx_hal_adc.o
                0x08004dc8                HAL_ADC_ErrorCallback
 *fill*         0x08004dda        0x2 
 .text.HAL_ADC_ConfigChannel
                0x08004ddc      0x1f0 ./Drivers/STM32F1xx_HAL_Driver/Src/stm32f1xx_hal_adc.o
                0x08004ddc                HAL_ADC_ConfigChannel
 .text.ADC_Enable
                0x08004fcc       0xb4 ./Drivers/STM32F1xx_HAL_Driver/Src/stm32f1xx_hal_adc.o
                0x08004fcc                ADC_Enable
 .text.ADC_ConversionStop_Disable
                0x08005080       0x82 ./Drivers/STM32F1xx_HAL_Driver/Src/stm32f1xx_hal_adc.o
                0x08005080                ADC_ConversionStop_Disable
 .text.ADC_DMAConvCplt
                0x08005102       0x7c ./Drivers/STM32F1xx_HAL_Driver/Src/stm32f1xx_hal_adc.o
                0x08005102                ADC_DMAConvCplt
 .text.ADC_DMAHalfConvCplt
                0x0800517e       0x1c ./Drivers/STM32F1xx_HAL_Driver/Src/stm32f1xx_hal_adc.o
                0x0800517e                ADC_DMAHalfConvCplt
 .text.ADC_DMAError
                0x0800519a       0x34 ./Drivers/STM32F1xx_HAL_Driver/Src/stm32f1xx_hal_adc.o
                0x0800519a                ADC_DMAError
 *fill*         0x080051ce        0x2 
 .text.HAL_ADCEx_Calibration_Start
                0x080051d0      0x15c ./Drivers/STM32F1xx_HAL_Driver/Src/stm32f1xx_hal_adc_ex.o
                0x080051d0                HAL_ADCEx_Calibration_Start
 .text.__NVIC_SetPriorityGrouping
                0x0800532c       0x48 ./Drivers/STM32F1xx_HAL_Driver/Src/stm32f1xx_hal_cortex.o
 .text.__NVIC_GetPriorityGrouping
                0x08005374       0x1c ./Drivers/STM32F1xx_HAL_Driver/Src/stm32f1xx_hal_cortex.o
 .text.__NVIC_EnableIRQ
                0x08005390       0x38 ./Drivers/STM32F1xx_HAL_Driver/Src/stm32f1xx_hal_cortex.o
 .text.__NVIC_SetPriority
                0x080053c8       0x54 ./Drivers/STM32F1xx_HAL_Driver/Src/stm32f1xx_hal_cortex.o
 .text.NVIC_EncodePriority
                0x0800541c       0x64 ./Drivers/STM32F1xx_HAL_Driver/Src/stm32f1xx_hal_cortex.o
 .text.SysTick_Config
                0x08005480       0x44 ./Drivers/STM32F1xx_HAL_Driver/Src/stm32f1xx_hal_cortex.o
 .text.HAL_NVIC_SetPriorityGrouping
                0x080054c4       0x16 ./Drivers/STM32F1xx_HAL_Driver/Src/stm32f1xx_hal_cortex.o
                0x080054c4                HAL_NVIC_SetPriorityGrouping
 .text.HAL_NVIC_SetPriority
                0x080054da       0x38 ./Drivers/STM32F1xx_HAL_Driver/Src/stm32f1xx_hal_cortex.o
                0x080054da                HAL_NVIC_SetPriority
 .text.HAL_NVIC_EnableIRQ
                0x08005512       0x1c ./Drivers/STM32F1xx_HAL_Driver/Src/stm32f1xx_hal_cortex.o
                0x08005512                HAL_NVIC_EnableIRQ
 .text.HAL_SYSTICK_Config
                0x0800552e       0x18 ./Drivers/STM32F1xx_HAL_Driver/Src/stm32f1xx_hal_cortex.o
                0x0800552e                HAL_SYSTICK_Config
 *fill*         0x08005546        0x2 
 .text.HAL_DMA_Init
                0x08005548       0xb4 ./Drivers/STM32F1xx_HAL_Driver/Src/stm32f1xx_hal_dma.o
                0x08005548                HAL_DMA_Init
 .text.HAL_DMA_Start_IT
                0x080055fc       0xc0 ./Drivers/STM32F1xx_HAL_Driver/Src/stm32f1xx_hal_dma.o
                0x080055fc                HAL_DMA_Start_IT
 .text.HAL_DMA_Abort
                0x080056bc       0x76 ./Drivers/STM32F1xx_HAL_Driver/Src/stm32f1xx_hal_dma.o
                0x080056bc                HAL_DMA_Abort
 *fill*         0x08005732        0x2 
 .text.HAL_DMA_Abort_IT
                0x08005734       0xf0 ./Drivers/STM32F1xx_HAL_Driver/Src/stm32f1xx_hal_dma.o
                0x08005734                HAL_DMA_Abort_IT
 .text.HAL_DMA_IRQHandler
                0x08005824      0x20c ./Drivers/STM32F1xx_HAL_Driver/Src/stm32f1xx_hal_dma.o
                0x08005824                HAL_DMA_IRQHandler
 .text.DMA_SetConfig
                0x08005a30       0x5a ./Drivers/STM32F1xx_HAL_Driver/Src/stm32f1xx_hal_dma.o
 *fill*         0x08005a8a        0x2 
 .text.HAL_GPIO_Init
                0x08005a8c      0x308 ./Drivers/STM32F1xx_HAL_Driver/Src/stm32f1xx_hal_gpio.o
                0x08005a8c                HAL_GPIO_Init
 .text.HAL_GPIO_ReadPin
                0x08005d94       0x2e ./Drivers/STM32F1xx_HAL_Driver/Src/stm32f1xx_hal_gpio.o
                0x08005d94                HAL_GPIO_ReadPin
 .text.HAL_GPIO_WritePin
                0x08005dc2       0x30 ./Drivers/STM32F1xx_HAL_Driver/Src/stm32f1xx_hal_gpio.o
                0x08005dc2                HAL_GPIO_WritePin
 *fill*         0x08005df2        0x2 
 .text.HAL_GPIO_EXTI_IRQHandler
                0x08005df4       0x30 ./Drivers/STM32F1xx_HAL_Driver/Src/stm32f1xx_hal_gpio.o
                0x08005df4                HAL_GPIO_EXTI_IRQHandler
 .text.HAL_I2C_Init
                0x08005e24      0x288 ./Drivers/STM32F1xx_HAL_Driver/Src/stm32f1xx_hal_i2c.o
                0x08005e24                HAL_I2C_Init
 .text.HAL_I2C_Mem_Write
                0x080060ac      0x1f4 ./Drivers/STM32F1xx_HAL_Driver/Src/stm32f1xx_hal_i2c.o
                0x080060ac                HAL_I2C_Mem_Write
 .text.HAL_I2C_Mem_Read
                0x080062a0      0x4e8 ./Drivers/STM32F1xx_HAL_Driver/Src/stm32f1xx_hal_i2c.o
                0x080062a0                HAL_I2C_Mem_Read
 .text.HAL_I2C_IsDeviceReady
                0x08006788      0x25c ./Drivers/STM32F1xx_HAL_Driver/Src/stm32f1xx_hal_i2c.o
                0x08006788                HAL_I2C_IsDeviceReady
 .text.I2C_RequestMemoryWrite
                0x080069e4      0x12c ./Drivers/STM32F1xx_HAL_Driver/Src/stm32f1xx_hal_i2c.o
 .text.I2C_RequestMemoryRead
                0x08006b10      0x1d0 ./Drivers/STM32F1xx_HAL_Driver/Src/stm32f1xx_hal_i2c.o
 .text.I2C_WaitOnFlagUntilTimeout
                0x08006ce0       0xf4 ./Drivers/STM32F1xx_HAL_Driver/Src/stm32f1xx_hal_i2c.o
 .text.I2C_WaitOnMasterAddressFlagUntilTimeout
                0x08006dd4      0x140 ./Drivers/STM32F1xx_HAL_Driver/Src/stm32f1xx_hal_i2c.o
 .text.I2C_WaitOnTXEFlagUntilTimeout
                0x08006f14       0x90 ./Drivers/STM32F1xx_HAL_Driver/Src/stm32f1xx_hal_i2c.o
 .text.I2C_WaitOnBTFFlagUntilTimeout
                0x08006fa4       0x90 ./Drivers/STM32F1xx_HAL_Driver/Src/stm32f1xx_hal_i2c.o
 .text.I2C_WaitOnRXNEFlagUntilTimeout
                0x08007034       0xba ./Drivers/STM32F1xx_HAL_Driver/Src/stm32f1xx_hal_i2c.o
 .text.I2C_IsAcknowledgeFailed
                0x080070ee       0x5c ./Drivers/STM32F1xx_HAL_Driver/Src/stm32f1xx_hal_i2c.o
 *fill*         0x0800714a        0x2 
 .text.HAL_RCC_OscConfig
                0x0800714c      0x504 ./Drivers/STM32F1xx_HAL_Driver/Src/stm32f1xx_hal_rcc.o
                0x0800714c                HAL_RCC_OscConfig
 .text.HAL_RCC_ClockConfig
                0x08007650      0x1d4 ./Drivers/STM32F1xx_HAL_Driver/Src/stm32f1xx_hal_rcc.o
                0x08007650                HAL_RCC_ClockConfig
 .text.HAL_RCC_GetSysClockFreq
                0x08007824       0xa8 ./Drivers/STM32F1xx_HAL_Driver/Src/stm32f1xx_hal_rcc.o
                0x08007824                HAL_RCC_GetSysClockFreq
 .text.HAL_RCC_GetHCLKFreq
                0x080078cc       0x14 ./Drivers/STM32F1xx_HAL_Driver/Src/stm32f1xx_hal_rcc.o
                0x080078cc                HAL_RCC_GetHCLKFreq
 .text.HAL_RCC_GetPCLK1Freq
                0x080078e0       0x28 ./Drivers/STM32F1xx_HAL_Driver/Src/stm32f1xx_hal_rcc.o
                0x080078e0                HAL_RCC_GetPCLK1Freq
 .text.HAL_RCC_GetPCLK2Freq
                0x08007908       0x28 ./Drivers/STM32F1xx_HAL_Driver/Src/stm32f1xx_hal_rcc.o
                0x08007908                HAL_RCC_GetPCLK2Freq
 .text.RCC_Delay
                0x08007930       0x3c ./Drivers/STM32F1xx_HAL_Driver/Src/stm32f1xx_hal_rcc.o
 .text.HAL_RCCEx_PeriphCLKConfig
                0x0800796c      0x16c ./Drivers/STM32F1xx_HAL_Driver/Src/stm32f1xx_hal_rcc_ex.o
                0x0800796c                HAL_RCCEx_PeriphCLKConfig
 .text.HAL_RCCEx_GetPeriphCLKFreq
                0x08007ad8      0x16c ./Drivers/STM32F1xx_HAL_Driver/Src/stm32f1xx_hal_rcc_ex.o
                0x08007ad8                HAL_RCCEx_GetPeriphCLKFreq
 .text.HAL_TIM_PWM_Init
                0x08007c44       0x9e ./Drivers/STM32F1xx_HAL_Driver/Src/stm32f1xx_hal_tim.o
                0x08007c44                HAL_TIM_PWM_Init
 *fill*         0x08007ce2        0x2 
 .text.HAL_TIM_PWM_Start
                0x08007ce4      0x144 ./Drivers/STM32F1xx_HAL_Driver/Src/stm32f1xx_hal_tim.o
                0x08007ce4                HAL_TIM_PWM_Start
 .text.HAL_TIM_PWM_Stop
                0x08007e28       0xc8 ./Drivers/STM32F1xx_HAL_Driver/Src/stm32f1xx_hal_tim.o
                0x08007e28                HAL_TIM_PWM_Stop
 .text.HAL_TIM_PWM_ConfigChannel
                0x08007ef0      0x184 ./Drivers/STM32F1xx_HAL_Driver/Src/stm32f1xx_hal_tim.o
                0x08007ef0                HAL_TIM_PWM_ConfigChannel
 .text.TIM_Base_SetConfig
                0x08008074       0xdc ./Drivers/STM32F1xx_HAL_Driver/Src/stm32f1xx_hal_tim.o
                0x08008074                TIM_Base_SetConfig
 .text.TIM_OC1_SetConfig
                0x08008150       0xcc ./Drivers/STM32F1xx_HAL_Driver/Src/stm32f1xx_hal_tim.o
 .text.TIM_OC2_SetConfig
                0x0800821c       0xd4 ./Drivers/STM32F1xx_HAL_Driver/Src/stm32f1xx_hal_tim.o
                0x0800821c                TIM_OC2_SetConfig
 .text.TIM_OC3_SetConfig
                0x080082f0       0xd4 ./Drivers/STM32F1xx_HAL_Driver/Src/stm32f1xx_hal_tim.o
 .text.TIM_OC4_SetConfig
                0x080083c4       0x9c ./Drivers/STM32F1xx_HAL_Driver/Src/stm32f1xx_hal_tim.o
 .text.TIM_CCxChannelCmd
                0x08008460       0x48 ./Drivers/STM32F1xx_HAL_Driver/Src/stm32f1xx_hal_tim.o
                0x08008460                TIM_CCxChannelCmd
 .text.HAL_TIMEx_MasterConfigSynchronization
                0x080084a8       0xbc ./Drivers/STM32F1xx_HAL_Driver/Src/stm32f1xx_hal_tim_ex.o
                0x080084a8                HAL_TIMEx_MasterConfigSynchronization
 .text.HAL_TIMEx_ConfigBreakDeadTime
                0x08008564       0xa2 ./Drivers/STM32F1xx_HAL_Driver/Src/stm32f1xx_hal_tim_ex.o
                0x08008564                HAL_TIMEx_ConfigBreakDeadTime
 .text.HAL_UART_Init
                0x08008606       0xa0 ./Drivers/STM32F1xx_HAL_Driver/Src/stm32f1xx_hal_uart.o
                0x08008606                HAL_UART_Init
 .text.HAL_UART_Transmit
                0x080086a6      0x116 ./Drivers/STM32F1xx_HAL_Driver/Src/stm32f1xx_hal_uart.o
                0x080086a6                HAL_UART_Transmit
 .text.HAL_UART_Receive_IT
                0x080087bc       0x4a ./Drivers/STM32F1xx_HAL_Driver/Src/stm32f1xx_hal_uart.o
                0x080087bc                HAL_UART_Receive_IT
 *fill*         0x08008806        0x2 
 .text.HAL_UART_IRQHandler
                0x08008808      0x524 ./Drivers/STM32F1xx_HAL_Driver/Src/stm32f1xx_hal_uart.o
                0x08008808                HAL_UART_IRQHandler
 .text.HAL_UART_TxCpltCallback
                0x08008d2c       0x12 ./Drivers/STM32F1xx_HAL_Driver/Src/stm32f1xx_hal_uart.o
                0x08008d2c                HAL_UART_TxCpltCallback
 .text.HAL_UART_ErrorCallback
                0x08008d3e       0x12 ./Drivers/STM32F1xx_HAL_Driver/Src/stm32f1xx_hal_uart.o
                0x08008d3e                HAL_UART_ErrorCallback
 .text.HAL_UARTEx_RxEventCallback
                0x08008d50       0x16 ./Drivers/STM32F1xx_HAL_Driver/Src/stm32f1xx_hal_uart.o
                0x08008d50                HAL_UARTEx_RxEventCallback
 .text.UART_WaitOnFlagUntilTimeout
                0x08008d66       0xb2 ./Drivers/STM32F1xx_HAL_Driver/Src/stm32f1xx_hal_uart.o
 .text.UART_Start_Receive_IT
                0x08008e18       0x72 ./Drivers/STM32F1xx_HAL_Driver/Src/stm32f1xx_hal_uart.o
                0x08008e18                UART_Start_Receive_IT
 .text.UART_EndRxTransfer
                0x08008e8a       0xc4 ./Drivers/STM32F1xx_HAL_Driver/Src/stm32f1xx_hal_uart.o
 .text.UART_DMAAbortOnError
                0x08008f4e       0x28 ./Drivers/STM32F1xx_HAL_Driver/Src/stm32f1xx_hal_uart.o
 .text.UART_Transmit_IT
                0x08008f76       0x9e ./Drivers/STM32F1xx_HAL_Driver/Src/stm32f1xx_hal_uart.o
 .text.UART_EndTransmit_IT
                0x08009014       0x30 ./Drivers/STM32F1xx_HAL_Driver/Src/stm32f1xx_hal_uart.o
 .text.UART_Receive_IT
                0x08009044      0x17c ./Drivers/STM32F1xx_HAL_Driver/Src/stm32f1xx_hal_uart.o
 .text.UART_SetConfig
                0x080091c0      0x11c ./Drivers/STM32F1xx_HAL_Driver/Src/stm32f1xx_hal_uart.o
 .text.memmove  0x080092dc       0x32 C:/ST/STM32CubeIDE_2.2.0/STM32CubeIDE/plugins/com.st.stm32cube.ide.mcu.externaltools.gnu-tools-for-stm32.14.3.rel1.win32_1.0.100.202602081740/tools/bin/../lib/gcc/arm-none-eabi/14.3.1/../../../../arm-none-eabi/lib/thumb/v7-m/nofp\libc_nano.a(libc_a-memmove.o)
                0x080092dc                memmove
 .text.memset   0x0800930e       0x10 C:/ST/STM32CubeIDE_2.2.0/STM32CubeIDE/plugins/com.st.stm32cube.ide.mcu.externaltools.gnu-tools-for-stm32.14.3.rel1.win32_1.0.100.202602081740/tools/bin/../lib/gcc/arm-none-eabi/14.3.1/../../../../arm-none-eabi/lib/thumb/v7-m/nofp\libc_nano.a(libc_a-memset.o)
                0x0800930e                memset
 *fill*         0x0800931e        0x2 
 .text.__libc_init_array
                0x08009320       0x48 C:/ST/STM32CubeIDE_2.2.0/STM32CubeIDE/plugins/com.st.stm32cube.ide.mcu.externaltools.gnu-tools-for-stm32.14.3.rel1.win32_1.0.100.202602081740/tools/bin/../lib/gcc/arm-none-eabi/14.3.1/../../../../arm-none-eabi/lib/thumb/v7-m/nofp\libc_nano.a(libc_a-init.o)
                0x08009320                __libc_init_array
 .text.memcpy   0x08009368       0x1c C:/ST/STM32CubeIDE_2.2.0/STM32CubeIDE/plugins/com.st.stm32cube.ide.mcu.externaltools.gnu-tools-for-stm32.14.3.rel1.win32_1.0.100.202602081740/tools/bin/../lib/gcc/arm-none-eabi/14.3.1/../../../../arm-none-eabi/lib/thumb/v7-m/nofp\libc_nano.a(libc_a-memcpy-stub.o)
                0x08009368                memcpy
 *(.glue_7)
 .glue_7        0x08009384        0x0 linker stubs
 *(.glue_7t)
 .glue_7t       0x08009384        0x0 linker stubs
 *(.eh_frame)
 .eh_frame      0x08009384        0x0 C:/ST/STM32CubeIDE_2.2.0/STM32CubeIDE/plugins/com.st.stm32cube.ide.mcu.externaltools.gnu-tools-for-stm32.14.3.rel1.win32_1.0.100.202602081740/tools/bin/../lib/gcc/arm-none-eabi/14.3.1/thumb/v7-m/nofp/crtbegin.o
 *(.init)
 .init          0x08009384        0x4 C:/ST/STM32CubeIDE_2.2.0/STM32CubeIDE/plugins/com.st.stm32cube.ide.mcu.externaltools.gnu-tools-for-stm32.14.3.rel1.win32_1.0.100.202602081740/tools/bin/../lib/gcc/arm-none-eabi/14.3.1/thumb/v7-m/nofp/crti.o
                0x08009384                _init
 .init          0x08009388        0x8 C:/ST/STM32CubeIDE_2.2.0/STM32CubeIDE/plugins/com.st.stm32cube.ide.mcu.externaltools.gnu-tools-for-stm32.14.3.rel1.win32_1.0.100.202602081740/tools/bin/../lib/gcc/arm-none-eabi/14.3.1/thumb/v7-m/nofp/crtn.o
 *(.fini)
 .fini          0x08009390        0x4 C:/ST/STM32CubeIDE_2.2.0/STM32CubeIDE/plugins/com.st.stm32cube.ide.mcu.externaltools.gnu-tools-for-stm32.14.3.rel1.win32_1.0.100.202602081740/tools/bin/../lib/gcc/arm-none-eabi/14.3.1/thumb/v7-m/nofp/crti.o
                0x08009390                _fini
 .fini          0x08009394        0x8 C:/ST/STM32CubeIDE_2.2.0/STM32CubeIDE/plugins/com.st.stm32cube.ide.mcu.externaltools.gnu-tools-for-stm32.14.3.rel1.win32_1.0.100.202602081740/tools/bin/../lib/gcc/arm-none-eabi/14.3.1/thumb/v7-m/nofp/crtn.o
                0x0800939c                        . = ALIGN (0x4)
                0x0800939c                        _etext = .

.vfp11_veneer   0x0800939c        0x0
 .vfp11_veneer  0x0800939c        0x0 linker stubs

.v4_bx          0x0800939c        0x0
 .v4_bx         0x0800939c        0x0 linker stubs

.iplt           0x0800939c        0x0
 .iplt          0x0800939c        0x0 C:/ST/STM32CubeIDE_2.2.0/STM32CubeIDE/plugins/com.st.stm32cube.ide.mcu.externaltools.gnu-tools-for-stm32.14.3.rel1.win32_1.0.100.202602081740/tools/bin/../lib/gcc/arm-none-eabi/14.3.1/thumb/v7-m/nofp/crtbegin.o

.rodata         0x0800939c       0x54
                0x0800939c                        . = ALIGN (0x4)
 *(.rodata)
 .rodata        0x0800939c       0x13 ./Core/Src/main.o
 *(.rodata*)
 *fill*         0x080093af        0x1 
 .rodata.AHBPrescTable
                0x080093b0       0x10 ./Core/Src/system_stm32f1xx.o
                0x080093b0                AHBPrescTable
 .rodata.APBPrescTable
                0x080093c0        0x8 ./Core/Src/system_stm32f1xx.o
                0x080093c0                APBPrescTable
 .rodata.aPLLMULFactorTable.1
                0x080093c8       0x10 ./Drivers/STM32F1xx_HAL_Driver/Src/stm32f1xx_hal_rcc.o
 .rodata.aPredivFactorTable.0
                0x080093d8        0x2 ./Drivers/STM32F1xx_HAL_Driver/Src/stm32f1xx_hal_rcc.o
 *fill*         0x080093da        0x2 
 .rodata.aPLLMULFactorTable.1
                0x080093dc       0x10 ./Drivers/STM32F1xx_HAL_Driver/Src/stm32f1xx_hal_rcc_ex.o
 .rodata.aPredivFactorTable.0
                0x080093ec        0x2 ./Drivers/STM32F1xx_HAL_Driver/Src/stm32f1xx_hal_rcc_ex.o
                0x080093f0                        . = ALIGN (0x4)
 *fill*         0x080093ee        0x2 

.ARM.extab      0x080093f0        0x0
                0x080093f0                        . = ALIGN (0x4)
 *(.ARM.extab* .gnu.linkonce.armextab.*)
                0x080093f0                        . = ALIGN (0x4)

.ARM            0x080093f0        0x0
                0x080093f0                        . = ALIGN (0x4)
                0x080093f0                        __exidx_start = .
 *(.ARM.exidx*)
                0x080093f0                        __exidx_end = .
                0x080093f0                        . = ALIGN (0x4)

.preinit_array  0x080093f0        0x0
                0x080093f0                        . = ALIGN (0x4)
                0x080093f0                        PROVIDE (__preinit_array_start = .)
 *(.preinit_array*)
                0x080093f0                        PROVIDE (__preinit_array_end = .)
                0x080093f0                        . = ALIGN (0x4)

.init_array     0x080093f0        0x4
                0x080093f0                        . = ALIGN (0x4)
                0x080093f0                        PROVIDE (__init_array_start = .)
 *(SORT_BY_NAME(.init_array.*))
 *(.init_array*)
 .init_array    0x080093f0        0x4 C:/ST/STM32CubeIDE_2.2.0/STM32CubeIDE/plugins/com.st.stm32cube.ide.mcu.externaltools.gnu-tools-for-stm32.14.3.rel1.win32_1.0.100.202602081740/tools/bin/../lib/gcc/arm-none-eabi/14.3.1/thumb/v7-m/nofp/crtbegin.o
                0x080093f4                        PROVIDE (__init_array_end = .)
                0x080093f4                        . = ALIGN (0x4)

.fini_array     0x080093f4        0x4
                0x080093f4                        . = ALIGN (0x4)
                [!provide]                        PROVIDE (__fini_array_start = .)
 *(SORT_BY_NAME(.fini_array.*))
 *(.fini_array*)
 .fini_array    0x080093f4        0x4 C:/ST/STM32CubeIDE_2.2.0/STM32CubeIDE/plugins/com.st.stm32cube.ide.mcu.externaltools.gnu-tools-for-stm32.14.3.rel1.win32_1.0.100.202602081740/tools/bin/../lib/gcc/arm-none-eabi/14.3.1/thumb/v7-m/nofp/crtbegin.o
                [!provide]                        PROVIDE (__fini_array_end = .)
                0x080093f8                        . = ALIGN (0x4)
                0x080093f8                        _sidata = LOADADDR (.data)

.rel.dyn        0x080093f8        0x0
 .rel.iplt      0x080093f8        0x0 C:/ST/STM32CubeIDE_2.2.0/STM32CubeIDE/plugins/com.st.stm32cube.ide.mcu.externaltools.gnu-tools-for-stm32.14.3.rel1.win32_1.0.100.202602081740/tools/bin/../lib/gcc/arm-none-eabi/14.3.1/thumb/v7-m/nofp/crtbegin.o

.data           0x20000000       0x18 load address 0x080093f8
                0x20000000                        . = ALIGN (0x4)
                0x20000000                        _sdata = .
 *(.data)
 *(.data*)
 .data.ch0_voltage
                0x20000000        0x4 ./Core/Src/main.o
                0x20000000                ch0_voltage
 .data.var_icon_value
                0x20000004        0x2 ./Core/Src/main.o
                0x20000004                var_icon_value
 *fill*         0x20000006        0x2 
 .data.var_icon_data
                0x20000008        0x2 ./Core/Src/main.o
                0x20000008                var_icon_data
 *fill*         0x2000000a        0x2 
 .data.SystemCoreClock
                0x2000000c        0x4 ./Core/Src/system_stm32f1xx.o
                0x2000000c                SystemCoreClock
 .data.uwTickPrio
                0x20000010        0x4 ./Drivers/STM32F1xx_HAL_Driver/Src/stm32f1xx_hal.o
                0x20000010                uwTickPrio
 .data.uwTickFreq
                0x20000014        0x1 ./Drivers/STM32F1xx_HAL_Driver/Src/stm32f1xx_hal.o
                0x20000014                uwTickFreq
 *(.RamFunc)
 *(.RamFunc*)
                0x20000018                        . = ALIGN (0x4)
 *fill*         0x20000015        0x3 
                0x20000018                        _edata = .

.igot.plt       0x20000018        0x0 load address 0x08009410
 .igot.plt      0x20000018        0x0 C:/ST/STM32CubeIDE_2.2.0/STM32CubeIDE/plugins/com.st.stm32cube.ide.mcu.externaltools.gnu-tools-for-stm32.14.3.rel1.win32_1.0.100.202602081740/tools/bin/../lib/gcc/arm-none-eabi/14.3.1/thumb/v7-m/nofp/crtbegin.o
                0x20000018                        . = ALIGN (0x4)

.bss            0x20000018      0x3b4 load address 0x08009410
                0x20000018                        _sbss = .
                0x20000018                        __bss_start__ = _sbss
 *(.bss)
 .bss           0x20000018       0x1c C:/ST/STM32CubeIDE_2.2.0/STM32CubeIDE/plugins/com.st.stm32cube.ide.mcu.externaltools.gnu-tools-for-stm32.14.3.rel1.win32_1.0.100.202602081740/tools/bin/../lib/gcc/arm-none-eabi/14.3.1/thumb/v7-m/nofp/crtbegin.o
 *(.bss*)
 .bss.hadc1     0x20000034       0x30 ./Core/Src/main.o
                0x20000034                hadc1
 .bss.hdma_adc1
                0x20000064       0x44 ./Core/Src/main.o
                0x20000064                hdma_adc1
 .bss.hi2c1     0x200000a8       0x54 ./Core/Src/main.o
                0x200000a8                hi2c1
 .bss.htim1     0x200000fc       0x48 ./Core/Src/main.o
                0x200000fc                htim1
 .bss.htim3     0x20000144       0x48 ./Core/Src/main.o
                0x20000144                htim3
 .bss.htim4     0x2000018c       0x48 ./Core/Src/main.o
                0x2000018c                htim4
 .bss.huart3    0x200001d4       0x48 ./Core/Src/main.o
                0x200001d4                huart3
 .bss.count     0x2000021c        0x4 ./Core/Src/main.o
                0x2000021c                count
 .bss.RxData    0x20000220       0x14 ./Core/Src/main.o
                0x20000220                RxData
 .bss.rxBuffer  0x20000234        0xc ./Core/Src/main.o
                0x20000234                rxBuffer
 .bss.rxData    0x20000240       0x14 ./Core/Src/main.o
                0x20000240                rxData
 .bss.rxIndex   0x20000254        0x2 ./Core/Src/main.o
                0x20000254                rxIndex
 .bss.uart_rx_started
                0x20000256        0x1 ./Core/Src/main.o
 *fill*         0x20000257        0x1 
 .bss.dwin_rx_q
                0x20000258       0xa8 ./Core/Src/main.o
 .bss.dwin_q_w  0x20000300        0x1 ./Core/Src/main.o
 .bss.dwin_q_r  0x20000301        0x1 ./Core/Src/main.o
 .bss.address   0x20000302        0x2 ./Core/Src/main.o
                0x20000302                address
 .bss.dataa     0x20000304        0x2 ./Core/Src/main.o
                0x20000304                dataa
 .bss.mode      0x20000306        0x2 ./Core/Src/main.o
                0x20000306                mode
 .bss.high      0x20000308        0x2 ./Core/Src/main.o
                0x20000308                high
 .bss.bipolar   0x2000030a        0x2 ./Core/Src/main.o
                0x2000030a                bipolar
 .bss.low       0x2000030c        0x2 ./Core/Src/main.o
                0x2000030c                low
 .bss.brightnes
                0x2000030e        0x2 ./Core/Src/main.o
                0x2000030e                brightnes
 .bss.current_page
                0x20000310        0x2 ./Core/Src/main.o
                0x20000310                current_page
 .bss.previous_mode
                0x20000312        0x2 ./Core/Src/main.o
                0x20000312                previous_mode
 .bss.number_eeprome_flag
                0x20000314        0x1 ./Core/Src/main.o
                0x20000314                number_eeprome_flag
 .bss.eeprom_err
                0x20000315        0x1 ./Core/Src/main.o
                0x20000315                eeprom_err
 .bss.ch_pg_flag
                0x20000316        0x1 ./Core/Src/main.o
                0x20000316                ch_pg_flag
 *fill*         0x20000317        0x1 
 .bss.modee     0x20000318        0x2 ./Core/Src/main.o
                0x20000318                modee
 *fill*         0x2000031a        0x2 
 .bss.highh     0x2000031c        0x2 ./Core/Src/main.o
                0x2000031c                highh
 *fill*         0x2000031e        0x2 
 .bss.bipolarr  0x20000320        0x2 ./Core/Src/main.o
                0x20000320                bipolarr
 *fill*         0x20000322        0x2 
 .bss.loww      0x20000324        0x2 ./Core/Src/main.o
                0x20000324                loww
 *fill*         0x20000326        0x2 
 .bss.vp3003w   0x20000328        0x2 ./Core/Src/main.o
                0x20000328                vp3003w
 *fill*         0x2000032a        0x2 
 .bss.brightness
                0x2000032c        0x2 ./Core/Src/main.o
                0x2000032c                brightness
 *fill*         0x2000032e        0x2 
 .bss.current_page_array
                0x20000330        0x2 ./Core/Src/main.o
                0x20000330                current_page_array
 .bss.vp3003_val
                0x20000332        0x2 ./Core/Src/main.o
                0x20000332                vp3003_val
 .bss.prev_address
                0x20000334        0x2 ./Core/Src/main.o
                0x20000334                prev_address
 .bss.prev_dataa
                0x20000336        0x2 ./Core/Src/main.o
                0x20000336                prev_dataa
 .bss.previous_low
                0x20000338        0x2 ./Core/Src/main.o
                0x20000338                previous_low
 .bss.dwin_pkt_ready
                0x2000033a        0x1 ./Core/Src/main.o
                0x2000033a                dwin_pkt_ready
 *fill*         0x2000033b        0x1 
 .bss.low_save_enable_tick
                0x2000033c        0x4 ./Core/Src/main.o
 .bss.low_display_push_until
                0x20000340        0x4 ./Core/Src/main.o
 .bss.var_icon_display_push_until
                0x20000344        0x4 ./Core/Src/main.o
 .bss.var_icon_boot_push_until
                0x20000348        0x4 ./Core/Src/main.o
 .bss.var_icon_aggressive_until
                0x2000034c        0x4 ./Core/Src/main.o
 .bss.var_icon_save_enable_tick
                0x20000350        0x4 ./Core/Src/main.o
 .bss.brightness_display_push_until
                0x20000354        0x4 ./Core/Src/main.o
 .bss.brightness_save_enable_tick
                0x20000358        0x4 ./Core/Src/main.o
 .bss.brightness_user_touched
                0x2000035c        0x1 ./Core/Src/main.o
 .bss.low_user_touched
                0x2000035d        0x1 ./Core/Src/main.o
 *fill*         0x2000035e        0x2 
 .bss.low_last_accept_tick
                0x20000360        0x4 ./Core/Src/main.o
 .bss.low_eeprom_save_deadline
                0x20000364        0x4 ./Core/Src/main.o
 .bss.low_eeprom_dirty
                0x20000368        0x1 ./Core/Src/main.o
 *fill*         0x20000369        0x3 
 .bss.low_hold_last_rx_ms
                0x2000036c        0x4 ./Core/Src/main.o
 .bss.low_hold_stream
                0x20000370        0x1 ./Core/Src/main.o
 *fill*         0x20000371        0x3 
 .bss.low_hold_step_ms
                0x20000374        0x4 ./Core/Src/main.o
 .bss.vp3003_save_enable_tick
                0x20000378        0x4 ./Core/Src/main.o
 .bss.vp3003_page1_restore_until
                0x2000037c        0x4 ./Core/Src/main.o
 .bss.vp3003_user_touched
                0x20000380        0x1 ./Core/Src/main.o
 .bss.saved_settings_page
                0x20000381        0x1 ./Core/Src/main.o
 .bss.var_icon_user_locked
                0x20000382        0x1 ./Core/Src/main.o
 *fill*         0x20000383        0x1 
 .bss.boot_page_guard_until
                0x20000384        0x4 ./Core/Src/main.o
 .bss.footswitch
                0x20000388        0x1 ./Core/Src/main.o
                0x20000388                footswitch
 .bss.active    0x20000389        0x1 ./Core/Src/main.o
                0x20000389                active
 *fill*         0x2000038a        0x2 
 .bss.pa7_last_irq
                0x2000038c        0x4 ./Core/Src/main.o
                0x2000038c                pa7_last_irq
 .bss.pa7_pending
                0x20000390        0x1 ./Core/Src/main.o
                0x20000390                pa7_pending
 *fill*         0x20000391        0x3 
 .bss.pb0_last_irq
                0x20000394        0x4 ./Core/Src/main.o
                0x20000394                pb0_last_irq
 .bss.pb0_pending
                0x20000398        0x1 ./Core/Src/main.o
                0x20000398                pb0_pending
 *fill*         0x20000399        0x3 
 .bss.adc_dma_buf
                0x2000039c        0x4 ./Core/Src/main.o
                0x2000039c                adc_dma_buf
 .bss.adc_raw_ch1
                0x200003a0        0x2 ./Core/Src/main.o
                0x200003a0                adc_raw_ch1
 .bss.adc_raw_ch0
                0x200003a2        0x2 ./Core/Src/main.o
                0x200003a2                adc_raw_ch0
 .bss.last_adc_tick
                0x200003a4        0x4 ./Core/Src/main.o
                0x200003a4                last_adc_tick
 .bss.alert_hv  0x200003a8        0x1 ./Core/Src/main.o
                0x200003a8                alert_hv
 .bss.alert_gate
                0x200003a9        0x1 ./Core/Src/main.o
                0x200003a9                alert_gate
 *fill*         0x200003aa        0x2 
 .bss.ch1_voltage
                0x200003ac        0x4 ./Core/Src/main.o
                0x200003ac                ch1_voltage
 .bss.last_poll.5
                0x200003b0        0x4 ./Core/Src/main.o
 .bss.last_boot_icon.4
                0x200003b4        0x4 ./Core/Src/main.o
 .bss.last_icon_push.3
                0x200003b8        0x4 ./Core/Src/main.o
 .bss.last_low_push.2
                0x200003bc        0x4 ./Core/Src/main.o
 .bss.last_brightness_push.1
                0x200003c0        0x4 ./Core/Src/main.o
 .bss.last_vp3003_push.0
                0x200003c4        0x4 ./Core/Src/main.o
 .bss.uwTick    0x200003c8        0x4 ./Drivers/STM32F1xx_HAL_Driver/Src/stm32f1xx_hal.o
                0x200003c8                uwTick
 *(COMMON)
                0x200003cc                        . = ALIGN (0x4)
                0x200003cc                        _ebss = .
                0x200003cc                        __bss_end__ = _ebss

._user_heap_stack
                0x200003cc      0x604 load address 0x08009410
                0x200003d0                        . = ALIGN (0x8)
 *fill*         0x200003cc        0x4 
                [!provide]                        PROVIDE (end = .)
                0x200003d0                        PROVIDE (_end = .)
                0x200005d0                        . = (. + _Min_Heap_Size)
 *fill*         0x200003d0      0x200 
                0x200009d0                        . = (. + _Min_Stack_Size)
 *fill*         0x200005d0      0x400 
                0x200009d0                        . = ALIGN (0x8)

/DISCARD/
 libc.a(*)
 libm.a(*)
 libgcc.a(*)

.ARM.attributes
                0x00000000       0x29
 *(.ARM.attributes)
 .ARM.attributes
                0x00000000       0x1d C:/ST/STM32CubeIDE_2.2.0/STM32CubeIDE/plugins/com.st.stm32cube.ide.mcu.externaltools.gnu-tools-for-stm32.14.3.rel1.win32_1.0.100.202602081740/tools/bin/../lib/gcc/arm-none-eabi/14.3.1/thumb/v7-m/nofp/crti.o
 .ARM.attributes
                0x0000001d       0x2d C:/ST/STM32CubeIDE_2.2.0/STM32CubeIDE/plugins/com.st.stm32cube.ide.mcu.externaltools.gnu-tools-for-stm32.14.3.rel1.win32_1.0.100.202602081740/tools/bin/../lib/gcc/arm-none-eabi/14.3.1/thumb/v7-m/nofp/crtbegin.o
 .ARM.attributes
                0x0000004a       0x2d ./Core/Src/main.o
 .ARM.attributes
                0x00000077       0x2d ./Core/Src/stm32f1xx_hal_msp.o
 .ARM.attributes
                0x000000a4       0x2d ./Core/Src/stm32f1xx_it.o
 .ARM.attributes
                0x000000d1       0x2d ./Core/Src/system_stm32f1xx.o
 .ARM.attributes
                0x000000fe       0x21 ./Core/Startup/startup_stm32f103c8tx.o
 .ARM.attributes
                0x0000011f       0x2d ./Drivers/STM32F1xx_HAL_Driver/Src/stm32f1xx_hal.o
 .ARM.attributes
                0x0000014c       0x2d ./Drivers/STM32F1xx_HAL_Driver/Src/stm32f1xx_hal_adc.o
 .ARM.attributes
                0x00000179       0x2d ./Drivers/STM32F1xx_HAL_Driver/Src/stm32f1xx_hal_adc_ex.o
 .ARM.attributes
                0x000001a6       0x2d ./Drivers/STM32F1xx_HAL_Driver/Src/stm32f1xx_hal_cortex.o
 .ARM.attributes
                0x000001d3       0x2d ./Drivers/STM32F1xx_HAL_Driver/Src/stm32f1xx_hal_dma.o
 .ARM.attributes
                0x00000200       0x2d ./Drivers/STM32F1xx_HAL_Driver/Src/stm32f1xx_hal_gpio.o
 .ARM.attributes
                0x0000022d       0x2d ./Drivers/STM32F1xx_HAL_Driver/Src/stm32f1xx_hal_i2c.o
 .ARM.attributes
                0x0000025a       0x2d ./Drivers/STM32F1xx_HAL_Driver/Src/stm32f1xx_hal_rcc.o
 .ARM.attributes
                0x00000287       0x2d ./Drivers/STM32F1xx_HAL_Driver/Src/stm32f1xx_hal_rcc_ex.o
 .ARM.attributes
                0x000002b4       0x2d ./Drivers/STM32F1xx_HAL_Driver/Src/stm32f1xx_hal_tim.o
 .ARM.attributes
                0x000002e1       0x2d ./Drivers/STM32F1xx_HAL_Driver/Src/stm32f1xx_hal_tim_ex.o
 .ARM.attributes
                0x0000030e       0x2d ./Drivers/STM32F1xx_HAL_Driver/Src/stm32f1xx_hal_uart.o
 .ARM.attributes
                0x0000033b       0x2d C:/ST/STM32CubeIDE_2.2.0/STM32CubeIDE/plugins/com.st.stm32cube.ide.mcu.externaltools.gnu-tools-for-stm32.14.3.rel1.win32_1.0.100.202602081740/tools/bin/../lib/gcc/arm-none-eabi/14.3.1/../../../../arm-none-eabi/lib/thumb/v7-m/nofp\libc_nano.a(libc_a-memmove.o)
 .ARM.attributes
                0x00000368       0x2d C:/ST/STM32CubeIDE_2.2.0/STM32CubeIDE/plugins/com.st.stm32cube.ide.mcu.externaltools.gnu-tools-for-stm32.14.3.rel1.win32_1.0.100.202602081740/tools/bin/../lib/gcc/arm-none-eabi/14.3.1/../../../../arm-none-eabi/lib/thumb/v7-m/nofp\libc_nano.a(libc_a-memset.o)
 .ARM.attributes
                0x00000395       0x2d C:/ST/STM32CubeIDE_2.2.0/STM32CubeIDE/plugins/com.st.stm32cube.ide.mcu.externaltools.gnu-tools-for-stm32.14.3.rel1.win32_1.0.100.202602081740/tools/bin/../lib/gcc/arm-none-eabi/14.3.1/../../../../arm-none-eabi/lib/thumb/v7-m/nofp\libc_nano.a(libc_a-init.o)
 .ARM.attributes
                0x000003c2       0x2d C:/ST/STM32CubeIDE_2.2.0/STM32CubeIDE/plugins/com.st.stm32cube.ide.mcu.externaltools.gnu-tools-for-stm32.14.3.rel1.win32_1.0.100.202602081740/tools/bin/../lib/gcc/arm-none-eabi/14.3.1/../../../../arm-none-eabi/lib/thumb/v7-m/nofp\libc_nano.a(libc_a-memcpy-stub.o)
 .ARM.attributes
                0x000003ef       0x1d C:/ST/STM32CubeIDE_2.2.0/STM32CubeIDE/plugins/com.st.stm32cube.ide.mcu.externaltools.gnu-tools-for-stm32.14.3.rel1.win32_1.0.100.202602081740/tools/bin/../lib/gcc/arm-none-eabi/14.3.1/thumb/v7-m/nofp\libgcc.a(_arm_addsubsf3.o)
 .ARM.attributes
                0x0000040c       0x1d C:/ST/STM32CubeIDE_2.2.0/STM32CubeIDE/plugins/com.st.stm32cube.ide.mcu.externaltools.gnu-tools-for-stm32.14.3.rel1.win32_1.0.100.202602081740/tools/bin/../lib/gcc/arm-none-eabi/14.3.1/thumb/v7-m/nofp\libgcc.a(_arm_muldivsf3.o)
 .ARM.attributes
                0x00000429       0x1d C:/ST/STM32CubeIDE_2.2.0/STM32CubeIDE/plugins/com.st.stm32cube.ide.mcu.externaltools.gnu-tools-for-stm32.14.3.rel1.win32_1.0.100.202602081740/tools/bin/../lib/gcc/arm-none-eabi/14.3.1/thumb/v7-m/nofp\libgcc.a(_arm_cmpsf2.o)
 .ARM.attributes
                0x00000446       0x1d C:/ST/STM32CubeIDE_2.2.0/STM32CubeIDE/plugins/com.st.stm32cube.ide.mcu.externaltools.gnu-tools-for-stm32.14.3.rel1.win32_1.0.100.202602081740/tools/bin/../lib/gcc/arm-none-eabi/14.3.1/thumb/v7-m/nofp/crtn.o
OUTPUT(skinquatery.elf elf32-littlearm)
LOAD linker stubs
LOAD C:/ST/STM32CubeIDE_2.2.0/STM32CubeIDE/plugins/com.st.stm32cube.ide.mcu.externaltools.gnu-tools-for-stm32.14.3.rel1.win32_1.0.100.202602081740/tools/bin/../lib/gcc/arm-none-eabi/14.3.1/../../../../arm-none-eabi/lib/thumb/v7-m/nofp\libc.a
LOAD C:/ST/STM32CubeIDE_2.2.0/STM32CubeIDE/plugins/com.st.stm32cube.ide.mcu.externaltools.gnu-tools-for-stm32.14.3.rel1.win32_1.0.100.202602081740/tools/bin/../lib/gcc/arm-none-eabi/14.3.1/../../../../arm-none-eabi/lib/thumb/v7-m/nofp\libm.a
LOAD C:/ST/STM32CubeIDE_2.2.0/STM32CubeIDE/plugins/com.st.stm32cube.ide.mcu.externaltools.gnu-tools-for-stm32.14.3.rel1.win32_1.0.100.202602081740/tools/bin/../lib/gcc/arm-none-eabi/14.3.1/thumb/v7-m/nofp\libgcc.a

.debug_info     0x00000000    0x11cfa
 .debug_info    0x00000000     0x2e30 ./Core/Src/main.o
 .debug_info    0x00002e30     0x142e ./Core/Src/stm32f1xx_hal_msp.o
 .debug_info    0x0000425e      0x648 ./Core/Src/stm32f1xx_it.o
 .debug_info    0x000048a6      0x222 ./Core/Src/system_stm32f1xx.o
 .debug_info    0x00004ac8       0x30 ./Core/Startup/startup_stm32f103c8tx.o
 .debug_info    0x00004af8      0x704 ./Drivers/STM32F1xx_HAL_Driver/Src/stm32f1xx_hal.o
 .debug_info    0x000051fc      0xc50 ./Drivers/STM32F1xx_HAL_Driver/Src/stm32f1xx_hal_adc.o
 .debug_info    0x00005e4c      0xa10 ./Drivers/STM32F1xx_HAL_Driver/Src/stm32f1xx_hal_adc_ex.o
 .debug_info    0x0000685c      0xa87 ./Drivers/STM32F1xx_HAL_Driver/Src/stm32f1xx_hal_cortex.o
 .debug_info    0x000072e3      0x6d2 ./Drivers/STM32F1xx_HAL_Driver/Src/stm32f1xx_hal_dma.o
 .debug_info    0x000079b5      0x5ab ./Drivers/STM32F1xx_HAL_Driver/Src/stm32f1xx_hal_gpio.o
 .debug_info    0x00007f60     0x2524 ./Drivers/STM32F1xx_HAL_Driver/Src/stm32f1xx_hal_i2c.o
 .debug_info    0x0000a484      0x7d5 ./Drivers/STM32F1xx_HAL_Driver/Src/stm32f1xx_hal_rcc.o
 .debug_info    0x0000ac59      0x3c0 ./Drivers/STM32F1xx_HAL_Driver/Src/stm32f1xx_hal_rcc_ex.o
 .debug_info    0x0000b019     0x2959 ./Drivers/STM32F1xx_HAL_Driver/Src/stm32f1xx_hal_tim.o
 .debug_info    0x0000d972     0x149b ./Drivers/STM32F1xx_HAL_Driver/Src/stm32f1xx_hal_tim_ex.o
 .debug_info    0x0000ee0d     0x2eed ./Drivers/STM32F1xx_HAL_Driver/Src/stm32f1xx_hal_uart.o

.debug_abbrev   0x00000000     0x254f
 .debug_abbrev  0x00000000      0x3c1 ./Core/Src/main.o
 .debug_abbrev  0x000003c1      0x293 ./Core/Src/stm32f1xx_hal_msp.o
 .debug_abbrev  0x00000654      0x18d ./Core/Src/stm32f1xx_it.o
 .debug_abbrev  0x000007e1      0x13f ./Core/Src/system_stm32f1xx.o
 .debug_abbrev  0x00000920       0x24 ./Core/Startup/startup_stm32f103c8tx.o
 .debug_abbrev  0x00000944      0x201 ./Drivers/STM32F1xx_HAL_Driver/Src/stm32f1xx_hal.o
 .debug_abbrev  0x00000b45      0x225 ./Drivers/STM32F1xx_HAL_Driver/Src/stm32f1xx_hal_adc.o
 .debug_abbrev  0x00000d6a      0x249 ./Drivers/STM32F1xx_HAL_Driver/Src/stm32f1xx_hal_adc_ex.o
 .debug_abbrev  0x00000fb3      0x2f8 ./Drivers/STM32F1xx_HAL_Driver/Src/stm32f1xx_hal_cortex.o
 .debug_abbrev  0x000012ab      0x20b ./Drivers/STM32F1xx_HAL_Driver/Src/stm32f1xx_hal_dma.o
 .debug_abbrev  0x000014b6      0x1ca ./Drivers/STM32F1xx_HAL_Driver/Src/stm32f1xx_hal_gpio.o
 .debug_abbrev  0x00001680      0x2a3 ./Drivers/STM32F1xx_HAL_Driver/Src/stm32f1xx_hal_i2c.o
 .debug_abbrev  0x00001923      0x2b3 ./Drivers/STM32F1xx_HAL_Driver/Src/stm32f1xx_hal_rcc.o
 .debug_abbrev  0x00001bd6      0x188 ./Drivers/STM32F1xx_HAL_Driver/Src/stm32f1xx_hal_rcc_ex.o
 .debug_abbrev  0x00001d5e      0x277 ./Drivers/STM32F1xx_HAL_Driver/Src/stm32f1xx_hal_tim.o
 .debug_abbrev  0x00001fd5      0x282 ./Drivers/STM32F1xx_HAL_Driver/Src/stm32f1xx_hal_tim_ex.o
 .debug_abbrev  0x00002257      0x2f8 ./Drivers/STM32F1xx_HAL_Driver/Src/stm32f1xx_hal_uart.o

.debug_aranges  0x00000000     0x1308
 .debug_aranges
                0x00000000      0x300 ./Core/Src/main.o
 .debug_aranges
                0x00000300       0x68 ./Core/Src/stm32f1xx_hal_msp.o
 .debug_aranges
                0x00000368       0x80 ./Core/Src/stm32f1xx_it.o
 .debug_aranges
                0x000003e8       0x28 ./Core/Src/system_stm32f1xx.o
 .debug_aranges
                0x00000410       0x28 ./Core/Startup/startup_stm32f103c8tx.o
 .debug_aranges
                0x00000438       0xe0 ./Drivers/STM32F1xx_HAL_Driver/Src/stm32f1xx_hal.o
 .debug_aranges
                0x00000518       0xf0 ./Drivers/STM32F1xx_HAL_Driver/Src/stm32f1xx_hal_adc.o
 .debug_aranges
                0x00000608       0x80 ./Drivers/STM32F1xx_HAL_Driver/Src/stm32f1xx_hal_adc_ex.o
 .debug_aranges
                0x00000688      0x100 ./Drivers/STM32F1xx_HAL_Driver/Src/stm32f1xx_hal_cortex.o
 .debug_aranges
                0x00000788       0x80 ./Drivers/STM32F1xx_HAL_Driver/Src/stm32f1xx_hal_dma.o
 .debug_aranges
                0x00000808       0x58 ./Drivers/STM32F1xx_HAL_Driver/Src/stm32f1xx_hal_gpio.o
 .debug_aranges
                0x00000860      0x2a8 ./Drivers/STM32F1xx_HAL_Driver/Src/stm32f1xx_hal_i2c.o
 .debug_aranges
                0x00000b08       0x90 ./Drivers/STM32F1xx_HAL_Driver/Src/stm32f1xx_hal_rcc.o
 .debug_aranges
                0x00000b98       0x30 ./Drivers/STM32F1xx_HAL_Driver/Src/stm32f1xx_hal_rcc_ex.o
 .debug_aranges
                0x00000bc8      0x3d0 ./Drivers/STM32F1xx_HAL_Driver/Src/stm32f1xx_hal_tim.o
 .debug_aranges
                0x00000f98      0x168 ./Drivers/STM32F1xx_HAL_Driver/Src/stm32f1xx_hal_tim_ex.o
 .debug_aranges
                0x00001100      0x208 ./Drivers/STM32F1xx_HAL_Driver/Src/stm32f1xx_hal_uart.o

.debug_rnglists
                0x00000000      0xf8e
 .debug_rnglists
                0x00000000      0x2cd ./Core/Src/main.o
 .debug_rnglists
                0x000002cd       0x4d ./Core/Src/stm32f1xx_hal_msp.o
 .debug_rnglists
                0x0000031a       0x5b ./Core/Src/stm32f1xx_it.o
 .debug_rnglists
                0x00000375       0x1a ./Core/Src/system_stm32f1xx.o
 .debug_rnglists
                0x0000038f       0x19 ./Core/Startup/startup_stm32f103c8tx.o
 .debug_rnglists
                0x000003a8       0xa3 ./Drivers/STM32F1xx_HAL_Driver/Src/stm32f1xx_hal.o
 .debug_rnglists
                0x0000044b       0xbc ./Drivers/STM32F1xx_HAL_Driver/Src/stm32f1xx_hal_adc.o
 .debug_rnglists
                0x00000507       0x65 ./Drivers/STM32F1xx_HAL_Driver/Src/stm32f1xx_hal_adc_ex.o
 .debug_rnglists
                0x0000056c       0xbb ./Drivers/STM32F1xx_HAL_Driver/Src/stm32f1xx_hal_cortex.o
 .debug_rnglists
                0x00000627       0x64 ./Drivers/STM32F1xx_HAL_Driver/Src/stm32f1xx_hal_dma.o
 .debug_rnglists
                0x0000068b       0x3f ./Drivers/STM32F1xx_HAL_Driver/Src/stm32f1xx_hal_gpio.o
 .debug_rnglists
                0x000006ca      0x23c ./Drivers/STM32F1xx_HAL_Driver/Src/stm32f1xx_hal_i2c.o
 .debug_rnglists
                0x00000906       0x6c ./Drivers/STM32F1xx_HAL_Driver/Src/stm32f1xx_hal_rcc.o
 .debug_rnglists
                0x00000972       0x21 ./Drivers/STM32F1xx_HAL_Driver/Src/stm32f1xx_hal_rcc_ex.o
 .debug_rnglists
                0x00000993      0x31a ./Drivers/STM32F1xx_HAL_Driver/Src/stm32f1xx_hal_tim.o
 .debug_rnglists
                0x00000cad      0x125 ./Drivers/STM32F1xx_HAL_Driver/Src/stm32f1xx_hal_tim_ex.o
 .debug_rnglists
                0x00000dd2      0x1bc ./Drivers/STM32F1xx_HAL_Driver/Src/stm32f1xx_hal_uart.o

.debug_macro    0x00000000    0x1884d
 .debug_macro   0x00000000      0x39e ./Core/Src/main.o
 .debug_macro   0x0000039e      0xacc ./Core/Src/main.o
 .debug_macro   0x00000e6a      0x22d ./Core/Src/main.o
 .debug_macro   0x00001097       0x2e ./Core/Src/main.o
 .debug_macro   0x000010c5       0x22 ./Core/Src/main.o
 .debug_macro   0x000010e7       0x22 ./Core/Src/main.o
 .debug_macro   0x00001109       0x8e ./Core/Src/main.o
 .debug_macro   0x00001197       0x51 ./Core/Src/main.o
 .debug_macro   0x000011e8      0x103 ./Core/Src/main.o
 .debug_macro   0x000012eb       0x6a ./Core/Src/main.o
 .debug_macro   0x00001355      0x1df ./Core/Src/main.o
 .debug_macro   0x00001534       0x1c ./Core/Src/main.o
 .debug_macro   0x00001550       0x22 ./Core/Src/main.o
 .debug_macro   0x00001572       0xbd ./Core/Src/main.o
 .debug_macro   0x0000162f      0xd23 ./Core/Src/main.o
 .debug_macro   0x00002352     0xe09e ./Core/Src/main.o
 .debug_macro   0x000103f0       0x6d ./Core/Src/main.o
 .debug_macro   0x0001045d     0x34a2 ./Core/Src/main.o
 .debug_macro   0x000138ff      0x190 ./Core/Src/main.o
 .debug_macro   0x00013a8f       0x5c ./Core/Src/main.o
 .debug_macro   0x00013aeb      0x5bc ./Core/Src/main.o
 .debug_macro   0x000140a7      0x289 ./Core/Src/main.o
 .debug_macro   0x00014330      0x1cb ./Core/Src/main.o
 .debug_macro   0x000144fb      0x114 ./Core/Src/main.o
 .debug_macro   0x0001460f      0x1b2 ./Core/Src/main.o
 .debug_macro   0x000147c1       0x27 ./Core/Src/main.o
 .debug_macro   0x000147e8      0x136 ./Core/Src/main.o
 .debug_macro   0x0001491e      0x1bc ./Core/Src/main.o
 .debug_macro   0x00014ada       0x34 ./Core/Src/main.o
 .debug_macro   0x00014b0e       0x3c ./Core/Src/main.o
 .debug_macro   0x00014b4a       0x57 ./Core/Src/main.o
 .debug_macro   0x00014ba1      0x46a ./Core/Src/main.o
 .debug_macro   0x0001500b      0x1b5 ./Core/Src/main.o
 .debug_macro   0x000151c0       0x87 ./Core/Src/main.o
 .debug_macro   0x00015247      0x240 ./Core/Src/main.o
 .debug_macro   0x00015487      0x287 ./Core/Src/main.o
 .debug_macro   0x0001570e      0x140 ./Core/Src/main.o
 .debug_macro   0x0001584e      0x8ed ./Core/Src/main.o
 .debug_macro   0x0001613b      0x28e ./Core/Src/main.o
 .debug_macro   0x000163c9       0x83 ./Core/Src/main.o
 .debug_macro   0x0001644c       0x58 ./Core/Src/main.o
 .debug_macro   0x000164a4       0x22 ./Core/Src/main.o
 .debug_macro   0x000164c6       0x61 ./Core/Src/main.o
 .debug_macro   0x00016527       0x24 ./Core/Src/main.o
 .debug_macro   0x0001654b       0x43 ./Core/Src/main.o
 .debug_macro   0x0001658e       0x34 ./Core/Src/main.o
 .debug_macro   0x000165c2      0x364 ./Core/Src/main.o
 .debug_macro   0x00016926       0x16 ./Core/Src/main.o
 .debug_macro   0x0001693c       0x4a ./Core/Src/main.o
 .debug_macro   0x00016986       0x34 ./Core/Src/main.o
 .debug_macro   0x000169ba       0x10 ./Core/Src/main.o
 .debug_macro   0x000169ca       0x58 ./Core/Src/main.o
 .debug_macro   0x00016a22       0x8e ./Core/Src/main.o
 .debug_macro   0x00016ab0       0x1c ./Core/Src/main.o
 .debug_macro   0x00016acc      0x17e ./Core/Src/main.o
 .debug_macro   0x00016c4a       0x10 ./Core/Src/main.o
 .debug_macro   0x00016c5a       0x3c ./Core/Src/main.o
 .debug_macro   0x00016c96       0x20 ./Core/Src/main.o
 .debug_macro   0x00016cb6      0x1d0 ./Core/Src/stm32f1xx_hal_msp.o
 .debug_macro   0x00016e86      0x1da ./Core/Src/stm32f1xx_it.o
 .debug_macro   0x00017060      0x1c1 ./Core/Src/system_stm32f1xx.o
 .debug_macro   0x00017221      0x1e5 ./Drivers/STM32F1xx_HAL_Driver/Src/stm32f1xx_hal.o
 .debug_macro   0x00017406      0x1de ./Drivers/STM32F1xx_HAL_Driver/Src/stm32f1xx_hal_adc.o
 .debug_macro   0x000175e4      0x1d3 ./Drivers/STM32F1xx_HAL_Driver/Src/stm32f1xx_hal_adc_ex.o
 .debug_macro   0x000177b7      0x1c1 ./Drivers/STM32F1xx_HAL_Driver/Src/stm32f1xx_hal_cortex.o
 .debug_macro   0x00017978      0x1c1 ./Drivers/STM32F1xx_HAL_Driver/Src/stm32f1xx_hal_dma.o
 .debug_macro   0x00017b39      0x22c ./Drivers/STM32F1xx_HAL_Driver/Src/stm32f1xx_hal_gpio.o
 .debug_macro   0x00017d65      0x20f ./Drivers/STM32F1xx_HAL_Driver/Src/stm32f1xx_hal_i2c.o
 .debug_macro   0x00017f74      0x1d3 ./Drivers/STM32F1xx_HAL_Driver/Src/stm32f1xx_hal_rcc.o
 .debug_macro   0x00018147      0x1c1 ./Drivers/STM32F1xx_HAL_Driver/Src/stm32f1xx_hal_rcc_ex.o
 .debug_macro   0x00018308      0x1c2 ./Drivers/STM32F1xx_HAL_Driver/Src/stm32f1xx_hal_tim.o
 .debug_macro   0x000184ca      0x1c1 ./Drivers/STM32F1xx_HAL_Driver/Src/stm32f1xx_hal_tim_ex.o
 .debug_macro   0x0001868b      0x1c2 ./Drivers/STM32F1xx_HAL_Driver/Src/stm32f1xx_hal_uart.o

.debug_line     0x00000000    0x15afa
 .debug_line    0x00000000     0x2f01 ./Core/Src/main.o
 .debug_line    0x00002f01      0x932 ./Core/Src/stm32f1xx_hal_msp.o
 .debug_line    0x00003833      0x857 ./Core/Src/stm32f1xx_it.o
 .debug_line    0x0000408a      0x7c7 ./Core/Src/system_stm32f1xx.o
 .debug_line    0x00004851       0x78 ./Core/Startup/startup_stm32f103c8tx.o
 .debug_line    0x000048c9      0x9fb ./Drivers/STM32F1xx_HAL_Driver/Src/stm32f1xx_hal.o
 .debug_line    0x000052c4     0x101d ./Drivers/STM32F1xx_HAL_Driver/Src/stm32f1xx_hal_adc.o
 .debug_line    0x000062e1      0xd3f ./Drivers/STM32F1xx_HAL_Driver/Src/stm32f1xx_hal_adc_ex.o
 .debug_line    0x00007020      0xbc2 ./Drivers/STM32F1xx_HAL_Driver/Src/stm32f1xx_hal_cortex.o
 .debug_line    0x00007be2      0xe02 ./Drivers/STM32F1xx_HAL_Driver/Src/stm32f1xx_hal_dma.o
 .debug_line    0x000089e4      0xa52 ./Drivers/STM32F1xx_HAL_Driver/Src/stm32f1xx_hal_gpio.o
 .debug_line    0x00009436     0x3bf5 ./Drivers/STM32F1xx_HAL_Driver/Src/stm32f1xx_hal_i2c.o
 .debug_line    0x0000d02b      0xeb1 ./Drivers/STM32F1xx_HAL_Driver/Src/stm32f1xx_hal_rcc.o
 .debug_line    0x0000dedc      0x962 ./Drivers/STM32F1xx_HAL_Driver/Src/stm32f1xx_hal_rcc_ex.o
 .debug_line    0x0000e83e     0x34ec ./Drivers/STM32F1xx_HAL_Driver/Src/stm32f1xx_hal_tim.o
 .debug_line    0x00011d2a     0x18bc ./Drivers/STM32F1xx_HAL_Driver/Src/stm32f1xx_hal_tim_ex.o
 .debug_line    0x000135e6     0x2514 ./Drivers/STM32F1xx_HAL_Driver/Src/stm32f1xx_hal_uart.o

.debug_str      0x00000000    0x9249f
 .debug_str     0x00000000    0x9249f ./Core/Src/main.o
                              0x8f111 (size before relaxing)
 .debug_str     0x0009249f    0x8aabb ./Core/Src/stm32f1xx_hal_msp.o
 .debug_str     0x0009249f    0x8a05d ./Core/Src/stm32f1xx_it.o
 .debug_str     0x0009249f    0x89a8a ./Core/Src/system_stm32f1xx.o
 .debug_str     0x0009249f       0x80 ./Core/Startup/startup_stm32f103c8tx.o
 .debug_str     0x0009249f    0x8a1bd ./Drivers/STM32F1xx_HAL_Driver/Src/stm32f1xx_hal.o
 .debug_str     0x0009249f    0x8a16e ./Drivers/STM32F1xx_HAL_Driver/Src/stm32f1xx_hal_adc.o
 .debug_str     0x0009249f    0x8a13e ./Drivers/STM32F1xx_HAL_Driver/Src/stm32f1xx_hal_adc_ex.o
 .debug_str     0x0009249f    0x8a109 ./Drivers/STM32F1xx_HAL_Driver/Src/stm32f1xx_hal_cortex.o
 .debug_str     0x0009249f    0x89e33 ./Drivers/STM32F1xx_HAL_Driver/Src/stm32f1xx_hal_dma.o
 .debug_str     0x0009249f    0x89e10 ./Drivers/STM32F1xx_HAL_Driver/Src/stm32f1xx_hal_gpio.o
 .debug_str     0x0009249f    0x8ab51 ./Drivers/STM32F1xx_HAL_Driver/Src/stm32f1xx_hal_i2c.o
 .debug_str     0x0009249f    0x89eb9 ./Drivers/STM32F1xx_HAL_Driver/Src/stm32f1xx_hal_rcc.o
 .debug_str     0x0009249f    0x89c09 ./Drivers/STM32F1xx_HAL_Driver/Src/stm32f1xx_hal_rcc_ex.o
 .debug_str     0x0009249f    0x8aebb ./Drivers/STM32F1xx_HAL_Driver/Src/stm32f1xx_hal_tim.o
 .debug_str     0x0009249f    0x8a6c7 ./Drivers/STM32F1xx_HAL_Driver/Src/stm32f1xx_hal_tim_ex.o
 .debug_str     0x0009249f    0x8a52a ./Drivers/STM32F1xx_HAL_Driver/Src/stm32f1xx_hal_uart.o

.comment        0x00000000       0x43
 .comment       0x00000000       0x43 ./Core/Src/main.o
                                 0x44 (size before relaxing)
 .comment       0x00000043       0x44 ./Core/Src/stm32f1xx_hal_msp.o
 .comment       0x00000043       0x44 ./Core/Src/stm32f1xx_it.o
 .comment       0x00000043       0x44 ./Core/Src/system_stm32f1xx.o
 .comment       0x00000043       0x44 ./Drivers/STM32F1xx_HAL_Driver/Src/stm32f1xx_hal.o
 .comment       0x00000043       0x44 ./Drivers/STM32F1xx_HAL_Driver/Src/stm32f1xx_hal_adc.o
 .comment       0x00000043       0x44 ./Drivers/STM32F1xx_HAL_Driver/Src/stm32f1xx_hal_adc_ex.o
 .comment       0x00000043       0x44 ./Drivers/STM32F1xx_HAL_Driver/Src/stm32f1xx_hal_cortex.o
 .comment       0x00000043       0x44 ./Drivers/STM32F1xx_HAL_Driver/Src/stm32f1xx_hal_dma.o
 .comment       0x00000043       0x44 ./Drivers/STM32F1xx_HAL_Driver/Src/stm32f1xx_hal_gpio.o
 .comment       0x00000043       0x44 ./Drivers/STM32F1xx_HAL_Driver/Src/stm32f1xx_hal_i2c.o
 .comment       0x00000043       0x44 ./Drivers/STM32F1xx_HAL_Driver/Src/stm32f1xx_hal_rcc.o
 .comment       0x00000043       0x44 ./Drivers/STM32F1xx_HAL_Driver/Src/stm32f1xx_hal_rcc_ex.o
 .comment       0x00000043       0x44 ./Drivers/STM32F1xx_HAL_Driver/Src/stm32f1xx_hal_tim.o
 .comment       0x00000043       0x44 ./Drivers/STM32F1xx_HAL_Driver/Src/stm32f1xx_hal_tim_ex.o
 .comment       0x00000043       0x44 ./Drivers/STM32F1xx_HAL_Driver/Src/stm32f1xx_hal_uart.o

.debug_frame    0x00000000     0x4f60
 .debug_frame   0x00000000      0xc5c ./Core/Src/main.o
 .debug_frame   0x00000c5c      0x178 ./Core/Src/stm32f1xx_hal_msp.o
 .debug_frame   0x00000dd4      0x168 ./Core/Src/stm32f1xx_it.o
 .debug_frame   0x00000f3c       0x50 ./Core/Src/system_stm32f1xx.o
 .debug_frame   0x00000f8c      0x2e4 ./Drivers/STM32F1xx_HAL_Driver/Src/stm32f1xx_hal.o
 .debug_frame   0x00001270      0x3e0 ./Drivers/STM32F1xx_HAL_Driver/Src/stm32f1xx_hal_adc.o
 .debug_frame   0x00001650      0x1f4 ./Drivers/STM32F1xx_HAL_Driver/Src/stm32f1xx_hal_adc_ex.o
 .debug_frame   0x00001844      0x3f0 ./Drivers/STM32F1xx_HAL_Driver/Src/stm32f1xx_hal_cortex.o
 .debug_frame   0x00001c34      0x1e8 ./Drivers/STM32F1xx_HAL_Driver/Src/stm32f1xx_hal_dma.o
 .debug_frame   0x00001e1c      0x130 ./Drivers/STM32F1xx_HAL_Driver/Src/stm32f1xx_hal_gpio.o
 .debug_frame   0x00001f4c      0xbf4 ./Drivers/STM32F1xx_HAL_Driver/Src/stm32f1xx_hal_i2c.o
 .debug_frame   0x00002b40      0x1f8 ./Drivers/STM32F1xx_HAL_Driver/Src/stm32f1xx_hal_rcc.o
 .debug_frame   0x00002d38       0x7c ./Drivers/STM32F1xx_HAL_Driver/Src/stm32f1xx_hal_rcc_ex.o
 .debug_frame   0x00002db4     0x10e8 ./Drivers/STM32F1xx_HAL_Driver/Src/stm32f1xx_hal_tim.o
 .debug_frame   0x00003e9c      0x600 ./Drivers/STM32F1xx_HAL_Driver/Src/stm32f1xx_hal_tim_ex.o
 .debug_frame   0x0000449c      0x8dc ./Drivers/STM32F1xx_HAL_Driver/Src/stm32f1xx_hal_uart.o
 .debug_frame   0x00004d78       0x28 C:/ST/STM32CubeIDE_2.2.0/STM32CubeIDE/plugins/com.st.stm32cube.ide.mcu.externaltools.gnu-tools-for-stm32.14.3.rel1.win32_1.0.100.202602081740/tools/bin/../lib/gcc/arm-none-eabi/14.3.1/../../../../arm-none-eabi/lib/thumb/v7-m/nofp\libc_nano.a(libc_a-memmove.o)
 .debug_frame   0x00004da0       0x20 C:/ST/STM32CubeIDE_2.2.0/STM32CubeIDE/plugins/com.st.stm32cube.ide.mcu.externaltools.gnu-tools-for-stm32.14.3.rel1.win32_1.0.100.202602081740/tools/bin/../lib/gcc/arm-none-eabi/14.3.1/../../../../arm-none-eabi/lib/thumb/v7-m/nofp\libc_nano.a(libc_a-memset.o)
 .debug_frame   0x00004dc0       0x2c C:/ST/STM32CubeIDE_2.2.0/STM32CubeIDE/plugins/com.st.stm32cube.ide.mcu.externaltools.gnu-tools-for-stm32.14.3.rel1.win32_1.0.100.202602081740/tools/bin/../lib/gcc/arm-none-eabi/14.3.1/../../../../arm-none-eabi/lib/thumb/v7-m/nofp\libc_nano.a(libc_a-init.o)
 .debug_frame   0x00004dec       0x28 C:/ST/STM32CubeIDE_2.2.0/STM32CubeIDE/plugins/com.st.stm32cube.ide.mcu.externaltools.gnu-tools-for-stm32.14.3.rel1.win32_1.0.100.202602081740/tools/bin/../lib/gcc/arm-none-eabi/14.3.1/../../../../arm-none-eabi/lib/thumb/v7-m/nofp\libc_nano.a(libc_a-memcpy-stub.o)
 .debug_frame   0x00004e14       0x4c C:/ST/STM32CubeIDE_2.2.0/STM32CubeIDE/plugins/com.st.stm32cube.ide.mcu.externaltools.gnu-tools-for-stm32.14.3.rel1.win32_1.0.100.202602081740/tools/bin/../lib/gcc/arm-none-eabi/14.3.1/thumb/v7-m/nofp\libgcc.a(_arm_addsubsf3.o)
 .debug_frame   0x00004e60       0x38 C:/ST/STM32CubeIDE_2.2.0/STM32CubeIDE/plugins/com.st.stm32cube.ide.mcu.externaltools.gnu-tools-for-stm32.14.3.rel1.win32_1.0.100.202602081740/tools/bin/../lib/gcc/arm-none-eabi/14.3.1/thumb/v7-m/nofp\libgcc.a(_arm_muldivsf3.o)
 .debug_frame   0x00004e98       0xc8 C:/ST/STM32CubeIDE_2.2.0/STM32CubeIDE/plugins/com.st.stm32cube.ide.mcu.externaltools.gnu-tools-for-stm32.14.3.rel1.win32_1.0.100.202602081740/tools/bin/../lib/gcc/arm-none-eabi/14.3.1/thumb/v7-m/nofp\libgcc.a(_arm_cmpsf2.o)

.debug_line_str
                0x00000000       0x64
 .debug_line_str
                0x00000000       0x64 ./Core/Startup/startup_stm32f103c8tx.o
