Archive member included to satisfy reference by file (symbol)

C:/ST/STM32CubeIDE_2.2.0/STM32CubeIDE/plugins/com.st.stm32cube.ide.mcu.externaltools.gnu-tools-for-stm32.14.3.rel1.win32_1.0.100.202602081740/tools/bin/../lib/gcc/arm-none-eabi/14.3.1/../../../../arm-none-eabi/lib/thumb/v7-m/nofp\libc_nano.a(libc_a-exit.o)
                              C:/ST/STM32CubeIDE_2.2.0/STM32CubeIDE/plugins/com.st.stm32cube.ide.mcu.externaltools.gnu-tools-for-stm32.14.3.rel1.win32_1.0.100.202602081740/tools/bin/../lib/gcc/arm-none-eabi/14.3.1/../../../../arm-none-eabi/lib/thumb/v7-m/nofp/crt0.o (exit)
C:/ST/STM32CubeIDE_2.2.0/STM32CubeIDE/plugins/com.st.stm32cube.ide.mcu.externaltools.gnu-tools-for-stm32.14.3.rel1.win32_1.0.100.202602081740/tools/bin/../lib/gcc/arm-none-eabi/14.3.1/../../../../arm-none-eabi/lib/thumb/v7-m/nofp\libc_nano.a(libc_a-findfp.o)
                              C:/ST/STM32CubeIDE_2.2.0/STM32CubeIDE/plugins/com.st.stm32cube.ide.mcu.externaltools.gnu-tools-for-stm32.14.3.rel1.win32_1.0.100.202602081740/tools/bin/../lib/gcc/arm-none-eabi/14.3.1/../../../../arm-none-eabi/lib/thumb/v7-m/nofp\libc_nano.a(libc_a-exit.o) (__stdio_exit_handler)
C:/ST/STM32CubeIDE_2.2.0/STM32CubeIDE/plugins/com.st.stm32cube.ide.mcu.externaltools.gnu-tools-for-stm32.14.3.rel1.win32_1.0.100.202602081740/tools/bin/../lib/gcc/arm-none-eabi/14.3.1/../../../../arm-none-eabi/lib/thumb/v7-m/nofp\libc_nano.a(libc_a-fwalk.o)
                              C:/ST/STM32CubeIDE_2.2.0/STM32CubeIDE/plugins/com.st.stm32cube.ide.mcu.externaltools.gnu-tools-for-stm32.14.3.rel1.win32_1.0.100.202602081740/tools/bin/../lib/gcc/arm-none-eabi/14.3.1/../../../../arm-none-eabi/lib/thumb/v7-m/nofp\libc_nano.a(libc_a-findfp.o) (_fwalk_sglue)
C:/ST/STM32CubeIDE_2.2.0/STM32CubeIDE/plugins/com.st.stm32cube.ide.mcu.externaltools.gnu-tools-for-stm32.14.3.rel1.win32_1.0.100.202602081740/tools/bin/../lib/gcc/arm-none-eabi/14.3.1/../../../../arm-none-eabi/lib/thumb/v7-m/nofp\libc_nano.a(libc_a-stdio.o)
                              C:/ST/STM32CubeIDE_2.2.0/STM32CubeIDE/plugins/com.st.stm32cube.ide.mcu.externaltools.gnu-tools-for-stm32.14.3.rel1.win32_1.0.100.202602081740/tools/bin/../lib/gcc/arm-none-eabi/14.3.1/../../../../arm-none-eabi/lib/thumb/v7-m/nofp\libc_nano.a(libc_a-findfp.o) (__sread)
C:/ST/STM32CubeIDE_2.2.0/STM32CubeIDE/plugins/com.st.stm32cube.ide.mcu.externaltools.gnu-tools-for-stm32.14.3.rel1.win32_1.0.100.202602081740/tools/bin/../lib/gcc/arm-none-eabi/14.3.1/../../../../arm-none-eabi/lib/thumb/v7-m/nofp\libc_nano.a(libc_a-memset.o)
                              C:/ST/STM32CubeIDE_2.2.0/STM32CubeIDE/plugins/com.st.stm32cube.ide.mcu.externaltools.gnu-tools-for-stm32.14.3.rel1.win32_1.0.100.202602081740/tools/bin/../lib/gcc/arm-none-eabi/14.3.1/../../../../arm-none-eabi/lib/thumb/v7-m/nofp/crt0.o (memset)
C:/ST/STM32CubeIDE_2.2.0/STM32CubeIDE/plugins/com.st.stm32cube.ide.mcu.externaltools.gnu-tools-for-stm32.14.3.rel1.win32_1.0.100.202602081740/tools/bin/../lib/gcc/arm-none-eabi/14.3.1/../../../../arm-none-eabi/lib/thumb/v7-m/nofp\libc_nano.a(libc_a-closer.o)
                              C:/ST/STM32CubeIDE_2.2.0/STM32CubeIDE/plugins/com.st.stm32cube.ide.mcu.externaltools.gnu-tools-for-stm32.14.3.rel1.win32_1.0.100.202602081740/tools/bin/../lib/gcc/arm-none-eabi/14.3.1/../../../../arm-none-eabi/lib/thumb/v7-m/nofp\libc_nano.a(libc_a-stdio.o) (_close_r)
C:/ST/STM32CubeIDE_2.2.0/STM32CubeIDE/plugins/com.st.stm32cube.ide.mcu.externaltools.gnu-tools-for-stm32.14.3.rel1.win32_1.0.100.202602081740/tools/bin/../lib/gcc/arm-none-eabi/14.3.1/../../../../arm-none-eabi/lib/thumb/v7-m/nofp\libc_nano.a(libc_a-reent.o)
                              C:/ST/STM32CubeIDE_2.2.0/STM32CubeIDE/plugins/com.st.stm32cube.ide.mcu.externaltools.gnu-tools-for-stm32.14.3.rel1.win32_1.0.100.202602081740/tools/bin/../lib/gcc/arm-none-eabi/14.3.1/../../../../arm-none-eabi/lib/thumb/v7-m/nofp\libc_nano.a(libc_a-closer.o) (errno)
C:/ST/STM32CubeIDE_2.2.0/STM32CubeIDE/plugins/com.st.stm32cube.ide.mcu.externaltools.gnu-tools-for-stm32.14.3.rel1.win32_1.0.100.202602081740/tools/bin/../lib/gcc/arm-none-eabi/14.3.1/../../../../arm-none-eabi/lib/thumb/v7-m/nofp\libc_nano.a(libc_a-impure.o)
                              C:/ST/STM32CubeIDE_2.2.0/STM32CubeIDE/plugins/com.st.stm32cube.ide.mcu.externaltools.gnu-tools-for-stm32.14.3.rel1.win32_1.0.100.202602081740/tools/bin/../lib/gcc/arm-none-eabi/14.3.1/../../../../arm-none-eabi/lib/thumb/v7-m/nofp\libc_nano.a(libc_a-reent.o) (_impure_ptr)
C:/ST/STM32CubeIDE_2.2.0/STM32CubeIDE/plugins/com.st.stm32cube.ide.mcu.externaltools.gnu-tools-for-stm32.14.3.rel1.win32_1.0.100.202602081740/tools/bin/../lib/gcc/arm-none-eabi/14.3.1/../../../../arm-none-eabi/lib/thumb/v7-m/nofp\libc_nano.a(libc_a-lseekr.o)
[...]
Memory Configuration

Name             Origin             Length             Attributes
RAM              0x20000000         0x00005000         xrw
FLASH            0x08000000         0x00010000         xr
*default*        0x00000000         0xffffffff

Linker script and memory map

LOAD C:/ST/STM32CubeIDE_2.2.0/STM32CubeIDE/plugins/com.st.stm32cube.ide.mcu.externaltools.gnu-tools-for-stm32.14.3.rel1.win32_1.0.100.202602081740/tools/bin/../lib/gcc/arm-none-eabi/14.3.1/thumb/v7-m/nofp/crti.o
LOAD C:/ST/STM32CubeIDE_2.2.0/STM32CubeIDE/plugins/com.st.stm32cube.ide.mcu.externaltools.gnu-tools-for-stm32.14.3.rel1.win32_1.0.100.202602081740/tools/bin/../lib/gcc/arm-none-eabi/14.3.1/thumb/v7-m/nofp/crtbegin.o
LOAD C:/ST/STM32CubeIDE_2.2.0/STM32CubeIDE/plugins/com.st.stm32cube.ide.mcu.externaltools.gnu-tools-for-stm32.14.3.rel1.win32_1.0.100.202602081740/tools/bin/../lib/gcc/arm-none-eabi/14.3.1/../../../../arm-none-eabi/lib/thumb/v7-m/nofp/crt0.o
LOAD ./Core/Src/main.o
LOAD ./Core/Src/stm32f1xx_hal_msp.o
LOAD ./Core/Src/stm32f1xx_it.o
LOAD ./Core/Src/syscalls.o
LOAD ./Core/Src/sysmem.o
LOAD ./Core/Src/system_stm32f1xx.o
LOAD ./Core/Startup/startup_stm32f103c8tx.o
LOAD ./Drivers/STM32F1xx_HAL_Driver/Src/stm32f1xx_hal.o
LOAD ./Drivers/STM32F1xx_HAL_Driver/Src/stm32f1xx_hal_adc.o
LOAD ./Drivers/STM32F1xx_HAL_Driver/Src/stm32f1xx_hal_adc_ex.o
LOAD ./Drivers/STM32F1xx_HAL_Driver/Src/stm32f1xx_hal_cortex.o
LOAD ./Drivers/STM32F1xx_HAL_Driver/Src/stm32f1xx_hal_dma.o
LOAD ./Drivers/STM32F1xx_HAL_Driver/Src/stm32f1xx_hal_exti.o
LOAD ./Drivers/STM32F1xx_HAL_Driver/Src/stm32f1xx_hal_flash.o
LOAD ./Drivers/STM32F1xx_HAL_Driver/Src/stm32f1xx_hal_flash_ex.o
LOAD ./Drivers/STM32F1xx_HAL_Driver/Src/stm32f1xx_hal_gpio.o
LOAD ./Drivers/STM32F1xx_HAL_Driver/Src/stm32f1xx_hal_gpio_ex.o
LOAD ./Drivers/STM32F1xx_HAL_Driver/Src/stm32f1xx_hal_i2c.o
LOAD ./Drivers/STM32F1xx_HAL_Driver/Src/stm32f1xx_hal_pwr.o
LOAD ./Drivers/STM32F1xx_HAL_Driver/Src/stm32f1xx_hal_rcc.o
LOAD ./Drivers/STM32F1xx_HAL_Driver/Src/stm32f1xx_hal_rcc_ex.o
LOAD ./Drivers/STM32F1xx_HAL_Driver/Src/stm32f1xx_hal_tim.o
LOAD ./Drivers/STM32F1xx_HAL_Driver/Src/stm32f1xx_hal_tim_ex.o
LOAD ./Drivers/STM32F1xx_HAL_Driver/Src/stm32f1xx_hal_uart.o
START GROUP
LOAD C:/ST/STM32CubeIDE_2.2.0/STM32CubeIDE/plugins/com.st.stm32cube.ide.mcu.externaltools.gnu-tools-for-stm32.14.3.rel1.win32_1.0.100.202602081740/tools/bin/../lib/gcc/arm-none-eabi/14.3.1/../../../../arm-none-eabi/lib/thumb/v7-m/nofp\libc_nano.a
LOAD C:/ST/STM32CubeIDE_2.2.0/STM32CubeIDE/plugins/com.st.stm32cube.ide.mcu.externaltools.gnu-tools-for-stm32.14.3.rel1.win32_1.0.100.202602081740/tools/bin/../lib/gcc/arm-none-eabi/14.3.1/../../../../arm-none-eabi/lib/thumb/v7-m/nofp\libm.a
END GROUP
START GROUP
LOAD C:/ST/STM32CubeIDE_2.2.0/STM32CubeIDE/plugins/com.st.stm32cube.ide.mcu.externaltools.gnu-tools-for-stm32.14.3.rel1.win32_1.0.100.202602081740/tools/bin/../lib/gcc/arm-none-eabi/14.3.1/thumb/v7-m/nofp\libgcc.a
LOAD C:/ST/STM32CubeIDE_2.2.0/STM32CubeIDE/plugins/com.st.stm32cube.ide.mcu.externaltools.gnu-tools-for-stm32.14.3.rel1.win32_1.0.100.202602081740/tools/bin/../lib/gcc/arm-none-eabi/14.3.1/../../../../arm-none-eabi/lib/thumb/v7-m/nofp\libc_nano.a
END GROUP
START GROUP
LOAD C:/ST/STM32CubeIDE_2.2.0/STM32CubeIDE/plugins/com.st.stm32cube.ide.mcu.externaltools.gnu-tools-for-stm32.14.3.rel1.win32_1.0.100.202602081740/tools/bin/../lib/gcc/arm-none-eabi/14.3.1/thumb/v7-m/nofp\libgcc.a
LOAD C:/ST/STM32CubeIDE_2.2.0/STM32CubeIDE/plugins/com.st.stm32cube.ide.mcu.externaltools.gnu-tools-for-stm32.14.3.rel1.win32_1.0.100.202602081740/tools/bin/../lib/gcc/arm-none-eabi/14.3.1/../../../../arm-none-eabi/lib/thumb/v7-m/nofp\libc_nano.a
LOAD C:/ST/STM32CubeIDE_2.2.0/STM32CubeIDE/plugins/com.st.stm32cube.ide.mcu.externaltools.gnu-tools-for-stm32.14.3.rel1.win32_1.0.100.202602081740/tools/bin/../lib/gcc/arm-none-eabi/14.3.1/../../../../arm-none-eabi/lib/thumb/v7-m/nofp\libnosys.a
END GROUP
START GROUP
LOAD C:/ST/STM32CubeIDE_2.2.0/STM32CubeIDE/plugins/com.st.stm32cube.ide.mcu.externaltools.gnu-tools-for-stm32.14.3.rel1.win32_1.0.100.202602081740/tools/bin/../lib/gcc/arm-none-eabi/14.3.1/thumb/v7-m/nofp\libgcc.a
LOAD C:/ST/STM32CubeIDE_2.2.0/STM32CubeIDE/plugins/com.st.stm32cube.ide.mcu.externaltools.gnu-tools-for-stm32.14.3.rel1.win32_1.0.100.202602081740/tools/bin/../lib/gcc/arm-none-eabi/14.3.1/../../../../arm-none-eabi/lib/thumb/v7-m/nofp\libc_nano.a
LOAD C:/ST/STM32CubeIDE_2.2.0/STM32CubeIDE/plugins/com.st.stm32cube.ide.mcu.externaltools.gnu-tools-for-stm32.14.3.rel1.win32_1.0.100.202602081740/tools/bin/../lib/gcc/arm-none-eabi/14.3.1/../../../../arm-none-eabi/lib/thumb/v7-m/nofp\libnosys.a
END GROUP
LOAD C:/ST/STM32CubeIDE_2.2.0/STM32CubeIDE/plugins/com.st.stm32cube.ide.mcu.externaltools.gnu-tools-for-stm32.14.3.rel1.win32_1.0.100.202602081740/tools/bin/../lib/gcc/arm-none-eabi/14.3.1/thumb/v7-m/nofp/crtend.o
LOAD C:/ST/STM32CubeIDE_2.2.0/STM32CubeIDE/plugins/com.st.stm32cube.ide.mcu.externaltools.gnu-tools-for-stm32.14.3.rel1.win32_1.0.100.202602081740/tools/bin/../lib/gcc/arm-none-eabi/14.3.1/thumb/v7-m/nofp/crtn.o
                0x20005000                        _estack = (ORIGIN (RAM) + LENGTH (RAM))
                0x00000200                        _Min_Heap_Size = 0x200
                0x00000400                        _Min_Stack_Size = 0x400

.isr_vector     0x08000000      0x10c
                0x08000000                        . = ALIGN (0x4)
 *(.isr_vector)
 .isr_vector    0x08000000      0x10c ./Core/Startup/startup_stm32f103c8tx.o
                0x08000000                g_pfnVectors
                0x0800010c                        . = ALIGN (0x4)

.text           0x0800010c     0x8c50
                0x0800010c                        . = ALIGN (0x4)
 *(.text)
 .text          0x0800010c       0x40 C:/ST/STM32CubeIDE_2.2.0/STM32CubeIDE/plugins/com.st.stm32cube.ide.mcu.externaltools.gnu-tools-for-stm32.14.3.rel1.win32_1.0.100.202602081740/tools/bin/../lib/gcc/arm-none-eabi/14.3.1/thumb/v7-m/nofp/crtbegin.o
 .text          0x0800014c      0x21c C:/ST/STM32CubeIDE_2.2.0/STM32CubeIDE/plugins/com.st.stm32cube.ide.mcu.externaltools.gnu-tools-for-stm32.14.3.rel1.win32_1.0.100.202602081740/tools/bin/../lib/gcc/arm-none-eabi/14.3.1/thumb/v7-m/nofp\libgcc.a(_arm_addsubsf3.o)
                0x0800014c                __aeabi_frsub
                0x08000154                __subsf3
                0x08000154                __aeabi_fsub
                0x08000158                __aeabi_fadd
                0x08000158                __addsf3
                0x080002b8                __aeabi_ui2f
                0x080002b8                __floatunsisf
                0x080002c0                __aeabi_i2f
                0x080002c0                __floatsisf
                0x080002dc                __aeabi_ul2f
                0x080002dc                __floatundisf
                0x080002ec                __aeabi_l2f
                0x080002ec                __floatdisf
 .text          0x08000368      0x2a0 C:/ST/STM32CubeIDE_2.2.0/STM32CubeIDE/plugins/com.st.stm32cube.ide.mcu.externaltools.gnu-tools-for-stm32.14.3.rel1.win32_1.0.100.202602081740/tools/bin/../lib/gcc/arm-none-eabi/14.3.1/thumb/v7-m/nofp\libgcc.a(_arm_muldivsf3.o)
                0x08000368                __mulsf3
                0x08000368                __aeabi_fmul
                0x080004d0                __aeabi_fdiv
                0x080004d0                __divsf3
 .text          0x08000608       0xec C:/ST/STM32CubeIDE_2.2.0/STM32CubeIDE/plugins/com.st.stm32cube.ide.mcu.externaltools.gnu-tools-for-stm32.14.3.rel1.win32_1.0.100.202602081740/tools/bin/../lib/gcc/arm-none-eabi/14.3.1/thumb/v7-m/nofp\libgcc.a(_arm_cmpsf2.o)
                0x08000608                __gesf2
                0x08000608                __gtsf2
                0x08000610                __lesf2
                0x08000610                __ltsf2
                0x08000618                __nesf2
                0x08000618                __eqsf2
                0x08000618                __cmpsf2
                0x08000678                __aeabi_cfrcmple
                0x08000680                __aeabi_cfcmpeq
                0x08000680                __aeabi_cfcmple
                0x08000690                __aeabi_fcmpeq
                0x080006a4                __aeabi_fcmplt
                0x080006b8                __aeabi_fcmple
                0x080006cc                __aeabi_fcmpge
                0x080006e0                __aeabi_fcmpgt
 *(.text*)
 .text.HAL_UART_RxCpltCallback
                0x080006f4       0xf0 ./Core/Src/main.o
                0x080006f4                HAL_UART_RxCpltCallback
 .text.HAL_GPIO_EXTI_Callback
                0x080007e4       0x50 ./Core/Src/main.o
                0x080007e4                HAL_GPIO_EXTI_Callback
 .text.dwin_uart_rx_start
                0x08000834       0x44 ./Core/Src/main.o
                0x08000834                dwin_uart_rx_start
 .text.dwin_rx_get_vp
                0x08000878      0x4ac ./Core/Src/main.o
                0x08000878                dwin_rx_get_vp
 .text.low_value_user_changed
                0x08000d24       0xf4 ./Core/Src/main.o
                0x08000d24                low_value_user_changed
 .text.low_handle_rx
                0x08000e18       0x40 ./Core/Src/main.o
 .text.dwin_uart_send
                0x08000e58       0x58 ./Core/Src/main.o
 .text.send_page_change
                0x08000eb0       0x78 ./Core/Src/main.o
                0x08000eb0                send_page_change
 .text.dwin_boot_to_page
                0x08000f28       0x28 ./Core/Src/main.o
                0x08000f28                dwin_boot_to_page
 .text.send_variable_data
                0x08000f50       0x58 ./Core/Src/main.o
                0x08000f50                send_variable_data
 .text.dwin_set_var_icon
                0x08000fa8       0x38 ./Core/Src/main.o
                0x08000fa8                dwin_set_var_icon
 .text.send_var_icon_to_display
                0x08000fe0       0x48 ./Core/Src/main.o
                0x08000fe0                send_var_icon_to_display
 .text.send_var_icon_fast
                0x08001028       0x40 ./Core/Src/main.o
 .text.eeprom_save_current_page
                0x08001068       0x70 ./Core/Src/main.o
                0x08001068                eeprom_save_current_page
 .text.eeprom_parse_saved_page
                0x080010d8       0x5c ./Core/Src/main.o
 .text.var_icon_from_mode_key
                0x08001134       0x58 ./Core/Src/main.o
 .text.var_icon_from_mode
                0x0800118c       0x34 ./Core/Src/main.o
 .text.eeprom_read_var_icon
                0x080011c0       0xec ./Core/Src/main.o
                0x080011c0                eeprom_read_var_icon
 .text.eeprom_save_var_icon
                0x080012ac       0xa4 ./Core/Src/main.o
                0x080012ac                eeprom_save_var_icon
 .text.dwin_get_boot_page
                0x08001350       0x40 ./Core/Src/main.o
 .text.eeprom_read_saved_page
                0x08001390       0xac ./Core/Src/main.o
 .text.eeprom_read_low_value
                0x0800143c       0xe0 ./Core/Src/main.o
                0x0800143c                eeprom_read_low_value
 .text.eeprom_save_low_value
                0x0800151c       0x64 ./Core/Src/main.o
                0x0800151c                eeprom_save_low_value
 .text.i2c_eeprom_read16
                0x08001580       0x68 ./Core/Src/main.o
 .text.eeprom_apply_brightness
                0x080015e8       0x58 ./Core/Src/main.o
 .text.eeprom_save_brightness
                0x08001640       0x48 ./Core/Src/main.o
 .text.eeprom_read_brightness
                0x08001688       0x80 ./Core/Src/main.o
                0x08001688                eeprom_read_brightness
 .text.dwin_send_brightness_quick
                0x08001708       0x48 ./Core/Src/main.o
 .text.dwin_send_brightness
                0x08001750       0x68 ./Core/Src/main.o
                0x08001750                dwin_send_brightness
 .text.dwin_disable_backlight_standby
                0x080017b8       0x28 ./Core/Src/main.o
 .text.brightness_user_changed
                0x080017e0       0x5c ./Core/Src/main.o
 .text.brightness_handle_rx
                0x0800183c       0x30 ./Core/Src/main.o
 .text.dwin_poll_brightness
                0x0800186c       0x68 ./Core/Src/main.o
 .text.dwin_refresh_brightness
                0x080018d4       0x44 ./Core/Src/main.o
                0x080018d4                dwin_refresh_brightness
 .text.eeprom_read_vp3003_value
                0x08001918      0x1a0 ./Core/Src/main.o
                0x08001918                eeprom_read_vp3003_value
 .text.eeprom_save_vp3003_value
                0x08001ab8       0x64 ./Core/Src/main.o
                0x08001ab8                eeprom_save_vp3003_value
 .text.vp3003_is_page_default
                0x08001b1c       0x58 ./Core/Src/main.o
 .text.vp3003_stop_push
                0x08001b74       0x20 ./Core/Src/main.o
 .text.vp3003_apply_mode_key
                0x08001b94       0x98 ./Core/Src/main.o
 .text.var_icon_apply_return_key
                0x08001c2c       0xf4 ./Core/Src/main.o
 .text.vp3003_handle_page1_rx
                0x08001d20       0x70 ./Core/Src/main.o
 .text.vp3003_send_to_display
                0x08001d90       0x1c ./Core/Src/main.o
                0x08001d90                vp3003_send_to_display
 .text.vp3003_user_changed
                0x08001dac      0x158 ./Core/Src/main.o
                0x08001dac                vp3003_user_changed
 .text.low_sync_both_vps
                0x08001f04       0x3c ./Core/Src/main.o
                0x08001f04                low_sync_both_vps
 .text.dwin_arm_var_icon_timers
                0x08001f40       0x5c ./Core/Src/main.o
 .text.dwin_arm_page2_restore_timers
                0x08001f9c       0x40 ./Core/Src/main.o
 .text.dwin_push_icon_from_eeprom
                0x08001fdc       0x10 ./Core/Src/main.o
 .text.dwin_icon_burst_fast
                0x08001fec       0x26 ./Core/Src/main.o
 .text.dwin_icon_burst_from_eeprom
                0x08002012       0x1e ./Core/Src/main.o
 .text.dwin_restore_var_icon_from_eeprom
                0x08002030       0x2e ./Core/Src/main.o
 *fill*         0x0800205e        0x2 
 .text.dwin_push_page2_from_eeprom
                0x08002060       0x2c ./Core/Src/main.o
 .text.dwin_restore_page_from_eeprom
                0x0800208c       0x6c ./Core/Src/main.o
 .text.dwin_show_settings_page
                0x080020f8       0x90 ./Core/Src/main.o
 .text.dwin_refresh_page2_values
                0x08002188       0x1e ./Core/Src/main.o
                0x08002188                dwin_refresh_page2_values
 .text.dwin_refresh_page1_values
                0x080021a6       0x18 ./Core/Src/main.o
                0x080021a6                dwin_refresh_page1_values
 *fill*         0x080021be        0x2 
 .text.dwin_restore_saved_state
                0x080021c0       0xb4 ./Core/Src/main.o
                0x080021c0                dwin_restore_saved_state
 .text.dwin_open_page1
                0x08002274        0xe ./Core/Src/main.o
                0x08002274                dwin_open_page1
 .text.dwin_open_page2
                0x08002282        0xe ./Core/Src/main.o
                0x08002282                dwin_open_page2
 .text.main     0x08002290      0x53c ./Core/Src/main.o
                0x08002290                main
 .text.SystemClock_Config
                0x080027cc       0xe0 ./Core/Src/main.o
                0x080027cc                SystemClock_Config
 .text.MX_ADC1_Init
                0x080028ac       0x9c ./Core/Src/main.o
 .text.MX_I2C1_Init
                0x08002948       0x5c ./Core/Src/main.o
 .text.MX_TIM1_Init
                0x080029a4      0x108 ./Core/Src/main.o
 .text.MX_TIM3_Init
                0x08002aac       0xb4 ./Core/Src/main.o
 .text.MX_TIM4_Init
                0x08002b60       0xb4 ./Core/Src/main.o
 .text.MX_USART3_UART_Init
                0x08002c14       0x54 ./Core/Src/main.o
 .text.MX_DMA_Init
                0x08002c68       0x3c ./Core/Src/main.o
 .text.MX_GPIO_Init
                0x08002ca4      0x110 ./Core/Src/main.o
 .text.var_icon_is_user_key
                0x08002db4       0x28 ./Core/Src/main.o
 .text.var_icon_user_changed
                0x08002ddc       0x4c ./Core/Src/main.o
 .text.save_reading
                0x08002e28      0x268 ./Core/Src/main.o
                0x08002e28                save_reading
 .text.send_loadings
                0x08003090       0x7c ./Core/Src/main.o
                0x08003090                send_loadings
 .text.debouncing
                0x0800310c       0x9c ./Core/Src/main.o
                0x0800310c                debouncing
 .text.hv_adc_reading
                0x080031a8      0x114 ./Core/Src/main.o
                0x080031a8                hv_adc_reading
 .text.bi_hi_pwm
                0x080032bc      0x220 ./Core/Src/main.o
                0x080032bc                bi_hi_pwm
 .text.lowfunction
                0x080034dc      0x98c ./Core/Src/main.o
                0x080034dc                lowfunction
 .text.Error_Handler
                0x08003e68        0xc ./Core/Src/main.o
                0x08003e68                Error_Handler
 .text.HAL_MspInit
                0x08003e74       0x64 ./Core/Src/stm32f1xx_hal_msp.o
                0x08003e74                HAL_MspInit
 .text.HAL_ADC_MspInit
                0x08003ed8       0xd0 ./Core/Src/stm32f1xx_hal_msp.o
                0x08003ed8                HAL_ADC_MspInit
 .text.HAL_I2C_MspInit
                0x08003fa8       0x7c ./Core/Src/stm32f1xx_hal_msp.o
                0x08003fa8                HAL_I2C_MspInit
 .text.HAL_TIM_PWM_MspInit
                0x08004024       0x8c ./Core/Src/stm32f1xx_hal_msp.o
                0x08004024                HAL_TIM_PWM_MspInit
 .text.HAL_TIM_MspPostInit
                0x080040b0       0xec ./Core/Src/stm32f1xx_hal_msp.o
                0x080040b0                HAL_TIM_MspPostInit
 .text.HAL_UART_MspInit
                0x0800419c       0xa8 ./Core/Src/stm32f1xx_hal_msp.o
                0x0800419c                HAL_UART_MspInit
 .text.NMI_Handler
                0x08004244        0x8 ./Core/Src/stm32f1xx_it.o
                0x08004244                NMI_Handler
 .text.HardFault_Handler
                0x0800424c        0x8 ./Core/Src/stm32f1xx_it.o
                0x0800424c                HardFault_Handler
 .text.MemManage_Handler
                0x08004254        0x8 ./Core/Src/stm32f1xx_it.o
                0x08004254                MemManage_Handler
 .text.BusFault_Handler
                0x0800425c        0x8 ./Core/Src/stm32f1xx_it.o
                0x0800425c                BusFault_Handler
 .text.UsageFault_Handler
                0x08004264        0x8 ./Core/Src/stm32f1xx_it.o
                0x08004264                UsageFault_Handler
 .text.SVC_Handler
                0x0800426c        0xc ./Core/Src/stm32f1xx_it.o
                0x0800426c                SVC_Handler
 .text.DebugMon_Handler
                0x08004278        0xc ./Core/Src/stm32f1xx_it.o
                0x08004278                DebugMon_Handler
 .text.PendSV_Handler
                0x08004284        0xc ./Core/Src/stm32f1xx_it.o
                0x08004284                PendSV_Handler
 .text.SysTick_Handler
                0x08004290        0xc ./Core/Src/stm32f1xx_it.o
                0x08004290                SysTick_Handler
 .text.EXTI0_IRQHandler
                0x0800429c        0xe ./Core/Src/stm32f1xx_it.o
                0x0800429c                EXTI0_IRQHandler
 *fill*         0x080042aa        0x2 
 .text.DMA1_Channel1_IRQHandler
                0x080042ac       0x14 ./Core/Src/stm32f1xx_it.o
                0x080042ac                DMA1_Channel1_IRQHandler
 .text.EXTI9_5_IRQHandler
                0x080042c0        0xe ./Core/Src/stm32f1xx_it.o
                0x080042c0                EXTI9_5_IRQHandler
 *fill*         0x080042ce        0x2 
 .text.USART3_IRQHandler
                0x080042d0       0x14 ./Core/Src/stm32f1xx_it.o
                0x080042d0                USART3_IRQHandler
 .text.SystemInit
                0x080042e4        0xc ./Core/Src/system_stm32f1xx.o
                0x080042e4                SystemInit
 .text.Reset_Handler
                0x080042f0       0x48 ./Core/Startup/startup_stm32f103c8tx.o
                0x080042f0                Reset_Handler
 .text.Default_Handler
                0x08004338        0x2 ./Core/Startup/startup_stm32f103c8tx.o
                0x08004338                RTC_Alarm_IRQHandler
                0x08004338                EXTI2_IRQHandler
                0x08004338                TIM1_CC_IRQHandler
                0x08004338                PVD_IRQHandler
                0x08004338                EXTI3_IRQHandler
                0x08004338                I2C2_EV_IRQHandler
                0x08004338                ADC1_2_IRQHandler
                0x08004338                SPI1_IRQHandler
                0x08004338                TAMPER_IRQHandler
                0x08004338                DMA1_Channel4_IRQHandler
                0x08004338                RTC_IRQHandler
                0x08004338                DMA1_Channel7_IRQHandler
                0x08004338                CAN1_RX1_IRQHandler
                0x08004338                TIM4_IRQHandler
                0x08004338                I2C1_EV_IRQHandler
                0x08004338                DMA1_Channel6_IRQHandler
                0x08004338                TIM3_IRQHandler
                0x08004338                RCC_IRQHandler
                0x08004338                TIM1_TRG_COM_IRQHandler
                0x08004338                Default_Handler
                0x08004338                EXTI15_10_IRQHandler
                0x08004338                SPI2_IRQHandler
                0x08004338                DMA1_Channel5_IRQHandler
                0x08004338                EXTI4_IRQHandler
                0x08004338                USB_LP_CAN1_RX0_IRQHandler
                0x08004338                USB_HP_CAN1_TX_IRQHandler
                0x08004338                DMA1_Channel3_IRQHandler
                0x08004338                TIM1_UP_IRQHandler
                0x08004338                WWDG_IRQHandler
                0x08004338                TIM2_IRQHandler
                0x08004338                TIM1_BRK_IRQHandler
                0x08004338                EXTI1_IRQHandler
                0x08004338                USART2_IRQHandler
                0x08004338                I2C2_ER_IRQHandler
                0x08004338                DMA1_Channel2_IRQHandler
                0x08004338                CAN1_SCE_IRQHandler
                0x08004338                FLASH_IRQHandler
                0x08004338                USART1_IRQHandler
                0x08004338                I2C1_ER_IRQHandler
                0x08004338                USBWakeUp_IRQHandler
 *fill*         0x0800433a        0x2 
 .text.HAL_Init
                0x0800433c       0x2c ./Drivers/STM32F1xx_HAL_Driver/Src/stm32f1xx_hal.o
                0x0800433c                HAL_Init
 .text.HAL_InitTick
                0x08004368       0x60 ./Drivers/STM32F1xx_HAL_Driver/Src/stm32f1xx_hal.o
                0x08004368                HAL_InitTick
 .text.HAL_IncTick
                0x080043c8       0x24 ./Drivers/STM32F1xx_HAL_Driver/Src/stm32f1xx_hal.o
                0x080043c8                HAL_IncTick
 .text.HAL_GetTick
                0x080043ec       0x14 ./Drivers/STM32F1xx_HAL_Driver/Src/stm32f1xx_hal.o
                0x080043ec                HAL_GetTick
 .text.HAL_Delay
                0x08004400       0x48 ./Drivers/STM32F1xx_HAL_Driver/Src/stm32f1xx_hal.o
                0x08004400                HAL_Delay
 .text.HAL_ADC_Init
                0x08004448      0x1b0 ./Drivers/STM32F1xx_HAL_Driver/Src/stm32f1xx_hal_adc.o
                0x08004448                HAL_ADC_Init
 .text.HAL_ADC_Start_DMA
                0x080045f8      0x1bc ./Drivers/STM32F1xx_HAL_Driver/Src/stm32f1xx_hal_adc.o
                0x080045f8                HAL_ADC_Start_DMA
 .text.HAL_ADC_ConvCpltCallback
                0x080047b4       0x12 ./Drivers/STM32F1xx_HAL_Driver/Src/stm32f1xx_hal_adc.o
                0x080047b4                HAL_ADC_ConvCpltCallback
 .text.HAL_ADC_ConvHalfCpltCallback
                0x080047c6       0x12 ./Drivers/STM32F1xx_HAL_Driver/Src/stm32f1xx_hal_adc.o
                0x080047c6                HAL_ADC_ConvHalfCpltCallback
 .text.HAL_ADC_ErrorCallback
                0x080047d8       0x12 ./Drivers/STM32F1xx_HAL_Driver/Src/stm32f1xx_hal_adc.o
                0x080047d8                HAL_ADC_ErrorCallback
 *fill*         0x080047ea        0x2 
 .text.HAL_ADC_ConfigChannel
                0x080047ec      0x1f0 ./Drivers/STM32F1xx_HAL_Driver/Src/stm32f1xx_hal_adc.o
                0x080047ec                HAL_ADC_ConfigChannel
 .text.ADC_Enable
                0x080049dc       0xb4 ./Drivers/STM32F1xx_HAL_Driver/Src/stm32f1xx_hal_adc.o
                0x080049dc                ADC_Enable
 .text.ADC_ConversionStop_Disable
                0x08004a90       0x82 ./Drivers/STM32F1xx_HAL_Driver/Src/stm32f1xx_hal_adc.o
                0x08004a90                ADC_ConversionStop_Disable
 .text.ADC_DMAConvCplt
                0x08004b12       0x7c ./Drivers/STM32F1xx_HAL_Driver/Src/stm32f1xx_hal_adc.o
                0x08004b12                ADC_DMAConvCplt
 .text.ADC_DMAHalfConvCplt
                0x08004b8e       0x1c ./Drivers/STM32F1xx_HAL_Driver/Src/stm32f1xx_hal_adc.o
                0x08004b8e                ADC_DMAHalfConvCplt
 .text.ADC_DMAError
                0x08004baa       0x34 ./Drivers/STM32F1xx_HAL_Driver/Src/stm32f1xx_hal_adc.o
                0x08004baa                ADC_DMAError
 *fill*         0x08004bde        0x2 
 .text.HAL_ADCEx_Calibration_Start
                0x08004be0      0x15c ./Drivers/STM32F1xx_HAL_Driver/Src/stm32f1xx_hal_adc_ex.o
                0x08004be0                HAL_ADCEx_Calibration_Start
 .text.__NVIC_SetPriorityGrouping
                0x08004d3c       0x48 ./Drivers/STM32F1xx_HAL_Driver/Src/stm32f1xx_hal_cortex.o
 .text.__NVIC_GetPriorityGrouping
                0x08004d84       0x1c ./Drivers/STM32F1xx_HAL_Driver/Src/stm32f1xx_hal_cortex.o
 .text.__NVIC_EnableIRQ
                0x08004da0       0x38 ./Drivers/STM32F1xx_HAL_Driver/Src/stm32f1xx_hal_cortex.o
 .text.__NVIC_SetPriority
                0x08004dd8       0x54 ./Drivers/STM32F1xx_HAL_Driver/Src/stm32f1xx_hal_cortex.o
 .text.NVIC_EncodePriority
                0x08004e2c       0x64 ./Drivers/STM32F1xx_HAL_Driver/Src/stm32f1xx_hal_cortex.o
 .text.SysTick_Config
                0x08004e90       0x44 ./Drivers/STM32F1xx_HAL_Driver/Src/stm32f1xx_hal_cortex.o
 .text.HAL_NVIC_SetPriorityGrouping
                0x08004ed4       0x16 ./Drivers/STM32F1xx_HAL_Driver/Src/stm32f1xx_hal_cortex.o
                0x08004ed4                HAL_NVIC_SetPriorityGrouping
 .text.HAL_NVIC_SetPriority
                0x08004eea       0x38 ./Drivers/STM32F1xx_HAL_Driver/Src/stm32f1xx_hal_cortex.o
                0x08004eea                HAL_NVIC_SetPriority
 .text.HAL_NVIC_EnableIRQ
                0x08004f22       0x1c ./Drivers/STM32F1xx_HAL_Driver/Src/stm32f1xx_hal_cortex.o
                0x08004f22                HAL_NVIC_EnableIRQ
 .text.HAL_SYSTICK_Config
                0x08004f3e       0x18 ./Drivers/STM32F1xx_HAL_Driver/Src/stm32f1xx_hal_cortex.o
                0x08004f3e                HAL_SYSTICK_Config
 *fill*         0x08004f56        0x2 
 .text.HAL_DMA_Init
                0x08004f58       0xb4 ./Drivers/STM32F1xx_HAL_Driver/Src/stm32f1xx_hal_dma.o
                0x08004f58                HAL_DMA_Init
 .text.HAL_DMA_Start_IT
                0x0800500c       0xc0 ./Drivers/STM32F1xx_HAL_Driver/Src/stm32f1xx_hal_dma.o
                0x0800500c                HAL_DMA_Start_IT
 .text.HAL_DMA_Abort
                0x080050cc       0x76 ./Drivers/STM32F1xx_HAL_Driver/Src/stm32f1xx_hal_dma.o
                0x080050cc                HAL_DMA_Abort
 *fill*         0x08005142        0x2 
 .text.HAL_DMA_Abort_IT
                0x08005144       0xf0 ./Drivers/STM32F1xx_HAL_Driver/Src/stm32f1xx_hal_dma.o
                0x08005144                HAL_DMA_Abort_IT
 .text.HAL_DMA_IRQHandler
                0x08005234      0x20c ./Drivers/STM32F1xx_HAL_Driver/Src/stm32f1xx_hal_dma.o
                0x08005234                HAL_DMA_IRQHandler
 .text.DMA_SetConfig
                0x08005440       0x5a ./Drivers/STM32F1xx_HAL_Driver/Src/stm32f1xx_hal_dma.o
 *fill*         0x0800549a        0x2 
 .text.HAL_GPIO_Init
                0x0800549c      0x308 ./Drivers/STM32F1xx_HAL_Driver/Src/stm32f1xx_hal_gpio.o
                0x0800549c                HAL_GPIO_Init
 .text.HAL_GPIO_ReadPin
                0x080057a4       0x2e ./Drivers/STM32F1xx_HAL_Driver/Src/stm32f1xx_hal_gpio.o
                0x080057a4                HAL_GPIO_ReadPin
 .text.HAL_GPIO_WritePin
                0x080057d2       0x30 ./Drivers/STM32F1xx_HAL_Driver/Src/stm32f1xx_hal_gpio.o
                0x080057d2                HAL_GPIO_WritePin
 *fill*         0x08005802        0x2 
 .text.HAL_GPIO_EXTI_IRQHandler
                0x08005804       0x30 ./Drivers/STM32F1xx_HAL_Driver/Src/stm32f1xx_hal_gpio.o
                0x08005804                HAL_GPIO_EXTI_IRQHandler
 .text.HAL_I2C_Init
                0x08005834      0x288 ./Drivers/STM32F1xx_HAL_Driver/Src/stm32f1xx_hal_i2c.o
                0x08005834                HAL_I2C_Init
 .text.HAL_I2C_Mem_Write
                0x08005abc      0x1f4 ./Drivers/STM32F1xx_HAL_Driver/Src/stm32f1xx_hal_i2c.o
                0x08005abc                HAL_I2C_Mem_Write
 .text.HAL_I2C_Mem_Read
                0x08005cb0      0x4e8 ./Drivers/STM32F1xx_HAL_Driver/Src/stm32f1xx_hal_i2c.o
                0x08005cb0                HAL_I2C_Mem_Read
 .text.HAL_I2C_IsDeviceReady
                0x08006198      0x25c ./Drivers/STM32F1xx_HAL_Driver/Src/stm32f1xx_hal_i2c.o
                0x08006198                HAL_I2C_IsDeviceReady
 .text.I2C_RequestMemoryWrite
                0x080063f4      0x12c ./Drivers/STM32F1xx_HAL_Driver/Src/stm32f1xx_hal_i2c.o
 .text.I2C_RequestMemoryRead
                0x08006520      0x1d0 ./Drivers/STM32F1xx_HAL_Driver/Src/stm32f1xx_hal_i2c.o
 .text.I2C_WaitOnFlagUntilTimeout
                0x080066f0       0xf4 ./Drivers/STM32F1xx_HAL_Driver/Src/stm32f1xx_hal_i2c.o
 .text.I2C_WaitOnMasterAddressFlagUntilTimeout
                0x080067e4      0x140 ./Drivers/STM32F1xx_HAL_Driver/Src/stm32f1xx_hal_i2c.o
 .text.I2C_WaitOnTXEFlagUntilTimeout
                0x08006924       0x90 ./Drivers/STM32F1xx_HAL_Driver/Src/stm32f1xx_hal_i2c.o
 .text.I2C_WaitOnBTFFlagUntilTimeout
                0x080069b4       0x90 ./Drivers/STM32F1xx_HAL_Driver/Src/stm32f1xx_hal_i2c.o
 .text.I2C_WaitOnRXNEFlagUntilTimeout
                0x08006a44       0xba ./Drivers/STM32F1xx_HAL_Driver/Src/stm32f1xx_hal_i2c.o
 .text.I2C_IsAcknowledgeFailed
                0x08006afe       0x5c ./Drivers/STM32F1xx_HAL_Driver/Src/stm32f1xx_hal_i2c.o
 *fill*         0x08006b5a        0x2 
 .text.HAL_RCC_OscConfig
                0x08006b5c      0x504 ./Drivers/STM32F1xx_HAL_Driver/Src/stm32f1xx_hal_rcc.o
                0x08006b5c                HAL_RCC_OscConfig
 .text.HAL_RCC_ClockConfig
                0x08007060      0x1d4 ./Drivers/STM32F1xx_HAL_Driver/Src/stm32f1xx_hal_rcc.o
                0x08007060                HAL_RCC_ClockConfig
 .text.HAL_RCC_GetSysClockFreq
                0x08007234       0xa8 ./Drivers/STM32F1xx_HAL_Driver/Src/stm32f1xx_hal_rcc.o
                0x08007234                HAL_RCC_GetSysClockFreq
 .text.HAL_RCC_GetHCLKFreq
                0x080072dc       0x14 ./Drivers/STM32F1xx_HAL_Driver/Src/stm32f1xx_hal_rcc.o
                0x080072dc                HAL_RCC_GetHCLKFreq
 .text.HAL_RCC_GetPCLK1Freq
                0x080072f0       0x28 ./Drivers/STM32F1xx_HAL_Driver/Src/stm32f1xx_hal_rcc.o
                0x080072f0                HAL_RCC_GetPCLK1Freq
 .text.HAL_RCC_GetPCLK2Freq
                0x08007318       0x28 ./Drivers/STM32F1xx_HAL_Driver/Src/stm32f1xx_hal_rcc.o
                0x08007318                HAL_RCC_GetPCLK2Freq
 .text.RCC_Delay
                0x08007340       0x3c ./Drivers/STM32F1xx_HAL_Driver/Src/stm32f1xx_hal_rcc.o
 .text.HAL_RCCEx_PeriphCLKConfig
                0x0800737c      0x16c ./Drivers/STM32F1xx_HAL_Driver/Src/stm32f1xx_hal_rcc_ex.o
                0x0800737c                HAL_RCCEx_PeriphCLKConfig
 .text.HAL_RCCEx_GetPeriphCLKFreq
                0x080074e8      0x16c ./Drivers/STM32F1xx_HAL_Driver/Src/stm32f1xx_hal_rcc_ex.o
                0x080074e8                HAL_RCCEx_GetPeriphCLKFreq
 .text.HAL_TIM_PWM_Init
                0x08007654       0x9e ./Drivers/STM32F1xx_HAL_Driver/Src/stm32f1xx_hal_tim.o
                0x08007654                HAL_TIM_PWM_Init
 *fill*         0x080076f2        0x2 
 .text.HAL_TIM_PWM_Start
                0x080076f4      0x144 ./Drivers/STM32F1xx_HAL_Driver/Src/stm32f1xx_hal_tim.o
                0x080076f4                HAL_TIM_PWM_Start
 .text.HAL_TIM_PWM_Stop
                0x08007838       0xc8 ./Drivers/STM32F1xx_HAL_Driver/Src/stm32f1xx_hal_tim.o
                0x08007838                HAL_TIM_PWM_Stop
 .text.HAL_TIM_PWM_ConfigChannel
                0x08007900      0x184 ./Drivers/STM32F1xx_HAL_Driver/Src/stm32f1xx_hal_tim.o
                0x08007900                HAL_TIM_PWM_ConfigChannel
 .text.TIM_Base_SetConfig
                0x08007a84       0xdc ./Drivers/STM32F1xx_HAL_Driver/Src/stm32f1xx_hal_tim.o
                0x08007a84                TIM_Base_SetConfig
 .text.TIM_OC1_SetConfig
                0x08007b60       0xcc ./Drivers/STM32F1xx_HAL_Driver/Src/stm32f1xx_hal_tim.o
 .text.TIM_OC2_SetConfig
                0x08007c2c       0xd4 ./Drivers/STM32F1xx_HAL_Driver/Src/stm32f1xx_hal_tim.o
                0x08007c2c                TIM_OC2_SetConfig
 .text.TIM_OC3_SetConfig
                0x08007d00       0xd4 ./Drivers/STM32F1xx_HAL_Driver/Src/stm32f1xx_hal_tim.o
 .text.TIM_OC4_SetConfig
                0x08007dd4       0x9c ./Drivers/STM32F1xx_HAL_Driver/Src/stm32f1xx_hal_tim.o
 .text.TIM_CCxChannelCmd
                0x08007e70       0x48 ./Drivers/STM32F1xx_HAL_Driver/Src/stm32f1xx_hal_tim.o
                0x08007e70                TIM_CCxChannelCmd
 .text.HAL_TIMEx_MasterConfigSynchronization
                0x08007eb8       0xbc ./Drivers/STM32F1xx_HAL_Driver/Src/stm32f1xx_hal_tim_ex.o
                0x08007eb8                HAL_TIMEx_MasterConfigSynchronization
 .text.HAL_TIMEx_ConfigBreakDeadTime
                0x08007f74       0xa2 ./Drivers/STM32F1xx_HAL_Driver/Src/stm32f1xx_hal_tim_ex.o
                0x08007f74                HAL_TIMEx_ConfigBreakDeadTime
 .text.HAL_UART_Init
                0x08008016       0xa0 ./Drivers/STM32F1xx_HAL_Driver/Src/stm32f1xx_hal_uart.o
                0x08008016                HAL_UART_Init
 .text.HAL_UART_Transmit
                0x080080b6      0x116 ./Drivers/STM32F1xx_HAL_Driver/Src/stm32f1xx_hal_uart.o
                0x080080b6                HAL_UART_Transmit
 .text.HAL_UART_Receive_IT
                0x080081cc       0x4a ./Drivers/STM32F1xx_HAL_Driver/Src/stm32f1xx_hal_uart.o
                0x080081cc                HAL_UART_Receive_IT
 *fill*         0x08008216        0x2 
 .text.HAL_UART_IRQHandler
                0x08008218      0x524 ./Drivers/STM32F1xx_HAL_Driver/Src/stm32f1xx_hal_uart.o
                0x08008218                HAL_UART_IRQHandler
 .text.HAL_UART_TxCpltCallback
                0x0800873c       0x12 ./Drivers/STM32F1xx_HAL_Driver/Src/stm32f1xx_hal_uart.o
                0x0800873c                HAL_UART_TxCpltCallback
 .text.HAL_UART_ErrorCallback
                0x0800874e       0x12 ./Drivers/STM32F1xx_HAL_Driver/Src/stm32f1xx_hal_uart.o
                0x0800874e                HAL_UART_ErrorCallback
 .text.HAL_UARTEx_RxEventCallback
                0x08008760       0x16 ./Drivers/STM32F1xx_HAL_Driver/Src/stm32f1xx_hal_uart.o
                0x08008760                HAL_UARTEx_RxEventCallback
 .text.UART_WaitOnFlagUntilTimeout
                0x08008776       0xb2 ./Drivers/STM32F1xx_HAL_Driver/Src/stm32f1xx_hal_uart.o
 .text.UART_Start_Receive_IT
                0x08008828       0x72 ./Drivers/STM32F1xx_HAL_Driver/Src/stm32f1xx_hal_uart.o
                0x08008828                UART_Start_Receive_IT
 .text.UART_EndRxTransfer
                0x0800889a       0xc4 ./Drivers/STM32F1xx_HAL_Driver/Src/stm32f1xx_hal_uart.o
 .text.UART_DMAAbortOnError
                0x0800895e       0x28 ./Drivers/STM32F1xx_HAL_Driver/Src/stm32f1xx_hal_uart.o
 .text.UART_Transmit_IT
                0x08008986       0x9e ./Drivers/STM32F1xx_HAL_Driver/Src/stm32f1xx_hal_uart.o
 .text.UART_EndTransmit_IT
                0x08008a24       0x30 ./Drivers/STM32F1xx_HAL_Driver/Src/stm32f1xx_hal_uart.o
 .text.UART_Receive_IT
                0x08008a54      0x17c ./Drivers/STM32F1xx_HAL_Driver/Src/stm32f1xx_hal_uart.o
 .text.UART_SetConfig
                0x08008bd0      0x11c ./Drivers/STM32F1xx_HAL_Driver/Src/stm32f1xx_hal_uart.o
 .text.memset   0x08008cec       0x10 C:/ST/STM32CubeIDE_2.2.0/STM32CubeIDE/plugins/com.st.stm32cube.ide.mcu.externaltools.gnu-tools-for-stm32.14.3.rel1.win32_1.0.100.202602081740/tools/bin/../lib/gcc/arm-none-eabi/14.3.1/../../../../arm-none-eabi/lib/thumb/v7-m/nofp\libc_nano.a(libc_a-memset.o)
                0x08008cec                memset
 .text.__libc_init_array
                0x08008cfc       0x48 C:/ST/STM32CubeIDE_2.2.0/STM32CubeIDE/plugins/com.st.stm32cube.ide.mcu.externaltools.gnu-tools-for-stm32.14.3.rel1.win32_1.0.100.202602081740/tools/bin/../lib/gcc/arm-none-eabi/14.3.1/../../../../arm-none-eabi/lib/thumb/v7-m/nofp\libc_nano.a(libc_a-init.o)
                0x08008cfc                __libc_init_array
 *(.glue_7)
 .glue_7        0x08008d44        0x0 linker stubs
 *(.glue_7t)
 .glue_7t       0x08008d44        0x0 linker stubs
 *(.eh_frame)
 .eh_frame      0x08008d44        0x0 C:/ST/STM32CubeIDE_2.2.0/STM32CubeIDE/plugins/com.st.stm32cube.ide.mcu.externaltools.gnu-tools-for-stm32.14.3.rel1.win32_1.0.100.202602081740/tools/bin/../lib/gcc/arm-none-eabi/14.3.1/thumb/v7-m/nofp/crtbegin.o
 *(.init)
 .init          0x08008d44        0x4 C:/ST/STM32CubeIDE_2.2.0/STM32CubeIDE/plugins/com.st.stm32cube.ide.mcu.externaltools.gnu-tools-for-stm32.14.3.rel1.win32_1.0.100.202602081740/tools/bin/../lib/gcc/arm-none-eabi/14.3.1/thumb/v7-m/nofp/crti.o
                0x08008d44                _init
 .init          0x08008d48        0x8 C:/ST/STM32CubeIDE_2.2.0/STM32CubeIDE/plugins/com.st.stm32cube.ide.mcu.externaltools.gnu-tools-for-stm32.14.3.rel1.win32_1.0.100.202602081740/tools/bin/../lib/gcc/arm-none-eabi/14.3.1/thumb/v7-m/nofp/crtn.o
 *(.fini)
 .fini          0x08008d50        0x4 C:/ST/STM32CubeIDE_2.2.0/STM32CubeIDE/plugins/com.st.stm32cube.ide.mcu.externaltools.gnu-tools-for-stm32.14.3.rel1.win32_1.0.100.202602081740/tools/bin/../lib/gcc/arm-none-eabi/14.3.1/thumb/v7-m/nofp/crti.o
                0x08008d50                _fini
 .fini          0x08008d54        0x8 C:/ST/STM32CubeIDE_2.2.0/STM32CubeIDE/plugins/com.st.stm32cube.ide.mcu.externaltools.gnu-tools-for-stm32.14.3.rel1.win32_1.0.100.202602081740/tools/bin/../lib/gcc/arm-none-eabi/14.3.1/thumb/v7-m/nofp/crtn.o
                0x08008d5c                        . = ALIGN (0x4)
                0x08008d5c                        _etext = .

.vfp11_veneer   0x08008d5c        0x0
 .vfp11_veneer  0x08008d5c        0x0 linker stubs

.v4_bx          0x08008d5c        0x0
 .v4_bx         0x08008d5c        0x0 linker stubs

.iplt           0x08008d5c        0x0
 .iplt          0x08008d5c        0x0 C:/ST/STM32CubeIDE_2.2.0/STM32CubeIDE/plugins/com.st.stm32cube.ide.mcu.externaltools.gnu-tools-for-stm32.14.3.rel1.win32_1.0.100.202602081740/tools/bin/../lib/gcc/arm-none-eabi/14.3.1/thumb/v7-m/nofp/crtbegin.o

.rodata         0x08008d5c       0x54
                0x08008d5c                        . = ALIGN (0x4)
 *(.rodata)
 .rodata        0x08008d5c       0x13 ./Core/Src/main.o
 *(.rodata*)
 *fill*         0x08008d6f        0x1 
 .rodata.AHBPrescTable
                0x08008d70       0x10 ./Core/Src/system_stm32f1xx.o
                0x08008d70                AHBPrescTable
 .rodata.APBPrescTable
                0x08008d80        0x8 ./Core/Src/system_stm32f1xx.o
                0x08008d80                APBPrescTable
 .rodata.aPLLMULFactorTable.1
                0x08008d88       0x10 ./Drivers/STM32F1xx_HAL_Driver/Src/stm32f1xx_hal_rcc.o
 .rodata.aPredivFactorTable.0
                0x08008d98        0x2 ./Drivers/STM32F1xx_HAL_Driver/Src/stm32f1xx_hal_rcc.o
 *fill*         0x08008d9a        0x2 
 .rodata.aPLLMULFactorTable.1
                0x08008d9c       0x10 ./Drivers/STM32F1xx_HAL_Driver/Src/stm32f1xx_hal_rcc_ex.o
 .rodata.aPredivFactorTable.0
                0x08008dac        0x2 ./Drivers/STM32F1xx_HAL_Driver/Src/stm32f1xx_hal_rcc_ex.o
                0x08008db0                        . = ALIGN (0x4)
 *fill*         0x08008dae        0x2 

.ARM.extab      0x08008db0        0x0
                0x08008db0                        . = ALIGN (0x4)
 *(.ARM.extab* .gnu.linkonce.armextab.*)
                0x08008db0                        . = ALIGN (0x4)

.ARM            0x08008db0        0x0
                0x08008db0                        . = ALIGN (0x4)
                0x08008db0                        __exidx_start = .
 *(.ARM.exidx*)
                0x08008db0                        __exidx_end = .
                0x08008db0                        . = ALIGN (0x4)

.preinit_array  0x08008db0        0x0
                0x08008db0                        . = ALIGN (0x4)
                0x08008db0                        PROVIDE (__preinit_array_start = .)
 *(.preinit_array*)
                0x08008db0                        PROVIDE (__preinit_array_end = .)
                0x08008db0                        . = ALIGN (0x4)

.init_array     0x08008db0        0x4
                0x08008db0                        . = ALIGN (0x4)
                0x08008db0                        PROVIDE (__init_array_start = .)
 *(SORT_BY_NAME(.init_array.*))
 *(.init_array*)
 .init_array    0x08008db0        0x4 C:/ST/STM32CubeIDE_2.2.0/STM32CubeIDE/plugins/com.st.stm32cube.ide.mcu.externaltools.gnu-tools-for-stm32.14.3.rel1.win32_1.0.100.202602081740/tools/bin/../lib/gcc/arm-none-eabi/14.3.1/thumb/v7-m/nofp/crtbegin.o
                0x08008db4                        PROVIDE (__init_array_end = .)
                0x08008db4                        . = ALIGN (0x4)

.fini_array     0x08008db4        0x4
                0x08008db4                        . = ALIGN (0x4)
                [!provide]                        PROVIDE (__fini_array_start = .)
 *(SORT_BY_NAME(.fini_array.*))
 *(.fini_array*)
 .fini_array    0x08008db4        0x4 C:/ST/STM32CubeIDE_2.2.0/STM32CubeIDE/plugins/com.st.stm32cube.ide.mcu.externaltools.gnu-tools-for-stm32.14.3.rel1.win32_1.0.100.202602081740/tools/bin/../lib/gcc/arm-none-eabi/14.3.1/thumb/v7-m/nofp/crtbegin.o
                [!provide]                        PROVIDE (__fini_array_end = .)
                0x08008db8                        . = ALIGN (0x4)
                0x08008db8                        _sidata = LOADADDR (.data)

.rel.dyn        0x08008db8        0x0
 .rel.iplt      0x08008db8        0x0 C:/ST/STM32CubeIDE_2.2.0/STM32CubeIDE/plugins/com.st.stm32cube.ide.mcu.externaltools.gnu-tools-for-stm32.14.3.rel1.win32_1.0.100.202602081740/tools/bin/../lib/gcc/arm-none-eabi/14.3.1/thumb/v7-m/nofp/crtbegin.o

.data           0x20000000       0x18 load address 0x08008db8
                0x20000000                        . = ALIGN (0x4)
                0x20000000                        _sdata = .
 *(.data)
 *(.data*)
 .data.ch0_voltage
                0x20000000        0x4 ./Core/Src/main.o
                0x20000000                ch0_voltage
 .data.var_icon_value
                0x20000004        0x2 ./Core/Src/main.o
                0x20000004                var_icon_value
 *fill*         0x20000006        0x2 
 .data.var_icon_data
                0x20000008        0x2 ./Core/Src/main.o
                0x20000008                var_icon_data
 *fill*         0x2000000a        0x2 
 .data.SystemCoreClock
                0x2000000c        0x4 ./Core/Src/system_stm32f1xx.o
                0x2000000c                SystemCoreClock
 .data.uwTickPrio
                0x20000010        0x4 ./Drivers/STM32F1xx_HAL_Driver/Src/stm32f1xx_hal.o
                0x20000010                uwTickPrio
 .data.uwTickFreq
                0x20000014        0x1 ./Drivers/STM32F1xx_HAL_Driver/Src/stm32f1xx_hal.o
                0x20000014                uwTickFreq
 *(.RamFunc)
 *(.RamFunc*)
                0x20000018                        . = ALIGN (0x4)
 *fill*         0x20000015        0x3 
                0x20000018                        _edata = .

.igot.plt       0x20000018        0x0 load address 0x08008dd0
 .igot.plt      0x20000018        0x0 C:/ST/STM32CubeIDE_2.2.0/STM32CubeIDE/plugins/com.st.stm32cube.ide.mcu.externaltools.gnu-tools-for-stm32.14.3.rel1.win32_1.0.100.202602081740/tools/bin/../lib/gcc/arm-none-eabi/14.3.1/thumb/v7-m/nofp/crtbegin.o
                0x20000018                        . = ALIGN (0x4)

.bss            0x20000018      0x2e8 load address 0x08008dd0
                0x20000018                        _sbss = .
                0x20000018                        __bss_start__ = _sbss
 *(.bss)
 .bss           0x20000018       0x1c C:/ST/STM32CubeIDE_2.2.0/STM32CubeIDE/plugins/com.st.stm32cube.ide.mcu.externaltools.gnu-tools-for-stm32.14.3.rel1.win32_1.0.100.202602081740/tools/bin/../lib/gcc/arm-none-eabi/14.3.1/thumb/v7-m/nofp/crtbegin.o
 *(.bss*)
 .bss.hadc1     0x20000034       0x30 ./Core/Src/main.o
                0x20000034                hadc1
 .bss.hdma_adc1
                0x20000064       0x44 ./Core/Src/main.o
                0x20000064                hdma_adc1
 .bss.hi2c1     0x200000a8       0x54 ./Core/Src/main.o
                0x200000a8                hi2c1
 .bss.htim1     0x200000fc       0x48 ./Core/Src/main.o
                0x200000fc                htim1
 .bss.htim3     0x20000144       0x48 ./Core/Src/main.o
                0x20000144                htim3
 .bss.htim4     0x2000018c       0x48 ./Core/Src/main.o
                0x2000018c                htim4
 .bss.huart3    0x200001d4       0x48 ./Core/Src/main.o
                0x200001d4                huart3
 .bss.count     0x2000021c        0x4 ./Core/Src/main.o
                0x2000021c                count
 .bss.RxData    0x20000220        0xc ./Core/Src/main.o
                0x20000220                RxData
 .bss.rxBuffer  0x2000022c        0xc ./Core/Src/main.o
                0x2000022c                rxBuffer
 .bss.rxData    0x20000238        0xc ./Core/Src/main.o
                0x20000238                rxData
 .bss.rxIndex   0x20000244        0x2 ./Core/Src/main.o
                0x20000244                rxIndex
 .bss.uart_rx_started
                0x20000246        0x1 ./Core/Src/main.o
 *fill*         0x20000247        0x1 
 .bss.address   0x20000248        0x2 ./Core/Src/main.o
                0x20000248                address
 .bss.dataa     0x2000024a        0x2 ./Core/Src/main.o
                0x2000024a                dataa
 .bss.mode      0x2000024c        0x2 ./Core/Src/main.o
                0x2000024c                mode
 .bss.high      0x2000024e        0x2 ./Core/Src/main.o
                0x2000024e                high
 .bss.bipolar   0x20000250        0x2 ./Core/Src/main.o
                0x20000250                bipolar
 .bss.low       0x20000252        0x2 ./Core/Src/main.o
                0x20000252                low
 .bss.brightnes
                0x20000254        0x2 ./Core/Src/main.o
                0x20000254                brightnes
 .bss.current_page
                0x20000256        0x2 ./Core/Src/main.o
                0x20000256                current_page
 .bss.previous_mode
                0x20000258        0x2 ./Core/Src/main.o
                0x20000258                previous_mode
 .bss.number_eeprome_flag
                0x2000025a        0x1 ./Core/Src/main.o
                0x2000025a                number_eeprome_flag
 .bss.eeprom_err
                0x2000025b        0x1 ./Core/Src/main.o
                0x2000025b                eeprom_err
 .bss.ch_pg_flag
                0x2000025c        0x1 ./Core/Src/main.o
                0x2000025c                ch_pg_flag
 *fill*         0x2000025d        0x3 
 .bss.modee     0x20000260        0x2 ./Core/Src/main.o
                0x20000260                modee
 *fill*         0x20000262        0x2 
 .bss.highh     0x20000264        0x2 ./Core/Src/main.o
                0x20000264                highh
 *fill*         0x20000266        0x2 
 .bss.bipolarr  0x20000268        0x2 ./Core/Src/main.o
                0x20000268                bipolarr
 *fill*         0x2000026a        0x2 
 .bss.loww      0x2000026c        0x2 ./Core/Src/main.o
                0x2000026c                loww
 *fill*         0x2000026e        0x2 
 .bss.vp3003w   0x20000270        0x2 ./Core/Src/main.o
                0x20000270                vp3003w
 *fill*         0x20000272        0x2 
 .bss.brightness
                0x20000274        0x2 ./Core/Src/main.o
                0x20000274                brightness
 *fill*         0x20000276        0x2 
 .bss.current_page_array
                0x20000278        0x2 ./Core/Src/main.o
                0x20000278                current_page_array
 .bss.vp3003_val
                0x2000027a        0x2 ./Core/Src/main.o
                0x2000027a                vp3003_val
 .bss.prev_address
                0x2000027c        0x2 ./Core/Src/main.o
                0x2000027c                prev_address
 .bss.prev_dataa
                0x2000027e        0x2 ./Core/Src/main.o
                0x2000027e                prev_dataa
 .bss.previous_low
                0x20000280        0x2 ./Core/Src/main.o
                0x20000280                previous_low
 .bss.dwin_pkt_ready
                0x20000282        0x1 ./Core/Src/main.o
                0x20000282                dwin_pkt_ready
 *fill*         0x20000283        0x1 
 .bss.low_save_enable_tick
                0x20000284        0x4 ./Core/Src/main.o
 .bss.low_display_push_until
                0x20000288        0x4 ./Core/Src/main.o
 .bss.var_icon_display_push_until
                0x2000028c        0x4 ./Core/Src/main.o
 .bss.var_icon_boot_push_until
                0x20000290        0x4 ./Core/Src/main.o
 .bss.var_icon_aggressive_until
                0x20000294        0x4 ./Core/Src/main.o
 .bss.var_icon_save_enable_tick
                0x20000298        0x4 ./Core/Src/main.o
 .bss.brightness_display_push_until
                0x2000029c        0x4 ./Core/Src/main.o
 .bss.brightness_save_enable_tick
                0x200002a0        0x4 ./Core/Src/main.o
 .bss.brightness_user_touched
                0x200002a4        0x1 ./Core/Src/main.o
 .bss.low_user_touched
                0x200002a5        0x1 ./Core/Src/main.o
 *fill*         0x200002a6        0x2 
 .bss.low_last_accept_tick
                0x200002a8        0x4 ./Core/Src/main.o
 .bss.vp3003_save_enable_tick
                0x200002ac        0x4 ./Core/Src/main.o
 .bss.vp3003_page1_restore_until
                0x200002b0        0x4 ./Core/Src/main.o
 .bss.vp3003_user_touched
                0x200002b4        0x1 ./Core/Src/main.o
 .bss.saved_settings_page
                0x200002b5        0x1 ./Core/Src/main.o
 .bss.var_icon_user_locked
                0x200002b6        0x1 ./Core/Src/main.o
 *fill*         0x200002b7        0x1 
 .bss.boot_page_guard_until
                0x200002b8        0x4 ./Core/Src/main.o
 .bss.footswitch
                0x200002bc        0x1 ./Core/Src/main.o
                0x200002bc                footswitch
 .bss.active    0x200002bd        0x1 ./Core/Src/main.o
                0x200002bd                active
 *fill*         0x200002be        0x2 
 .bss.pa7_last_irq
                0x200002c0        0x4 ./Core/Src/main.o
                0x200002c0                pa7_last_irq
 .bss.pa7_pending
                0x200002c4        0x1 ./Core/Src/main.o
                0x200002c4                pa7_pending
 *fill*         0x200002c5        0x3 
 .bss.pb0_last_irq
                0x200002c8        0x4 ./Core/Src/main.o
                0x200002c8                pb0_last_irq
 .bss.pb0_pending
                0x200002cc        0x1 ./Core/Src/main.o
                0x200002cc                pb0_pending
 *fill*         0x200002cd        0x3 
 .bss.adc_dma_buf
                0x200002d0        0x4 ./Core/Src/main.o
                0x200002d0                adc_dma_buf
 .bss.adc_raw_ch1
                0x200002d4        0x2 ./Core/Src/main.o
                0x200002d4                adc_raw_ch1
 .bss.adc_raw_ch0
                0x200002d6        0x2 ./Core/Src/main.o
                0x200002d6                adc_raw_ch0
 .bss.last_adc_tick
                0x200002d8        0x4 ./Core/Src/main.o
                0x200002d8                last_adc_tick
 .bss.alert_hv  0x200002dc        0x1 ./Core/Src/main.o
                0x200002dc                alert_hv
 .bss.alert_gate
                0x200002dd        0x1 ./Core/Src/main.o
                0x200002dd                alert_gate
 *fill*         0x200002de        0x2 
 .bss.ch1_voltage
                0x200002e0        0x4 ./Core/Src/main.o
                0x200002e0                ch1_voltage
 .bss.last_poll.5
                0x200002e4        0x4 ./Core/Src/main.o
 .bss.last_boot_icon.4
                0x200002e8        0x4 ./Core/Src/main.o
 .bss.last_icon_push.3
                0x200002ec        0x4 ./Core/Src/main.o
 .bss.last_low_push.2
                0x200002f0        0x4 ./Core/Src/main.o
 .bss.last_brightness_push.1
                0x200002f4        0x4 ./Core/Src/main.o
 .bss.last_vp3003_push.0
                0x200002f8        0x4 ./Core/Src/main.o
 .bss.uwTick    0x200002fc        0x4 ./Drivers/STM32F1xx_HAL_Driver/Src/stm32f1xx_hal.o
                0x200002fc                uwTick
 *(COMMON)
                0x20000300                        . = ALIGN (0x4)
                0x20000300                        _ebss = .
                0x20000300                        __bss_end__ = _ebss

._user_heap_stack
                0x20000300      0x600 load address 0x08008dd0
                0x20000300                        . = ALIGN (0x8)
                [!provide]                        PROVIDE (end = .)
                0x20000300                        PROVIDE (_end = .)
                0x20000500                        . = (. + _Min_Heap_Size)
 *fill*         0x20000300      0x200 
                0x20000900                        . = (. + _Min_Stack_Size)
 *fill*         0x20000500      0x400 
                0x20000900                        . = ALIGN (0x8)

/DISCARD/
 libc.a(*)
 libm.a(*)
 libgcc.a(*)

.ARM.attributes
                0x00000000       0x29
 *(.ARM.attributes)
 .ARM.attributes
                0x00000000       0x1d C:/ST/STM32CubeIDE_2.2.0/STM32CubeIDE/plugins/com.st.stm32cube.ide.mcu.externaltools.gnu-tools-for-stm32.14.3.rel1.win32_1.0.100.202602081740/tools/bin/../lib/gcc/arm-none-eabi/14.3.1/thumb/v7-m/nofp/crti.o
 .ARM.attributes
                0x0000001d       0x2d C:/ST/STM32CubeIDE_2.2.0/STM32CubeIDE/plugins/com.st.stm32cube.ide.mcu.externaltools.gnu-tools-for-stm32.14.3.rel1.win32_1.0.100.202602081740/tools/bin/../lib/gcc/arm-none-eabi/14.3.1/thumb/v7-m/nofp/crtbegin.o
 .ARM.attributes
                0x0000004a       0x2d ./Core/Src/main.o
 .ARM.attributes
                0x00000077       0x2d ./Core/Src/stm32f1xx_hal_msp.o
 .ARM.attributes
                0x000000a4       0x2d ./Core/Src/stm32f1xx_it.o
 .ARM.attributes
                0x000000d1       0x2d ./Core/Src/system_stm32f1xx.o
 .ARM.attributes
                0x000000fe       0x21 ./Core/Startup/startup_stm32f103c8tx.o
 .ARM.attributes
                0x0000011f       0x2d ./Drivers/STM32F1xx_HAL_Driver/Src/stm32f1xx_hal.o
 .ARM.attributes
                0x0000014c       0x2d ./Drivers/STM32F1xx_HAL_Driver/Src/stm32f1xx_hal_adc.o
 .ARM.attributes
                0x00000179       0x2d ./Drivers/STM32F1xx_HAL_Driver/Src/stm32f1xx_hal_adc_ex.o
 .ARM.attributes
                0x000001a6       0x2d ./Drivers/STM32F1xx_HAL_Driver/Src/stm32f1xx_hal_cortex.o
 .ARM.attributes
                0x000001d3       0x2d ./Drivers/STM32F1xx_HAL_Driver/Src/stm32f1xx_hal_dma.o
 .ARM.attributes
                0x00000200       0x2d ./Drivers/STM32F1xx_HAL_Driver/Src/stm32f1xx_hal_gpio.o
 .ARM.attributes
                0x0000022d       0x2d ./Drivers/STM32F1xx_HAL_Driver/Src/stm32f1xx_hal_i2c.o
 .ARM.attributes
                0x0000025a       0x2d ./Drivers/STM32F1xx_HAL_Driver/Src/stm32f1xx_hal_rcc.o
 .ARM.attributes
                0x00000287       0x2d ./Drivers/STM32F1xx_HAL_Driver/Src/stm32f1xx_hal_rcc_ex.o
 .ARM.attributes
                0x000002b4       0x2d ./Drivers/STM32F1xx_HAL_Driver/Src/stm32f1xx_hal_tim.o
 .ARM.attributes
                0x000002e1       0x2d ./Drivers/STM32F1xx_HAL_Driver/Src/stm32f1xx_hal_tim_ex.o
 .ARM.attributes
                0x0000030e       0x2d ./Drivers/STM32F1xx_HAL_Driver/Src/stm32f1xx_hal_uart.o
 .ARM.attributes
                0x0000033b       0x2d C:/ST/STM32CubeIDE_2.2.0/STM32CubeIDE/plugins/com.st.stm32cube.ide.mcu.externaltools.gnu-tools-for-stm32.14.3.rel1.win32_1.0.100.202602081740/tools/bin/../lib/gcc/arm-none-eabi/14.3.1/../../../../arm-none-eabi/lib/thumb/v7-m/nofp\libc_nano.a(libc_a-memset.o)
 .ARM.attributes
                0x00000368       0x2d C:/ST/STM32CubeIDE_2.2.0/STM32CubeIDE/plugins/com.st.stm32cube.ide.mcu.externaltools.gnu-tools-for-stm32.14.3.rel1.win32_1.0.100.202602081740/tools/bin/../lib/gcc/arm-none-eabi/14.3.1/../../../../arm-none-eabi/lib/thumb/v7-m/nofp\libc_nano.a(libc_a-init.o)
 .ARM.attributes
                0x00000395       0x1d C:/ST/STM32CubeIDE_2.2.0/STM32CubeIDE/plugins/com.st.stm32cube.ide.mcu.externaltools.gnu-tools-for-stm32.14.3.rel1.win32_1.0.100.202602081740/tools/bin/../lib/gcc/arm-none-eabi/14.3.1/thumb/v7-m/nofp\libgcc.a(_arm_addsubsf3.o)
 .ARM.attributes
                0x000003b2       0x1d C:/ST/STM32CubeIDE_2.2.0/STM32CubeIDE/plugins/com.st.stm32cube.ide.mcu.externaltools.gnu-tools-for-stm32.14.3.rel1.win32_1.0.100.202602081740/tools/bin/../lib/gcc/arm-none-eabi/14.3.1/thumb/v7-m/nofp\libgcc.a(_arm_muldivsf3.o)
 .ARM.attributes
                0x000003cf       0x1d C:/ST/STM32CubeIDE_2.2.0/STM32CubeIDE/plugins/com.st.stm32cube.ide.mcu.externaltools.gnu-tools-for-stm32.14.3.rel1.win32_1.0.100.202602081740/tools/bin/../lib/gcc/arm-none-eabi/14.3.1/thumb/v7-m/nofp\libgcc.a(_arm_cmpsf2.o)
 .ARM.attributes
                0x000003ec       0x1d C:/ST/STM32CubeIDE_2.2.0/STM32CubeIDE/plugins/com.st.stm32cube.ide.mcu.externaltools.gnu-tools-for-stm32.14.3.rel1.win32_1.0.100.202602081740/tools/bin/../lib/gcc/arm-none-eabi/14.3.1/thumb/v7-m/nofp/crtn.o
OUTPUT(skinquatery.elf elf32-littlearm)
LOAD linker stubs
LOAD C:/ST/STM32CubeIDE_2.2.0/STM32CubeIDE/plugins/com.st.stm32cube.ide.mcu.externaltools.gnu-tools-for-stm32.14.3.rel1.win32_1.0.100.202602081740/tools/bin/../lib/gcc/arm-none-eabi/14.3.1/../../../../arm-none-eabi/lib/thumb/v7-m/nofp\libc.a
LOAD C:/ST/STM32CubeIDE_2.2.0/STM32CubeIDE/plugins/com.st.stm32cube.ide.mcu.externaltools.gnu-tools-for-stm32.14.3.rel1.win32_1.0.100.202602081740/tools/bin/../lib/gcc/arm-none-eabi/14.3.1/../../../../arm-none-eabi/lib/thumb/v7-m/nofp\libm.a
LOAD C:/ST/STM32CubeIDE_2.2.0/STM32CubeIDE/plugins/com.st.stm32cube.ide.mcu.externaltools.gnu-tools-for-stm32.14.3.rel1.win32_1.0.100.202602081740/tools/bin/../lib/gcc/arm-none-eabi/14.3.1/thumb/v7-m/nofp\libgcc.a

.debug_info     0x00000000    0x11961
 .debug_info    0x00000000     0x2a97 ./Core/Src/main.o
 .debug_info    0x00002a97     0x142e ./Core/Src/stm32f1xx_hal_msp.o
 .debug_info    0x00003ec5      0x648 ./Core/Src/stm32f1xx_it.o
 .debug_info    0x0000450d      0x222 ./Core/Src/system_stm32f1xx.o
 .debug_info    0x0000472f       0x30 ./Core/Startup/startup_stm32f103c8tx.o
 .debug_info    0x0000475f      0x704 ./Drivers/STM32F1xx_HAL_Driver/Src/stm32f1xx_hal.o
 .debug_info    0x00004e63      0xc50 ./Drivers/STM32F1xx_HAL_Driver/Src/stm32f1xx_hal_adc.o
 .debug_info    0x00005ab3      0xa10 ./Drivers/STM32F1xx_HAL_Driver/Src/stm32f1xx_hal_adc_ex.o
 .debug_info    0x000064c3      0xa87 ./Drivers/STM32F1xx_HAL_Driver/Src/stm32f1xx_hal_cortex.o
 .debug_info    0x00006f4a      0x6d2 ./Drivers/STM32F1xx_HAL_Driver/Src/stm32f1xx_hal_dma.o
 .debug_info    0x0000761c      0x5ab ./Drivers/STM32F1xx_HAL_Driver/Src/stm32f1xx_hal_gpio.o
 .debug_info    0x00007bc7     0x2524 ./Drivers/STM32F1xx_HAL_Driver/Src/stm32f1xx_hal_i2c.o
 .debug_info    0x0000a0eb      0x7d5 ./Drivers/STM32F1xx_HAL_Driver/Src/stm32f1xx_hal_rcc.o
 .debug_info    0x0000a8c0      0x3c0 ./Drivers/STM32F1xx_HAL_Driver/Src/stm32f1xx_hal_rcc_ex.o
 .debug_info    0x0000ac80     0x2959 ./Drivers/STM32F1xx_HAL_Driver/Src/stm32f1xx_hal_tim.o
 .debug_info    0x0000d5d9     0x149b ./Drivers/STM32F1xx_HAL_Driver/Src/stm32f1xx_hal_tim_ex.o
 .debug_info    0x0000ea74     0x2eed ./Drivers/STM32F1xx_HAL_Driver/Src/stm32f1xx_hal_uart.o

.debug_abbrev   0x00000000     0x256f
 .debug_abbrev  0x00000000      0x3e1 ./Core/Src/main.o
 .debug_abbrev  0x000003e1      0x293 ./Core/Src/stm32f1xx_hal_msp.o
 .debug_abbrev  0x00000674      0x18d ./Core/Src/stm32f1xx_it.o
 .debug_abbrev  0x00000801      0x13f ./Core/Src/system_stm32f1xx.o
 .debug_abbrev  0x00000940       0x24 ./Core/Startup/startup_stm32f103c8tx.o
 .debug_abbrev  0x00000964      0x201 ./Drivers/STM32F1xx_HAL_Driver/Src/stm32f1xx_hal.o
 .debug_abbrev  0x00000b65      0x225 ./Drivers/STM32F1xx_HAL_Driver/Src/stm32f1xx_hal_adc.o
 .debug_abbrev  0x00000d8a      0x249 ./Drivers/STM32F1xx_HAL_Driver/Src/stm32f1xx_hal_adc_ex.o
 .debug_abbrev  0x00000fd3      0x2f8 ./Drivers/STM32F1xx_HAL_Driver/Src/stm32f1xx_hal_cortex.o
 .debug_abbrev  0x000012cb      0x20b ./Drivers/STM32F1xx_HAL_Driver/Src/stm32f1xx_hal_dma.o
 .debug_abbrev  0x000014d6      0x1ca ./Drivers/STM32F1xx_HAL_Driver/Src/stm32f1xx_hal_gpio.o
 .debug_abbrev  0x000016a0      0x2a3 ./Drivers/STM32F1xx_HAL_Driver/Src/stm32f1xx_hal_i2c.o
 .debug_abbrev  0x00001943      0x2b3 ./Drivers/STM32F1xx_HAL_Driver/Src/stm32f1xx_hal_rcc.o
 .debug_abbrev  0x00001bf6      0x188 ./Drivers/STM32F1xx_HAL_Driver/Src/stm32f1xx_hal_rcc_ex.o
 .debug_abbrev  0x00001d7e      0x277 ./Drivers/STM32F1xx_HAL_Driver/Src/stm32f1xx_hal_tim.o
 .debug_abbrev  0x00001ff5      0x282 ./Drivers/STM32F1xx_HAL_Driver/Src/stm32f1xx_hal_tim_ex.o
 .debug_abbrev  0x00002277      0x2f8 ./Drivers/STM32F1xx_HAL_Driver/Src/stm32f1xx_hal_uart.o

.debug_aranges  0x00000000     0x12b0
 .debug_aranges
                0x00000000      0x2a8 ./Core/Src/main.o
 .debug_aranges
                0x000002a8       0x68 ./Core/Src/stm32f1xx_hal_msp.o
 .debug_aranges
                0x00000310       0x80 ./Core/Src/stm32f1xx_it.o
 .debug_aranges
                0x00000390       0x28 ./Core/Src/system_stm32f1xx.o
 .debug_aranges
                0x000003b8       0x28 ./Core/Startup/startup_stm32f103c8tx.o
 .debug_aranges
                0x000003e0       0xe0 ./Drivers/STM32F1xx_HAL_Driver/Src/stm32f1xx_hal.o
 .debug_aranges
                0x000004c0       0xf0 ./Drivers/STM32F1xx_HAL_Driver/Src/stm32f1xx_hal_adc.o
 .debug_aranges
                0x000005b0       0x80 ./Drivers/STM32F1xx_HAL_Driver/Src/stm32f1xx_hal_adc_ex.o
 .debug_aranges
                0x00000630      0x100 ./Drivers/STM32F1xx_HAL_Driver/Src/stm32f1xx_hal_cortex.o
 .debug_aranges
                0x00000730       0x80 ./Drivers/STM32F1xx_HAL_Driver/Src/stm32f1xx_hal_dma.o
 .debug_aranges
                0x000007b0       0x58 ./Drivers/STM32F1xx_HAL_Driver/Src/stm32f1xx_hal_gpio.o
 .debug_aranges
                0x00000808      0x2a8 ./Drivers/STM32F1xx_HAL_Driver/Src/stm32f1xx_hal_i2c.o
 .debug_aranges
                0x00000ab0       0x90 ./Drivers/STM32F1xx_HAL_Driver/Src/stm32f1xx_hal_rcc.o
 .debug_aranges
                0x00000b40       0x30 ./Drivers/STM32F1xx_HAL_Driver/Src/stm32f1xx_hal_rcc_ex.o
 .debug_aranges
                0x00000b70      0x3d0 ./Drivers/STM32F1xx_HAL_Driver/Src/stm32f1xx_hal_tim.o
 .debug_aranges
                0x00000f40      0x168 ./Drivers/STM32F1xx_HAL_Driver/Src/stm32f1xx_hal_tim_ex.o
 .debug_aranges
                0x000010a8      0x208 ./Drivers/STM32F1xx_HAL_Driver/Src/stm32f1xx_hal_uart.o

.debug_rnglists
                0x00000000      0xf36
 .debug_rnglists
                0x00000000      0x275 ./Core/Src/main.o
 .debug_rnglists
                0x00000275       0x4d ./Core/Src/stm32f1xx_hal_msp.o
 .debug_rnglists
                0x000002c2       0x5b ./Core/Src/stm32f1xx_it.o
 .debug_rnglists
                0x0000031d       0x1a ./Core/Src/system_stm32f1xx.o
 .debug_rnglists
                0x00000337       0x19 ./Core/Startup/startup_stm32f103c8tx.o
 .debug_rnglists
                0x00000350       0xa3 ./Drivers/STM32F1xx_HAL_Driver/Src/stm32f1xx_hal.o
 .debug_rnglists
                0x000003f3       0xbc ./Drivers/STM32F1xx_HAL_Driver/Src/stm32f1xx_hal_adc.o
 .debug_rnglists
                0x000004af       0x65 ./Drivers/STM32F1xx_HAL_Driver/Src/stm32f1xx_hal_adc_ex.o
 .debug_rnglists
                0x00000514       0xbb ./Drivers/STM32F1xx_HAL_Driver/Src/stm32f1xx_hal_cortex.o
 .debug_rnglists
                0x000005cf       0x64 ./Drivers/STM32F1xx_HAL_Driver/Src/stm32f1xx_hal_dma.o
 .debug_rnglists
                0x00000633       0x3f ./Drivers/STM32F1xx_HAL_Driver/Src/stm32f1xx_hal_gpio.o
 .debug_rnglists
                0x00000672      0x23c ./Drivers/STM32F1xx_HAL_Driver/Src/stm32f1xx_hal_i2c.o
 .debug_rnglists
                0x000008ae       0x6c ./Drivers/STM32F1xx_HAL_Driver/Src/stm32f1xx_hal_rcc.o
 .debug_rnglists
                0x0000091a       0x21 ./Drivers/STM32F1xx_HAL_Driver/Src/stm32f1xx_hal_rcc_ex.o
 .debug_rnglists
                0x0000093b      0x31a ./Drivers/STM32F1xx_HAL_Driver/Src/stm32f1xx_hal_tim.o
 .debug_rnglists
                0x00000c55      0x125 ./Drivers/STM32F1xx_HAL_Driver/Src/stm32f1xx_hal_tim_ex.o
 .debug_rnglists
                0x00000d7a      0x1bc ./Drivers/STM32F1xx_HAL_Driver/Src/stm32f1xx_hal_uart.o

.debug_macro    0x00000000    0x1883a
 .debug_macro   0x00000000      0x38b ./Core/Src/main.o
 .debug_macro   0x0000038b      0xacc ./Core/Src/main.o
 .debug_macro   0x00000e57      0x22d ./Core/Src/main.o
 .debug_macro   0x00001084       0x2e ./Core/Src/main.o
 .debug_macro   0x000010b2       0x22 ./Core/Src/main.o
 .debug_macro   0x000010d4       0x22 ./Core/Src/main.o
 .debug_macro   0x000010f6       0x8e ./Core/Src/main.o
 .debug_macro   0x00001184       0x51 ./Core/Src/main.o
 .debug_macro   0x000011d5      0x103 ./Core/Src/main.o
 .debug_macro   0x000012d8       0x6a ./Core/Src/main.o
 .debug_macro   0x00001342      0x1df ./Core/Src/main.o
 .debug_macro   0x00001521       0x1c ./Core/Src/main.o
 .debug_macro   0x0000153d       0x22 ./Core/Src/main.o
 .debug_macro   0x0000155f       0xbd ./Core/Src/main.o
 .debug_macro   0x0000161c      0xd23 ./Core/Src/main.o
 .debug_macro   0x0000233f     0xe09e ./Core/Src/main.o
 .debug_macro   0x000103dd       0x6d ./Core/Src/main.o
 .debug_macro   0x0001044a     0x34a2 ./Core/Src/main.o
 .debug_macro   0x000138ec      0x190 ./Core/Src/main.o
 .debug_macro   0x00013a7c       0x5c ./Core/Src/main.o
 .debug_macro   0x00013ad8      0x5bc ./Core/Src/main.o
 .debug_macro   0x00014094      0x289 ./Core/Src/main.o
 .debug_macro   0x0001431d      0x1cb ./Core/Src/main.o
 .debug_macro   0x000144e8      0x114 ./Core/Src/main.o
 .debug_macro   0x000145fc      0x1b2 ./Core/Src/main.o
 .debug_macro   0x000147ae       0x27 ./Core/Src/main.o
 .debug_macro   0x000147d5      0x136 ./Core/Src/main.o
 .debug_macro   0x0001490b      0x1bc ./Core/Src/main.o
 .debug_macro   0x00014ac7       0x34 ./Core/Src/main.o
 .debug_macro   0x00014afb       0x3c ./Core/Src/main.o
 .debug_macro   0x00014b37       0x57 ./Core/Src/main.o
 .debug_macro   0x00014b8e      0x46a ./Core/Src/main.o
 .debug_macro   0x00014ff8      0x1b5 ./Core/Src/main.o
 .debug_macro   0x000151ad       0x87 ./Core/Src/main.o
 .debug_macro   0x00015234      0x240 ./Core/Src/main.o
 .debug_macro   0x00015474      0x287 ./Core/Src/main.o
 .debug_macro   0x000156fb      0x140 ./Core/Src/main.o
 .debug_macro   0x0001583b      0x8ed ./Core/Src/main.o
 .debug_macro   0x00016128      0x28e ./Core/Src/main.o
 .debug_macro   0x000163b6       0x83 ./Core/Src/main.o
 .debug_macro   0x00016439       0x58 ./Core/Src/main.o
 .debug_macro   0x00016491       0x22 ./Core/Src/main.o
 .debug_macro   0x000164b3       0x61 ./Core/Src/main.o
 .debug_macro   0x00016514       0x24 ./Core/Src/main.o
 .debug_macro   0x00016538       0x43 ./Core/Src/main.o
 .debug_macro   0x0001657b       0x34 ./Core/Src/main.o
 .debug_macro   0x000165af      0x364 ./Core/Src/main.o
 .debug_macro   0x00016913       0x16 ./Core/Src/main.o
 .debug_macro   0x00016929       0x4a ./Core/Src/main.o
 .debug_macro   0x00016973       0x34 ./Core/Src/main.o
 .debug_macro   0x000169a7       0x10 ./Core/Src/main.o
 .debug_macro   0x000169b7       0x58 ./Core/Src/main.o
 .debug_macro   0x00016a0f       0x8e ./Core/Src/main.o
 .debug_macro   0x00016a9d       0x1c ./Core/Src/main.o
 .debug_macro   0x00016ab9      0x17e ./Core/Src/main.o
 .debug_macro   0x00016c37       0x10 ./Core/Src/main.o
 .debug_macro   0x00016c47       0x3c ./Core/Src/main.o
 .debug_macro   0x00016c83       0x20 ./Core/Src/main.o
 .debug_macro   0x00016ca3      0x1d0 ./Core/Src/stm32f1xx_hal_msp.o
 .debug_macro   0x00016e73      0x1da ./Core/Src/stm32f1xx_it.o
 .debug_macro   0x0001704d      0x1c1 ./Core/Src/system_stm32f1xx.o
 .debug_macro   0x0001720e      0x1e5 ./Drivers/STM32F1xx_HAL_Driver/Src/stm32f1xx_hal.o
 .debug_macro   0x000173f3      0x1de ./Drivers/STM32F1xx_HAL_Driver/Src/stm32f1xx_hal_adc.o
 .debug_macro   0x000175d1      0x1d3 ./Drivers/STM32F1xx_HAL_Driver/Src/stm32f1xx_hal_adc_ex.o
 .debug_macro   0x000177a4      0x1c1 ./Drivers/STM32F1xx_HAL_Driver/Src/stm32f1xx_hal_cortex.o
 .debug_macro   0x00017965      0x1c1 ./Drivers/STM32F1xx_HAL_Driver/Src/stm32f1xx_hal_dma.o
 .debug_macro   0x00017b26      0x22c ./Drivers/STM32F1xx_HAL_Driver/Src/stm32f1xx_hal_gpio.o
 .debug_macro   0x00017d52      0x20f ./Drivers/STM32F1xx_HAL_Driver/Src/stm32f1xx_hal_i2c.o
 .debug_macro   0x00017f61      0x1d3 ./Drivers/STM32F1xx_HAL_Driver/Src/stm32f1xx_hal_rcc.o
 .debug_macro   0x00018134      0x1c1 ./Drivers/STM32F1xx_HAL_Driver/Src/stm32f1xx_hal_rcc_ex.o
 .debug_macro   0x000182f5      0x1c2 ./Drivers/STM32F1xx_HAL_Driver/Src/stm32f1xx_hal_tim.o
 .debug_macro   0x000184b7      0x1c1 ./Drivers/STM32F1xx_HAL_Driver/Src/stm32f1xx_hal_tim_ex.o
 .debug_macro   0x00018678      0x1c2 ./Drivers/STM32F1xx_HAL_Driver/Src/stm32f1xx_hal_uart.o

.debug_line     0x00000000    0x1569b
 .debug_line    0x00000000     0x2aa2 ./Core/Src/main.o
 .debug_line    0x00002aa2      0x932 ./Core/Src/stm32f1xx_hal_msp.o
 .debug_line    0x000033d4      0x857 ./Core/Src/stm32f1xx_it.o
 .debug_line    0x00003c2b      0x7c7 ./Core/Src/system_stm32f1xx.o
 .debug_line    0x000043f2       0x78 ./Core/Startup/startup_stm32f103c8tx.o
 .debug_line    0x0000446a      0x9fb ./Drivers/STM32F1xx_HAL_Driver/Src/stm32f1xx_hal.o
 .debug_line    0x00004e65     0x101d ./Drivers/STM32F1xx_HAL_Driver/Src/stm32f1xx_hal_adc.o
 .debug_line    0x00005e82      0xd3f ./Drivers/STM32F1xx_HAL_Driver/Src/stm32f1xx_hal_adc_ex.o
 .debug_line    0x00006bc1      0xbc2 ./Drivers/STM32F1xx_HAL_Driver/Src/stm32f1xx_hal_cortex.o
 .debug_line    0x00007783      0xe02 ./Drivers/STM32F1xx_HAL_Driver/Src/stm32f1xx_hal_dma.o
 .debug_line    0x00008585      0xa52 ./Drivers/STM32F1xx_HAL_Driver/Src/stm32f1xx_hal_gpio.o
 .debug_line    0x00008fd7     0x3bf5 ./Drivers/STM32F1xx_HAL_Driver/Src/stm32f1xx_hal_i2c.o
 .debug_line    0x0000cbcc      0xeb1 ./Drivers/STM32F1xx_HAL_Driver/Src/stm32f1xx_hal_rcc.o
 .debug_line    0x0000da7d      0x962 ./Drivers/STM32F1xx_HAL_Driver/Src/stm32f1xx_hal_rcc_ex.o
 .debug_line    0x0000e3df     0x34ec ./Drivers/STM32F1xx_HAL_Driver/Src/stm32f1xx_hal_tim.o
 .debug_line    0x000118cb     0x18bc ./Drivers/STM32F1xx_HAL_Driver/Src/stm32f1xx_hal_tim_ex.o
 .debug_line    0x00013187     0x2514 ./Drivers/STM32F1xx_HAL_Driver/Src/stm32f1xx_hal_uart.o

.debug_str      0x00000000    0x922e4
 .debug_str     0x00000000    0x922e4 ./Core/Src/main.o
                              0x8ef44 (size before relaxing)
 .debug_str     0x000922e4    0x8aabb ./Core/Src/stm32f1xx_hal_msp.o
 .debug_str     0x000922e4    0x8a05d ./Core/Src/stm32f1xx_it.o
 .debug_str     0x000922e4    0x89a8a ./Core/Src/system_stm32f1xx.o
 .debug_str     0x000922e4       0x80 ./Core/Startup/startup_stm32f103c8tx.o
 .debug_str     0x000922e4    0x8a1bd ./Drivers/STM32F1xx_HAL_Driver/Src/stm32f1xx_hal.o
 .debug_str     0x000922e4    0x8a16e ./Drivers/STM32F1xx_HAL_Driver/Src/stm32f1xx_hal_adc.o
 .debug_str     0x000922e4    0x8a13e ./Drivers/STM32F1xx_HAL_Driver/Src/stm32f1xx_hal_adc_ex.o
 .debug_str     0x000922e4    0x8a109 ./Drivers/STM32F1xx_HAL_Driver/Src/stm32f1xx_hal_cortex.o
 .debug_str     0x000922e4    0x89e33 ./Drivers/STM32F1xx_HAL_Driver/Src/stm32f1xx_hal_dma.o
 .debug_str     0x000922e4    0x89e10 ./Drivers/STM32F1xx_HAL_Driver/Src/stm32f1xx_hal_gpio.o
 .debug_str     0x000922e4    0x8ab51 ./Drivers/STM32F1xx_HAL_Driver/Src/stm32f1xx_hal_i2c.o
 .debug_str     0x000922e4    0x89eb9 ./Drivers/STM32F1xx_HAL_Driver/Src/stm32f1xx_hal_rcc.o
 .debug_str     0x000922e4    0x89c09 ./Drivers/STM32F1xx_HAL_Driver/Src/stm32f1xx_hal_rcc_ex.o
 .debug_str     0x000922e4    0x8aebb ./Drivers/STM32F1xx_HAL_Driver/Src/stm32f1xx_hal_tim.o
 .debug_str     0x000922e4    0x8a6c7 ./Drivers/STM32F1xx_HAL_Driver/Src/stm32f1xx_hal_tim_ex.o
 .debug_str     0x000922e4    0x8a52a ./Drivers/STM32F1xx_HAL_Driver/Src/stm32f1xx_hal_uart.o

.comment        0x00000000       0x43
 .comment       0x00000000       0x43 ./Core/Src/main.o
                                 0x44 (size before relaxing)
 .comment       0x00000043       0x44 ./Core/Src/stm32f1xx_hal_msp.o
 .comment       0x00000043       0x44 ./Core/Src/stm32f1xx_it.o
 .comment       0x00000043       0x44 ./Core/Src/system_stm32f1xx.o
 .comment       0x00000043       0x44 ./Drivers/STM32F1xx_HAL_Driver/Src/stm32f1xx_hal.o
 .comment       0x00000043       0x44 ./Drivers/STM32F1xx_HAL_Driver/Src/stm32f1xx_hal_adc.o
 .comment       0x00000043       0x44 ./Drivers/STM32F1xx_HAL_Driver/Src/stm32f1xx_hal_adc_ex.o
 .comment       0x00000043       0x44 ./Drivers/STM32F1xx_HAL_Driver/Src/stm32f1xx_hal_cortex.o
 .comment       0x00000043       0x44 ./Drivers/STM32F1xx_HAL_Driver/Src/stm32f1xx_hal_dma.o
 .comment       0x00000043       0x44 ./Drivers/STM32F1xx_HAL_Driver/Src/stm32f1xx_hal_gpio.o
 .comment       0x00000043       0x44 ./Drivers/STM32F1xx_HAL_Driver/Src/stm32f1xx_hal_i2c.o
 .comment       0x00000043       0x44 ./Drivers/STM32F1xx_HAL_Driver/Src/stm32f1xx_hal_rcc.o
 .comment       0x00000043       0x44 ./Drivers/STM32F1xx_HAL_Driver/Src/stm32f1xx_hal_rcc_ex.o
 .comment       0x00000043       0x44 ./Drivers/STM32F1xx_HAL_Driver/Src/stm32f1xx_hal_tim.o
 .comment       0x00000043       0x44 ./Drivers/STM32F1xx_HAL_Driver/Src/stm32f1xx_hal_tim_ex.o
 .comment       0x00000043       0x44 ./Drivers/STM32F1xx_HAL_Driver/Src/stm32f1xx_hal_uart.o

.debug_frame    0x00000000     0x4da0
 .debug_frame   0x00000000      0xaec ./Core/Src/main.o
 .debug_frame   0x00000aec      0x178 ./Core/Src/stm32f1xx_hal_msp.o
 .debug_frame   0x00000c64      0x168 ./Core/Src/stm32f1xx_it.o
 .debug_frame   0x00000dcc       0x50 ./Core/Src/system_stm32f1xx.o
 .debug_frame   0x00000e1c      0x2e4 ./Drivers/STM32F1xx_HAL_Driver/Src/stm32f1xx_hal.o
 .debug_frame   0x00001100      0x3e0 ./Drivers/STM32F1xx_HAL_Driver/Src/stm32f1xx_hal_adc.o
 .debug_frame   0x000014e0      0x1f4 ./Drivers/STM32F1xx_HAL_Driver/Src/stm32f1xx_hal_adc_ex.o
 .debug_frame   0x000016d4      0x3f0 ./Drivers/STM32F1xx_HAL_Driver/Src/stm32f1xx_hal_cortex.o
 .debug_frame   0x00001ac4      0x1e8 ./Drivers/STM32F1xx_HAL_Driver/Src/stm32f1xx_hal_dma.o
 .debug_frame   0x00001cac      0x130 ./Drivers/STM32F1xx_HAL_Driver/Src/stm32f1xx_hal_gpio.o
 .debug_frame   0x00001ddc      0xbf4 ./Drivers/STM32F1xx_HAL_Driver/Src/stm32f1xx_hal_i2c.o
 .debug_frame   0x000029d0      0x1f8 ./Drivers/STM32F1xx_HAL_Driver/Src/stm32f1xx_hal_rcc.o
 .debug_frame   0x00002bc8       0x7c ./Drivers/STM32F1xx_HAL_Driver/Src/stm32f1xx_hal_rcc_ex.o
 .debug_frame   0x00002c44     0x10e8 ./Drivers/STM32F1xx_HAL_Driver/Src/stm32f1xx_hal_tim.o
 .debug_frame   0x00003d2c      0x600 ./Drivers/STM32F1xx_HAL_Driver/Src/stm32f1xx_hal_tim_ex.o
 .debug_frame   0x0000432c      0x8dc ./Drivers/STM32F1xx_HAL_Driver/Src/stm32f1xx_hal_uart.o
 .debug_frame   0x00004c08       0x20 C:/ST/STM32CubeIDE_2.2.0/STM32CubeIDE/plugins/com.st.stm32cube.ide.mcu.externaltools.gnu-tools-for-stm32.14.3.rel1.win32_1.0.100.202602081740/tools/bin/../lib/gcc/arm-none-eabi/14.3.1/../../../../arm-none-eabi/lib/thumb/v7-m/nofp\libc_nano.a(libc_a-memset.o)
 .debug_frame   0x00004c28       0x2c C:/ST/STM32CubeIDE_2.2.0/STM32CubeIDE/plugins/com.st.stm32cube.ide.mcu.externaltools.gnu-tools-for-stm32.14.3.rel1.win32_1.0.100.202602081740/tools/bin/../lib/gcc/arm-none-eabi/14.3.1/../../../../arm-none-eabi/lib/thumb/v7-m/nofp\libc_nano.a(libc_a-init.o)
 .debug_frame   0x00004c54       0x4c C:/ST/STM32CubeIDE_2.2.0/STM32CubeIDE/plugins/com.st.stm32cube.ide.mcu.externaltools.gnu-tools-for-stm32.14.3.rel1.win32_1.0.100.202602081740/tools/bin/../lib/gcc/arm-none-eabi/14.3.1/thumb/v7-m/nofp\libgcc.a(_arm_addsubsf3.o)
 .debug_frame   0x00004ca0       0x38 C:/ST/STM32CubeIDE_2.2.0/STM32CubeIDE/plugins/com.st.stm32cube.ide.mcu.externaltools.gnu-tools-for-stm32.14.3.rel1.win32_1.0.100.202602081740/tools/bin/../lib/gcc/arm-none-eabi/14.3.1/thumb/v7-m/nofp\libgcc.a(_arm_muldivsf3.o)
 .debug_frame   0x00004cd8       0xc8 C:/ST/STM32CubeIDE_2.2.0/STM32CubeIDE/plugins/com.st.stm32cube.ide.mcu.externaltools.gnu-tools-for-stm32.14.3.rel1.win32_1.0.100.202602081740/tools/bin/../lib/gcc/arm-none-eabi/14.3.1/thumb/v7-m/nofp\libgcc.a(_arm_cmpsf2.o)

.debug_line_str
                0x00000000       0x64
 .debug_line_str
                0x00000000       0x64 ./Core/Startup/startup_stm32f103c8tx.o
