../Core/Src/main.c:120:6:HAL_UART_RxCpltCallback	16	static
../Core/Src/main.c:159:6:HAL_TIM_IC_CaptureCallback	24	static
../Core/Src/main.c:172:6:HAL_GPIO_EXTI_Callback	16	static
../Core/Src/main.c:190:5:main	24	static
../Core/Src/main.c:390:6:SystemClock_Config	88	static
../Core/Src/main.c:437:13:MX_ADC1_Init	24	static
../Core/Src/main.c:484:13:MX_I2C1_Init	8	static
../Core/Src/main.c:518:13:MX_TIM1_Init	80	static
../Core/Src/main.c:583:13:MX_TIM2_Init	48	static
../Core/Src/main.c:641:13:MX_TIM3_Init	48	static
../Core/Src/main.c:690:13:MX_TIM4_Init	48	static
../Core/Src/main.c:739:13:MX_USART3_UART_Init	8	static
../Core/Src/main.c:772:13:MX_GPIO_Init	40	static
../Core/Src/main.c:827:6:TIM3_SetDutyPercent	16	static
../Core/Src/main.c:834:10:hex_scale_to_0_100	16	static
../Core/Src/main.c:848:6:save_reading	24	static
../Core/Src/main.c:931:6:send_loadings	8	static
../Core/Src/main.c:948:6:debouncing	8	static
../Core/Src/main.c:970:6:hv_adc_reading	8	static
../Core/Src/main.c:995:6:Error_Handler	4	static,ignoring_inline_asm
