../Core/Src/main.c:151:16:dwin_tx_low_quiet	8	static
../Core/Src/main.c:164:16:dwin_tx_page1_quiet	8	static
../Core/Src/main.c:177:16:dwin_tx_user_adjust_quiet	8	static
../Core/Src/main.c:284:13:dwin_rx_queue_push	24	static
../Core/Src/main.c:297:16:dwin_rx_queue_pop	24	static
../Core/Src/main.c:310:13:dwin_rx_collect_packets	16	static
../Core/Src/main.c:336:6:HAL_UART_RxCpltCallback	16	static
../Core/Src/main.c:347:6:HAL_GPIO_EXTI_Callback	16	static
../Core/Src/main.c:359:6:dwin_uart_rx_start	8	static
../Core/Src/main.c:368:6:dwin_rx_get_vp	64	static
../Core/Src/main.c:533:13:low_sync_display_vp	8	static
../Core/Src/main.c:538:13:send_variable_data_fast	40	static
../Core/Src/main.c:555:13:low_push_vps_fast	32	static
../Core/Src/main.c:572:13:low_apply_value	16	static
../Core/Src/main.c:597:13:low_vp1000_rx	16	static
../Core/Src/main.c:615:13:low_hold_service	4	static
../Core/Src/main.c:619:6:low_value_user_changed	16	static
../Core/Src/main.c:624:13:low_eeprom_flush	8	static
../Core/Src/main.c:638:13:low_display_flush	8	static
../Core/Src/main.c:649:13:low_handle_rx	16	static
../Core/Src/main.c:676:13:dwin_uart_send	24	static
../Core/Src/main.c:685:6:send_page_change	32	static
../Core/Src/main.c:699:6:dwin_boot_to_page	16	static
../Core/Src/main.c:705:6:send_variable_data	40	static
../Core/Src/main.c:721:6:dwin_set_var_icon	16	static
../Core/Src/main.c:727:6:send_var_icon_to_display	16	static
../Core/Src/main.c:741:13:send_var_icon_fast	16	static
../Core/Src/main.c:754:6:eeprom_save_current_page	32	static
../Core/Src/main.c:768:16:eeprom_parse_saved_page	16	static
../Core/Src/main.c:779:16:var_icon_from_mode_key	16	static
../Core/Src/main.c:792:16:var_icon_from_mode	16	static
../Core/Src/main.c:805:6:eeprom_read_var_icon	24	static
../Core/Src/main.c:845:6:eeprom_save_var_icon	32	static
../Core/Src/main.c:869:16:dwin_get_boot_page	4	static
../Core/Src/main.c:879:13:eeprom_read_saved_page	16	static
../Core/Src/main.c:903:6:eeprom_read_low_value	24	static
../Core/Src/main.c:937:6:eeprom_save_low_value	24	static
../Core/Src/main.c:950:16:i2c_eeprom_read16	32	static
../Core/Src/main.c:963:13:eeprom_apply_brightness	16	static
../Core/Src/main.c:974:13:eeprom_save_brightness	24	static
../Core/Src/main.c:982:6:eeprom_read_brightness	16	static
../Core/Src/main.c:1003:13:dwin_send_brightness_quick	16	static
../Core/Src/main.c:1012:6:dwin_send_brightness	24	static
../Core/Src/main.c:1029:13:dwin_disable_backlight_standby	24	static
../Core/Src/main.c:1035:13:brightness_user_changed	24	static
../Core/Src/main.c:1055:13:brightness_handle_rx	16	static
../Core/Src/main.c:1062:13:dwin_poll_brightness	16	static
../Core/Src/main.c:1077:6:dwin_refresh_brightness	8	static
../Core/Src/main.c:1086:6:eeprom_read_vp3003_value	8	static
../Core/Src/main.c:1127:16:vp3003_is_page_default	16	static
../Core/Src/main.c:1137:13:vp3003_stop_push	4	static
../Core/Src/main.c:1142:13:vp3003_apply_mode_key	32	static
../Core/Src/main.c:1159:16:vp3003_is_mode_return_key	16	static
../Core/Src/main.c:1163:13:var_icon_apply_return_key	40	static
../Core/Src/main.c:1198:13:vp3003_handle_page1_rx	16	static
../Core/Src/main.c:1234:6:vp3003_send_to_display	8	static
../Core/Src/main.c:1241:13:vp3003_send_to_display_force	16	static
../Core/Src/main.c:1251:13:vp3003_display_flush	8	static
../Core/Src/main.c:1262:13:vp3003_eeprom_flush	24	static
../Core/Src/main.c:1288:13:vp3003_push_display_burst	16	static
../Core/Src/main.c:1297:6:vp3003_user_changed	16	static
../Core/Src/main.c:1328:6:low_sync_both_vps	16	static
../Core/Src/main.c:1341:6:low_push_display_from_eeprom	8	static
../Core/Src/main.c:1347:6:low_send_to_display	8	static
../Core/Src/main.c:1351:13:dwin_arm_var_icon_timers	8	static
../Core/Src/main.c:1359:13:dwin_arm_page2_restore_timers	8	static
../Core/Src/main.c:1372:13:dwin_push_icon_from_eeprom	8	static
../Core/Src/main.c:1377:13:dwin_icon_burst_fast	16	static
../Core/Src/main.c:1384:13:dwin_icon_burst_from_eeprom	16	static
../Core/Src/main.c:1389:13:dwin_restore_var_icon_from_eeprom	16	static
../Core/Src/main.c:1399:13:dwin_push_page2_from_eeprom	8	static
../Core/Src/main.c:1407:13:dwin_restore_page_from_eeprom	16	static
../Core/Src/main.c:1422:13:dwin_show_settings_page	16	static
../Core/Src/main.c:1455:6:dwin_refresh_page2_values	8	static
../Core/Src/main.c:1463:6:dwin_refresh_page1_values	8	static
../Core/Src/main.c:1469:6:dwin_restore_saved_state	16	static
../Core/Src/main.c:1497:6:dwin_open_page1	8	static
../Core/Src/main.c:1501:6:dwin_open_page2	8	static
../Core/Src/main.c:1505:6:dwin_apply_boot_var_icon	8	static
../Core/Src/main.c:1516:5:main	24	static
../Core/Src/main.c:1788:6:SystemClock_Config	88	static
../Core/Src/main.c:1839:13:MX_ADC1_Init	24	static
../Core/Src/main.c:1889:13:MX_I2C1_Init	8	static
../Core/Src/main.c:1923:13:MX_TIM1_Init	80	static
../Core/Src/main.c:1988:13:MX_TIM3_Init	48	static
../Core/Src/main.c:2037:13:MX_TIM4_Init	48	static
../Core/Src/main.c:2086:13:MX_USART3_UART_Init	8	static
../Core/Src/main.c:2117:13:MX_DMA_Init	16	static
../Core/Src/main.c:2132:13:MX_GPIO_Init	40	static
../Core/Src/main.c:2180:16:var_icon_is_user_key	16	static
../Core/Src/main.c:2184:13:var_icon_user_changed	16	static
../Core/Src/main.c:2196:6:send_low_to_display	8	static
../Core/Src/main.c:2200:6:save_reading	32	static
../Core/Src/main.c:2323:6:send_loadings	8	static
../Core/Src/main.c:2343:6:debouncing	8	static
../Core/Src/main.c:2358:6:hv_adc_reading	8	static
../Core/Src/main.c:2384:6:bi_hi_pwm	16	static
../Core/Src/main.c:2426:6:lowfunction	24	static
../Core/Src/main.c:2544:6:Error_Handler	4	static,ignoring_inline_asm
