../Core/Src/main.c:147:16:dwin_tx_low_quiet	8	static
../Core/Src/main.c:160:16:dwin_tx_page1_quiet	8	static
../Core/Src/main.c:173:16:dwin_tx_user_adjust_quiet	8	static
../Core/Src/main.c:280:13:dwin_rx_queue_push	24	static
../Core/Src/main.c:293:16:dwin_rx_queue_pop	24	static
../Core/Src/main.c:306:13:dwin_rx_collect_packets	16	static
../Core/Src/main.c:332:6:HAL_UART_RxCpltCallback	16	static
../Core/Src/main.c:343:6:HAL_GPIO_EXTI_Callback	16	static
../Core/Src/main.c:355:6:dwin_uart_rx_start	8	static
../Core/Src/main.c:364:6:dwin_rx_get_vp	64	static
../Core/Src/main.c:529:13:low_sync_display_vp	8	static
../Core/Src/main.c:533:13:send_variable_data_fast	40	static
../Core/Src/main.c:551:13:low_push_vps_fast	16	static
../Core/Src/main.c:560:13:low_apply_value	16	static
../Core/Src/main.c:583:13:low_vp1000_rx	16	static
../Core/Src/main.c:606:13:low_hold_service	4	static
../Core/Src/main.c:610:6:low_value_user_changed	16	static
../Core/Src/main.c:615:13:low_eeprom_flush	8	static
../Core/Src/main.c:629:13:low_handle_rx	16	static
../Core/Src/main.c:655:13:dwin_uart_send	24	static
../Core/Src/main.c:663:6:send_page_change	32	static
../Core/Src/main.c:677:6:dwin_boot_to_page	16	static
../Core/Src/main.c:683:6:send_variable_data	40	static
../Core/Src/main.c:703:6:dwin_set_var_icon	16	static
../Core/Src/main.c:709:6:send_var_icon_to_display	16	static
../Core/Src/main.c:723:13:send_var_icon_fast	16	static
../Core/Src/main.c:736:6:eeprom_save_current_page	32	static
../Core/Src/main.c:750:16:eeprom_parse_saved_page	16	static
../Core/Src/main.c:761:16:var_icon_from_mode_key	16	static
../Core/Src/main.c:774:16:var_icon_from_mode	16	static
../Core/Src/main.c:787:6:eeprom_read_var_icon	24	static
../Core/Src/main.c:827:6:eeprom_save_var_icon	32	static
../Core/Src/main.c:851:16:dwin_get_boot_page	4	static
../Core/Src/main.c:861:13:eeprom_read_saved_page	16	static
../Core/Src/main.c:885:6:eeprom_read_low_value	24	static
../Core/Src/main.c:919:6:eeprom_save_low_value	24	static
../Core/Src/main.c:932:16:i2c_eeprom_read16	32	static
../Core/Src/main.c:945:13:eeprom_apply_brightness	16	static
../Core/Src/main.c:956:13:eeprom_save_brightness	24	static
../Core/Src/main.c:964:6:eeprom_read_brightness	16	static
../Core/Src/main.c:985:13:dwin_send_brightness_quick	16	static
../Core/Src/main.c:994:6:dwin_send_brightness	24	static
../Core/Src/main.c:1011:13:dwin_disable_backlight_standby	24	static
../Core/Src/main.c:1017:13:brightness_user_changed	24	static
../Core/Src/main.c:1037:13:brightness_handle_rx	16	static
../Core/Src/main.c:1044:13:dwin_poll_brightness	16	static
../Core/Src/main.c:1059:6:dwin_refresh_brightness	8	static
../Core/Src/main.c:1068:6:eeprom_read_vp3003_value	8	static
../Core/Src/main.c:1109:16:vp3003_is_page_default	16	static
../Core/Src/main.c:1119:13:vp3003_stop_push	4	static
../Core/Src/main.c:1124:13:vp3003_apply_mode_key	32	static
../Core/Src/main.c:1141:16:vp3003_is_mode_return_key	16	static
../Core/Src/main.c:1145:13:var_icon_apply_return_key	40	static
../Core/Src/main.c:1179:13:vp3003_handle_page1_rx	16	static
../Core/Src/main.c:1216:6:vp3003_send_to_display	8	static
../Core/Src/main.c:1223:13:vp3003_send_to_display_force	16	static
../Core/Src/main.c:1233:13:vp3003_push_display_burst	16	static
../Core/Src/main.c:1242:6:vp3003_user_changed	32	static
../Core/Src/main.c:1281:6:low_sync_both_vps	16	static
../Core/Src/main.c:1294:6:low_push_display_from_eeprom	8	static
../Core/Src/main.c:1300:6:low_send_to_display	8	static
../Core/Src/main.c:1304:13:dwin_arm_var_icon_timers	8	static
../Core/Src/main.c:1312:13:dwin_arm_page2_restore_timers	8	static
../Core/Src/main.c:1325:13:dwin_push_icon_from_eeprom	8	static
../Core/Src/main.c:1330:13:dwin_icon_burst_fast	16	static
../Core/Src/main.c:1337:13:dwin_icon_burst_from_eeprom	16	static
../Core/Src/main.c:1342:13:dwin_restore_var_icon_from_eeprom	16	static
../Core/Src/main.c:1352:13:dwin_push_page2_from_eeprom	8	static
../Core/Src/main.c:1360:13:dwin_restore_page_from_eeprom	16	static
../Core/Src/main.c:1375:13:dwin_show_settings_page	16	static
../Core/Src/main.c:1408:6:dwin_refresh_page2_values	8	static
../Core/Src/main.c:1416:6:dwin_refresh_page1_values	8	static
../Core/Src/main.c:1422:6:dwin_restore_saved_state	16	static
../Core/Src/main.c:1450:6:dwin_open_page1	8	static
../Core/Src/main.c:1454:6:dwin_open_page2	8	static
../Core/Src/main.c:1458:6:dwin_apply_boot_var_icon	8	static
../Core/Src/main.c:1469:5:main	24	static
../Core/Src/main.c:1736:6:SystemClock_Config	88	static
../Core/Src/main.c:1787:13:MX_ADC1_Init	24	static
../Core/Src/main.c:1837:13:MX_I2C1_Init	8	static
../Core/Src/main.c:1871:13:MX_TIM1_Init	80	static
../Core/Src/main.c:1936:13:MX_TIM3_Init	48	static
../Core/Src/main.c:1985:13:MX_TIM4_Init	48	static
../Core/Src/main.c:2034:13:MX_USART3_UART_Init	8	static
../Core/Src/main.c:2065:13:MX_DMA_Init	16	static
../Core/Src/main.c:2080:13:MX_GPIO_Init	40	static
../Core/Src/main.c:2128:16:var_icon_is_user_key	16	static
../Core/Src/main.c:2132:13:var_icon_user_changed	16	static
../Core/Src/main.c:2144:6:send_low_to_display	8	static
../Core/Src/main.c:2148:6:save_reading	32	static
../Core/Src/main.c:2271:6:send_loadings	8	static
../Core/Src/main.c:2291:6:debouncing	8	static
../Core/Src/main.c:2306:6:hv_adc_reading	8	static
../Core/Src/main.c:2332:6:bi_hi_pwm	16	static
../Core/Src/main.c:2374:6:lowfunction	24	static
../Core/Src/main.c:2492:6:Error_Handler	4	static,ignoring_inline_asm
