../Core/Src/main.c:226:6:HAL_UART_RxCpltCallback	24	static
../Core/Src/main.c:255:6:HAL_GPIO_EXTI_Callback	16	static
../Core/Src/main.c:267:6:dwin_uart_rx_start	8	static
../Core/Src/main.c:276:6:dwin_rx_get_vp	56	static
../Core/Src/main.c:420:6:low_value_user_changed	16	static
../Core/Src/main.c:453:13:low_handle_rx	16	static
../Core/Src/main.c:463:13:dwin_uart_send	24	static
../Core/Src/main.c:471:6:send_page_change	32	static
../Core/Src/main.c:485:6:dwin_boot_to_page	16	static
../Core/Src/main.c:491:6:send_variable_data	32	static
../Core/Src/main.c:500:6:dwin_set_var_icon	16	static
../Core/Src/main.c:506:6:send_var_icon_to_display	16	static
../Core/Src/main.c:517:13:send_var_icon_fast	16	static
../Core/Src/main.c:527:6:eeprom_save_current_page	32	static
../Core/Src/main.c:541:16:eeprom_parse_saved_page	16	static
../Core/Src/main.c:552:16:var_icon_from_mode_key	16	static
../Core/Src/main.c:565:16:var_icon_from_mode	16	static
../Core/Src/main.c:578:6:eeprom_read_var_icon	24	static
../Core/Src/main.c:618:6:eeprom_save_var_icon	32	static
../Core/Src/main.c:642:16:dwin_get_boot_page	4	static
../Core/Src/main.c:652:13:eeprom_read_saved_page	16	static
../Core/Src/main.c:676:6:eeprom_read_low_value	24	static
../Core/Src/main.c:710:6:eeprom_save_low_value	24	static
../Core/Src/main.c:723:16:i2c_eeprom_read16	32	static
../Core/Src/main.c:736:13:eeprom_apply_brightness	16	static
../Core/Src/main.c:747:13:eeprom_save_brightness	24	static
../Core/Src/main.c:755:6:eeprom_read_brightness	16	static
../Core/Src/main.c:776:13:dwin_send_brightness_quick	16	static
../Core/Src/main.c:785:6:dwin_send_brightness	24	static
../Core/Src/main.c:802:13:dwin_disable_backlight_standby	24	static
../Core/Src/main.c:808:13:brightness_user_changed	24	static
../Core/Src/main.c:828:13:brightness_handle_rx	16	static
../Core/Src/main.c:835:13:dwin_poll_brightness	16	static
../Core/Src/main.c:850:6:dwin_refresh_brightness	8	static
../Core/Src/main.c:859:6:eeprom_read_vp3003_value	24	static
../Core/Src/main.c:916:6:eeprom_save_vp3003_value	24	static
../Core/Src/main.c:929:16:vp3003_is_page_default	16	static
../Core/Src/main.c:942:13:vp3003_stop_push	4	static
../Core/Src/main.c:947:13:vp3003_apply_mode_key	32	static
../Core/Src/main.c:963:16:vp3003_is_mode_return_key	16	static
../Core/Src/main.c:967:13:var_icon_apply_return_key	40	static
../Core/Src/main.c:1000:13:vp3003_handle_page1_rx	16	static
../Core/Src/main.c:1016:6:vp3003_send_to_display	8	static
../Core/Src/main.c:1022:6:vp3003_user_changed	32	static
../Core/Src/main.c:1068:6:low_sync_both_vps	16	static
../Core/Src/main.c:1078:6:low_push_display_from_eeprom	8	static
../Core/Src/main.c:1084:6:low_send_to_display	8	static
../Core/Src/main.c:1088:13:dwin_arm_var_icon_timers	8	static
../Core/Src/main.c:1096:13:dwin_arm_page2_restore_timers	8	static
../Core/Src/main.c:1103:13:dwin_push_icon_from_eeprom	8	static
../Core/Src/main.c:1108:13:dwin_icon_burst_fast	16	static
../Core/Src/main.c:1115:13:dwin_icon_burst_from_eeprom	16	static
../Core/Src/main.c:1120:13:dwin_restore_var_icon_from_eeprom	16	static
../Core/Src/main.c:1130:13:dwin_push_page2_from_eeprom	8	static
../Core/Src/main.c:1138:13:dwin_restore_page_from_eeprom	16	static
../Core/Src/main.c:1153:13:dwin_show_settings_page	16	static
../Core/Src/main.c:1186:6:dwin_refresh_page2_values	8	static
../Core/Src/main.c:1194:6:dwin_refresh_page1_values	8	static
../Core/Src/main.c:1200:6:dwin_restore_saved_state	16	static
../Core/Src/main.c:1228:6:dwin_open_page1	8	static
../Core/Src/main.c:1232:6:dwin_open_page2	8	static
../Core/Src/main.c:1236:6:dwin_apply_boot_var_icon	8	static
../Core/Src/main.c:1247:5:main	16	static
../Core/Src/main.c:1465:6:SystemClock_Config	88	static
../Core/Src/main.c:1516:13:MX_ADC1_Init	24	static
../Core/Src/main.c:1566:13:MX_I2C1_Init	8	static
../Core/Src/main.c:1600:13:MX_TIM1_Init	80	static
../Core/Src/main.c:1665:13:MX_TIM3_Init	48	static
../Core/Src/main.c:1714:13:MX_TIM4_Init	48	static
../Core/Src/main.c:1763:13:MX_USART3_UART_Init	8	static
../Core/Src/main.c:1794:13:MX_DMA_Init	16	static
../Core/Src/main.c:1809:13:MX_GPIO_Init	40	static
../Core/Src/main.c:1857:16:var_icon_is_user_key	16	static
../Core/Src/main.c:1861:13:var_icon_user_changed	16	static
../Core/Src/main.c:1873:6:send_low_to_display	8	static
../Core/Src/main.c:1877:6:save_reading	32	static
../Core/Src/main.c:1986:6:send_loadings	8	static
../Core/Src/main.c:2006:6:debouncing	8	static
../Core/Src/main.c:2021:6:hv_adc_reading	8	static
../Core/Src/main.c:2047:6:bi_hi_pwm	16	static
../Core/Src/main.c:2089:6:lowfunction	24	static
../Core/Src/main.c:2207:6:Error_Handler	4	static,ignoring_inline_asm
